Archive member included to satisfy reference by file (symbol)

c:/tools/gcc/gcc-9.2-arm32-eabi/bin/../lib/gcc/arm-none-eabi/9.3.1/../../../../arm-none-eabi/lib/thumb/v7e-m+dp/hard\libc_nano.a(lib_a-exit.o)
                              c:/tools/gcc/gcc-9.2-arm32-eabi/bin/../lib/gcc/arm-none-eabi/9.3.1/../../../../arm-none-eabi/lib/thumb/v7e-m+dp/hard/crt0.o (exit)
c:/tools/gcc/gcc-9.2-arm32-eabi/bin/../lib/gcc/arm-none-eabi/9.3.1/../../../../arm-none-eabi/lib/thumb/v7e-m+dp/hard\libc_nano.a(lib_a-impure.o)
                              c:/tools/gcc/gcc-9.2-arm32-eabi/bin/../lib/gcc/arm-none-eabi/9.3.1/../../../../arm-none-eabi/lib/thumb/v7e-m+dp/hard\libc_nano.a(lib_a-exit.o) (_global_impure_ptr)
c:/tools/gcc/gcc-9.2-arm32-eabi/bin/../lib/gcc/arm-none-eabi/9.3.1/../../../../arm-none-eabi/lib/thumb/v7e-m+dp/hard\libc_nano.a(lib_a-init.o)
                              c:/tools/gcc/gcc-9.2-arm32-eabi/bin/../lib/gcc/arm-none-eabi/9.3.1/../../../../arm-none-eabi/lib/thumb/v7e-m+dp/hard/crt0.o (__libc_init_array)
c:/tools/gcc/gcc-9.2-arm32-eabi/bin/../lib/gcc/arm-none-eabi/9.3.1/../../../../arm-none-eabi/lib/thumb/v7e-m+dp/hard\libc_nano.a(lib_a-malloc.o)
                              build/main.o (malloc)
c:/tools/gcc/gcc-9.2-arm32-eabi/bin/../lib/gcc/arm-none-eabi/9.3.1/../../../../arm-none-eabi/lib/thumb/v7e-m+dp/hard\libc_nano.a(lib_a-memcpy-stub.o)
                              build/jcparam.o (memcpy)
c:/tools/gcc/gcc-9.2-arm32-eabi/bin/../lib/gcc/arm-none-eabi/9.3.1/../../../../arm-none-eabi/lib/thumb/v7e-m+dp/hard\libc_nano.a(lib_a-memmove.o)
                              build/main.o (memmove)
c:/tools/gcc/gcc-9.2-arm32-eabi/bin/../lib/gcc/arm-none-eabi/9.3.1/../../../../arm-none-eabi/lib/thumb/v7e-m+dp/hard\libc_nano.a(lib_a-memset.o)
                              c:/tools/gcc/gcc-9.2-arm32-eabi/bin/../lib/gcc/arm-none-eabi/9.3.1/../../../../arm-none-eabi/lib/thumb/v7e-m+dp/hard/crt0.o (memset)
c:/tools/gcc/gcc-9.2-arm32-eabi/bin/../lib/gcc/arm-none-eabi/9.3.1/../../../../arm-none-eabi/lib/thumb/v7e-m+dp/hard\libc_nano.a(lib_a-nano-freer.o)
                              c:/tools/gcc/gcc-9.2-arm32-eabi/bin/../lib/gcc/arm-none-eabi/9.3.1/../../../../arm-none-eabi/lib/thumb/v7e-m+dp/hard\libc_nano.a(lib_a-malloc.o) (_free_r)
c:/tools/gcc/gcc-9.2-arm32-eabi/bin/../lib/gcc/arm-none-eabi/9.3.1/../../../../arm-none-eabi/lib/thumb/v7e-m+dp/hard\libc_nano.a(lib_a-nano-mallocr.o)
                              c:/tools/gcc/gcc-9.2-arm32-eabi/bin/../lib/gcc/arm-none-eabi/9.3.1/../../../../arm-none-eabi/lib/thumb/v7e-m+dp/hard\libc_nano.a(lib_a-malloc.o) (_malloc_r)
c:/tools/gcc/gcc-9.2-arm32-eabi/bin/../lib/gcc/arm-none-eabi/9.3.1/../../../../arm-none-eabi/lib/thumb/v7e-m+dp/hard\libc_nano.a(lib_a-printf.o)
                              build/main.o (printf)
c:/tools/gcc/gcc-9.2-arm32-eabi/bin/../lib/gcc/arm-none-eabi/9.3.1/../../../../arm-none-eabi/lib/thumb/v7e-m+dp/hard\libc_nano.a(lib_a-realloc.o)
                              build/main.o (realloc)
c:/tools/gcc/gcc-9.2-arm32-eabi/bin/../lib/gcc/arm-none-eabi/9.3.1/../../../../arm-none-eabi/lib/thumb/v7e-m+dp/hard\libc_nano.a(lib_a-sbrkr.o)
                              c:/tools/gcc/gcc-9.2-arm32-eabi/bin/../lib/gcc/arm-none-eabi/9.3.1/../../../../arm-none-eabi/lib/thumb/v7e-m+dp/hard\libc_nano.a(lib_a-nano-mallocr.o) (_sbrk_r)
c:/tools/gcc/gcc-9.2-arm32-eabi/bin/../lib/gcc/arm-none-eabi/9.3.1/../../../../arm-none-eabi/lib/thumb/v7e-m+dp/hard\libc_nano.a(lib_a-setjmp.o)
                              build/main.o (setjmp)
c:/tools/gcc/gcc-9.2-arm32-eabi/bin/../lib/gcc/arm-none-eabi/9.3.1/../../../../arm-none-eabi/lib/thumb/v7e-m+dp/hard\libc_nano.a(lib_a-snprintf.o)
                              build/main.o (snprintf)
c:/tools/gcc/gcc-9.2-arm32-eabi/bin/../lib/gcc/arm-none-eabi/9.3.1/../../../../arm-none-eabi/lib/thumb/v7e-m+dp/hard\libc_nano.a(lib_a-sprintf.o)
                              build/main.o (sprintf)
c:/tools/gcc/gcc-9.2-arm32-eabi/bin/../lib/gcc/arm-none-eabi/9.3.1/../../../../arm-none-eabi/lib/thumb/v7e-m+dp/hard\libc_nano.a(lib_a-strcmp.o)
                              build/main.o (strcmp)
c:/tools/gcc/gcc-9.2-arm32-eabi/bin/../lib/gcc/arm-none-eabi/9.3.1/../../../../arm-none-eabi/lib/thumb/v7e-m+dp/hard\libc_nano.a(lib_a-strcpy.o)
                              build/main.o (strcpy)
c:/tools/gcc/gcc-9.2-arm32-eabi/bin/../lib/gcc/arm-none-eabi/9.3.1/../../../../arm-none-eabi/lib/thumb/v7e-m+dp/hard\libc_nano.a(lib_a-strlen.o)
                              build/main.o (strlen)
c:/tools/gcc/gcc-9.2-arm32-eabi/bin/../lib/gcc/arm-none-eabi/9.3.1/../../../../arm-none-eabi/lib/thumb/v7e-m+dp/hard\libc_nano.a(lib_a-strncmp.o)
                              build/main.o (strncmp)
c:/tools/gcc/gcc-9.2-arm32-eabi/bin/../lib/gcc/arm-none-eabi/9.3.1/../../../../arm-none-eabi/lib/thumb/v7e-m+dp/hard\libc_nano.a(lib_a-strtok.o)
                              build/main.o (strtok)
[...]
Memory Configuration

Name             Origin             Length             Attributes
DTCMRAM          0x20000000         0x00020000         xrw
RAM_D1_C         0x24000000         0x00060000         xrw
RAM_D1_NC        0x24060000         0x00020000         xrw
RAM_D2           0x30000000         0x00048000         xrw
RAM_D3           0x38000000         0x00010000         xrw
ITCMRAM          0x00000000         0x00010000         xrw
FLASH            0x08000000         0x00200000         xr
*default*        0x00000000         0xffffffff

Linker script and memory map

LOAD c:/tools/gcc/gcc-9.2-arm32-eabi/bin/../lib/gcc/arm-none-eabi/9.3.1/thumb/v7e-m+dp/hard/crti.o
LOAD c:/tools/gcc/gcc-9.2-arm32-eabi/bin/../lib/gcc/arm-none-eabi/9.3.1/thumb/v7e-m+dp/hard/crtbegin.o
LOAD c:/tools/gcc/gcc-9.2-arm32-eabi/bin/../lib/gcc/arm-none-eabi/9.3.1/../../../../arm-none-eabi/lib/thumb/v7e-m+dp/hard/crt0.o
LOAD build/main.o
LOAD build/gpio.o
LOAD build/dac.o
LOAD build/i2c.o
LOAD build/sdmmc.o
LOAD build/tim.o
LOAD build/stm32h7xx_it.o
LOAD build/stm32h7xx_hal_msp.o
LOAD build/bsp_driver_sd.o
LOAD build/sd_diskio.o
LOAD build/fatfs_platform.o
LOAD build/fatfs.o
LOAD build/libjpeg.o
LOAD build/jdata_conf.o
LOAD build/stm32h7xx_hal_cortex.o
LOAD build/stm32h7xx_hal_dac.o
LOAD build/stm32h7xx_hal_dac_ex.o
LOAD build/stm32h7xx_hal_rcc.o
LOAD build/stm32h7xx_hal_rcc_ex.o
LOAD build/stm32h7xx_hal_flash.o
LOAD build/stm32h7xx_hal_flash_ex.o
LOAD build/stm32h7xx_hal_gpio.o
LOAD build/stm32h7xx_hal_hsem.o
LOAD build/stm32h7xx_hal_dma.o
LOAD build/stm32h7xx_hal_dma_ex.o
LOAD build/stm32h7xx_hal_mdma.o
LOAD build/stm32h7xx_hal_pwr.o
LOAD build/stm32h7xx_hal_pwr_ex.o
LOAD build/stm32h7xx_hal.o
LOAD build/stm32h7xx_hal_i2c.o
LOAD build/stm32h7xx_hal_i2c_ex.o
LOAD build/stm32h7xx_hal_exti.o
LOAD build/stm32h7xx_ll_sdmmc.o
LOAD build/stm32h7xx_ll_delayblock.o
LOAD build/stm32h7xx_hal_sd.o
LOAD build/stm32h7xx_hal_sd_ex.o
LOAD build/stm32h7xx_hal_tim.o
LOAD build/stm32h7xx_hal_tim_ex.o
LOAD build/system_stm32h7xx.o
LOAD build/diskio.o
LOAD build/ff.o
LOAD build/ff_gen_drv.o
LOAD build/syscall.o
LOAD build/jcapimin.o
LOAD build/jcapistd.o
LOAD build/jdapimin.o
LOAD build/jdapistd.o
LOAD build/jcomapi.o
LOAD build/jcparam.o
LOAD build/jctrans.o
LOAD build/jdtrans.o
LOAD build/jcinit.o
LOAD build/jcmaster.o
LOAD build/jcmainct.o
LOAD build/jcprepct.o
LOAD build/jccoefct.o
LOAD build/jccolor.o
LOAD build/jcsample.o
LOAD build/jcdctmgr.o
LOAD build/jfdctint.o
LOAD build/jfdctfst.o
LOAD build/jfdctflt.o
LOAD build/jchuff.o
LOAD build/jcarith.o
LOAD build/jcmarker.o
LOAD build/jdatadst.o
LOAD build/jdmaster.o
LOAD build/jdinput.o
LOAD build/jdmainct.o
LOAD build/jdcoefct.o
LOAD build/jdpostct.o
LOAD build/jdmarker.o
LOAD build/jdhuff.o
LOAD build/jdarith.o
LOAD build/jddctmgr.o
LOAD build/jidctint.o
LOAD build/jidctfst.o
LOAD build/jidctflt.o
LOAD build/jdsample.o
LOAD build/jdcolor.o
LOAD build/jdmerge.o
LOAD build/jquant1.o
LOAD build/jquant2.o
LOAD build/jdatasrc.o
LOAD build/jaricom.o
LOAD build/jerror.o
LOAD build/jmemmgr.o
LOAD build/jutils.o
LOAD build/jmemnobs.o
LOAD build/matrix.o
LOAD build/glcdfont.o
LOAD build/startup_stm32h750xx.o
LOAD c:/tools/gcc/gcc-9.2-arm32-eabi/bin/../lib/gcc/arm-none-eabi/9.3.1/../../../../arm-none-eabi/lib/thumb/v7e-m+dp/hard\libc_nano.a
LOAD c:/tools/gcc/gcc-9.2-arm32-eabi/bin/../lib/gcc/arm-none-eabi/9.3.1/../../../../arm-none-eabi/lib/thumb/v7e-m+dp/hard\libm.a
LOAD c:/tools/gcc/gcc-9.2-arm32-eabi/bin/../lib/gcc/arm-none-eabi/9.3.1/../../../../arm-none-eabi/lib/thumb/v7e-m+dp/hard\libnosys.a
START GROUP
LOAD c:/tools/gcc/gcc-9.2-arm32-eabi/bin/../lib/gcc/arm-none-eabi/9.3.1/thumb/v7e-m+dp/hard\libgcc.a
LOAD c:/tools/gcc/gcc-9.2-arm32-eabi/bin/../lib/gcc/arm-none-eabi/9.3.1/../../../../arm-none-eabi/lib/thumb/v7e-m+dp/hard\libc_nano.a
END GROUP
START GROUP
LOAD c:/tools/gcc/gcc-9.2-arm32-eabi/bin/../lib/gcc/arm-none-eabi/9.3.1/thumb/v7e-m+dp/hard\libgcc.a
LOAD c:/tools/gcc/gcc-9.2-arm32-eabi/bin/../lib/gcc/arm-none-eabi/9.3.1/../../../../arm-none-eabi/lib/thumb/v7e-m+dp/hard\libc_nano.a
END GROUP
LOAD c:/tools/gcc/gcc-9.2-arm32-eabi/bin/../lib/gcc/arm-none-eabi/9.3.1/thumb/v7e-m+dp/hard/crtend.o
LOAD c:/tools/gcc/gcc-9.2-arm32-eabi/bin/../lib/gcc/arm-none-eabi/9.3.1/thumb/v7e-m+dp/hard/crtn.o
                0x2407ffff                _estack = 0x2407ffff
                0x00001000                _Min_Heap_Size = 0x1000
                0x00001000                _Min_Stack_Size = 0x1000

.isr_vector     0x08000000      0x298
                0x08000000                . = ALIGN (0x4)
 *(.isr_vector)
 .isr_vector    0x08000000      0x298 build/startup_stm32h750xx.o
                0x08000000                g_pfnVectors
                0x08000298                . = ALIGN (0x4)

.text           0x080002a0     0xd648
                0x080002a0                . = ALIGN (0x4)
 *(.text)
 .text          0x080002a0       0x40 c:/tools/gcc/gcc-9.2-arm32-eabi/bin/../lib/gcc/arm-none-eabi/9.3.1/thumb/v7e-m+dp/hard/crtbegin.o
 .text          0x080002e0       0x14 c:/tools/gcc/gcc-9.2-arm32-eabi/bin/../lib/gcc/arm-none-eabi/9.3.1/../../../../arm-none-eabi/lib/thumb/v7e-m+dp/hard\libc_nano.a(lib_a-strcmp.o)
                0x080002e0                strcmp
 *fill*         0x080002f4        0xc 
 .text          0x08000300       0xa0 c:/tools/gcc/gcc-9.2-arm32-eabi/bin/../lib/gcc/arm-none-eabi/9.3.1/../../../../arm-none-eabi/lib/thumb/v7e-m+dp/hard\libc_nano.a(lib_a-memchr.o)
                0x08000300                memchr
 *(.text*)
 .text.IRQ_DAC_ProcessAudio
                0x080003a0      0x22c build/main.o
                0x080003a0                IRQ_DAC_ProcessAudio
 .text.pop_noise_reduction
                0x080005cc       0x44 build/main.o
                0x080005cc                pop_noise_reduction
 .text.SD_ReadAviHeader
                0x08000610      0xf20 build/main.o
                0x08000610                SD_ReadAviHeader
 .text.SD_GetPlayList
                0x08001530      0x370 build/main.o
                0x08001530                SD_GetPlayList
 .text.SD_ReadAviStream
                0x080018a0      0x494 build/main.o
                0x080018a0                SD_ReadAviStream
 .text.SD_PlayAviVideo
                0x08001d34      0x4e0 build/main.o
                0x08001d34                SD_PlayAviVideo
 .text.SystemClock_Config
                0x08002214       0xb8 build/main.o
                0x08002214                SystemClock_Config
 .text.startup.main
                0x080022cc      0x568 build/main.o
                0x080022cc                main
 .text.Error_Handler
                0x08002834        0x4 build/main.o
                0x08002834                Error_Handler
 .text.MX_GPIO_Init
                0x08002838      0x214 build/gpio.o
                0x08002838                MX_GPIO_Init
 .text.MX_DAC1_Init
                0x08002a4c       0x64 build/dac.o
                0x08002a4c                MX_DAC1_Init
 .text.HAL_DAC_MspInit
                0x08002ab0       0x84 build/dac.o
                0x08002ab0                HAL_DAC_MspInit
 .text.MX_I2C4_Init
                0x08002b34       0x70 build/i2c.o
                0x08002b34                MX_I2C4_Init
 .text.HAL_I2C_MspInit
                0x08002ba4       0xa8 build/i2c.o
                0x08002ba4                HAL_I2C_MspInit
 .text.MX_SDMMC1_SD_Init
                0x08002c4c       0x2c build/sdmmc.o
                0x08002c4c                MX_SDMMC1_SD_Init
 .text.HAL_SD_MspInit
                0x08002c78       0xf0 build/sdmmc.o
                0x08002c78                HAL_SD_MspInit
 .text.MX_TIM2_Init
                0x08002d68       0xfc build/tim.o
                0x08002d68                MX_TIM2_Init
 .text.MX_TIM4_Init
                0x08002e64       0x78 build/tim.o
                0x08002e64                MX_TIM4_Init
 .text.MX_TIM6_Init
                0x08002edc       0x60 build/tim.o
                0x08002edc                MX_TIM6_Init
 .text.HAL_TIM_Base_MspInit
                0x08002f3c       0xa8 build/tim.o
                0x08002f3c                HAL_TIM_Base_MspInit
 .text.NMI_Handler
                0x08002fe4        0x4 build/stm32h7xx_it.o
                0x08002fe4                NMI_Handler
 .text.HardFault_Handler
                0x08002fe8        0x4 build/stm32h7xx_it.o
                0x08002fe8                HardFault_Handler
 .text.MemManage_Handler
                0x08002fec        0x4 build/stm32h7xx_it.o
                0x08002fec                MemManage_Handler
 .text.BusFault_Handler
                0x08002ff0        0x4 build/stm32h7xx_it.o
                0x08002ff0                BusFault_Handler
 .text.UsageFault_Handler
                0x08002ff4        0x4 build/stm32h7xx_it.o
                0x08002ff4                UsageFault_Handler
 .text.SVC_Handler
                0x08002ff8        0x4 build/stm32h7xx_it.o
                0x08002ff8                SVC_Handler
 .text.DebugMon_Handler
                0x08002ffc        0x4 build/stm32h7xx_it.o
                0x08002ffc                DebugMon_Handler
 .text.PendSV_Handler
                0x08003000        0x4 build/stm32h7xx_it.o
                0x08003000                PendSV_Handler
 .text.SysTick_Handler
                0x08003004        0x4 build/stm32h7xx_it.o
                0x08003004                SysTick_Handler
 .text.EXTI1_IRQHandler
                0x08003008        0x8 build/stm32h7xx_it.o
                0x08003008                EXTI1_IRQHandler
 .text.EXTI9_5_IRQHandler
                0x08003010        0x8 build/stm32h7xx_it.o
                0x08003010                EXTI9_5_IRQHandler
 .text.TIM4_IRQHandler
                0x08003018        0x4 build/stm32h7xx_it.o
                0x08003018                TIM4_IRQHandler
 .text.EXTI15_10_IRQHandler
                0x0800301c       0x18 build/stm32h7xx_it.o
                0x0800301c                EXTI15_10_IRQHandler
 .text.SDMMC1_IRQHandler
                0x08003034        0xc build/stm32h7xx_it.o
                0x08003034                SDMMC1_IRQHandler
 .text.TIM6_DAC_IRQHandler
                0x08003040        0x4 build/stm32h7xx_it.o
                0x08003040                TIM6_DAC_IRQHandler
 .text.HAL_MspInit
                0x08003044       0x24 build/stm32h7xx_hal_msp.o
                0x08003044                HAL_MspInit
 .text.BSP_SD_ReadBlocks_DMA
                0x08003068       0x20 build/bsp_driver_sd.o
                0x08003068                BSP_SD_ReadBlocks_DMA
 .text.BSP_SD_WriteBlocks_DMA
                0x08003088       0x20 build/bsp_driver_sd.o
                0x08003088                BSP_SD_WriteBlocks_DMA
 .text.BSP_SD_GetCardState
                0x080030a8       0x14 build/bsp_driver_sd.o
                0x080030a8                BSP_SD_GetCardState
 .text.BSP_SD_GetCardInfo
                0x080030bc        0xc build/bsp_driver_sd.o
                0x080030bc                BSP_SD_GetCardInfo
 .text.HAL_SD_TxCpltCallback
                0x080030c8        0x8 build/bsp_driver_sd.o
                0x080030c8                HAL_SD_TxCpltCallback
 .text.HAL_SD_RxCpltCallback
                0x080030d0        0x8 build/bsp_driver_sd.o
                0x080030d0                HAL_SD_RxCpltCallback
 .text.BSP_SD_IsDetected
                0x080030d8       0x20 build/bsp_driver_sd.o
                0x080030d8                BSP_SD_IsDetected
 .text.BSP_SD_Init
                0x080030f8       0x30 build/bsp_driver_sd.o
                0x080030f8                BSP_SD_Init
 .text.SD_initialize
                0x08003128       0x30 build/sd_diskio.o
                0x08003128                SD_initialize
 .text.SD_status
                0x08003158       0x20 build/sd_diskio.o
                0x08003158                SD_status
 .text.SD_ioctl
                0x08003178       0x5c build/sd_diskio.o
                0x08003178                SD_ioctl
 .text.SD_write
                0x080031d4       0x8c build/sd_diskio.o
                0x080031d4                SD_write
 .text.SD_read  0x08003260       0x88 build/sd_diskio.o
                0x08003260                SD_read
 .text.BSP_SD_WriteCpltCallback
                0x080032e8        0xc build/sd_diskio.o
                0x080032e8                BSP_SD_WriteCpltCallback
 .text.BSP_SD_ReadCpltCallback
                0x080032f4        0xc build/sd_diskio.o
                0x080032f4                BSP_SD_ReadCpltCallback
 .text.BSP_PlatformIsDetected
                0x08003300       0x18 build/fatfs_platform.o
                0x08003300                BSP_PlatformIsDetected
 .text.MX_FATFS_Init
                0x08003318       0x1c build/fatfs.o
                0x08003318                MX_FATFS_Init
 .text.get_fattime
                0x08003334        0x4 build/fatfs.o
                0x08003334                get_fattime
 .text.MX_LIBJPEG_Init
                0x08003338        0x4 build/libjpeg.o
                0x08003338                MX_LIBJPEG_Init
 .text.HAL_NVIC_SetPriorityGrouping
                0x0800333c       0x28 build/stm32h7xx_hal_cortex.o
                0x0800333c                HAL_NVIC_SetPriorityGrouping
 .text.HAL_NVIC_SetPriority
                0x08003364       0x74 build/stm32h7xx_hal_cortex.o
                0x08003364                HAL_NVIC_SetPriority
 .text.HAL_NVIC_EnableIRQ
                0x080033d8       0x1c build/stm32h7xx_hal_cortex.o
                0x080033d8                HAL_NVIC_EnableIRQ
 .text.HAL_SYSTICK_Config
                0x080033f4       0x30 build/stm32h7xx_hal_cortex.o
                0x080033f4                HAL_SYSTICK_Config
 .text.HAL_MPU_Disable
                0x08003424       0x20 build/stm32h7xx_hal_cortex.o
                0x08003424                HAL_MPU_Disable
 .text.HAL_MPU_Enable
                0x08003444       0x24 build/stm32h7xx_hal_cortex.o
                0x08003444                HAL_MPU_Enable
 .text.HAL_MPU_ConfigRegion
                0x08003468       0x50 build/stm32h7xx_hal_cortex.o
                0x08003468                HAL_MPU_ConfigRegion
 .text.HAL_DAC_Init
                0x080034b8       0x2c build/stm32h7xx_hal_dac.o
                0x080034b8                HAL_DAC_Init
 .text.HAL_DAC_Start
                0x080034e4       0x58 build/stm32h7xx_hal_dac.o
                0x080034e4                HAL_DAC_Start
 .text.HAL_DAC_Stop
                0x0800353c       0x20 build/stm32h7xx_hal_dac.o
                0x0800353c                HAL_DAC_Stop
 .text.HAL_DAC_SetValue
                0x0800355c       0x30 build/stm32h7xx_hal_dac.o
                0x0800355c                HAL_DAC_SetValue
 .text.HAL_DAC_ConfigChannel
                0x0800358c      0x154 build/stm32h7xx_hal_dac.o
                0x0800358c                HAL_DAC_ConfigChannel
 .text.HAL_RCC_GetSysClockFreq.part.0
                0x080036e0       0xf8 build/stm32h7xx_hal_rcc.o
 .text.HAL_RCC_OscConfig
                0x080037d8      0x5ec build/stm32h7xx_hal_rcc.o
                0x080037d8                HAL_RCC_OscConfig
 .text.HAL_RCC_GetSysClockFreq
                0x08003dc4      0x124 build/stm32h7xx_hal_rcc.o
                0x08003dc4                HAL_RCC_GetSysClockFreq
 .text.HAL_RCC_ClockConfig
                0x08003ee8      0x254 build/stm32h7xx_hal_rcc.o
                0x08003ee8                HAL_RCC_ClockConfig
 .text.HAL_RCC_GetHCLKFreq
                0x0800413c       0x74 build/stm32h7xx_hal_rcc.o
                0x0800413c                HAL_RCC_GetHCLKFreq
 .text.RCCEx_PLL2_Config
                0x080041b0       0xf8 build/stm32h7xx_hal_rcc_ex.o
 .text.RCCEx_PLL3_Config
                0x080042a8       0xf8 build/stm32h7xx_hal_rcc_ex.o
 .text.HAL_RCCEx_PeriphCLKConfig
                0x080043a0      0xaac build/stm32h7xx_hal_rcc_ex.o
                0x080043a0                HAL_RCCEx_PeriphCLKConfig
 .text.HAL_RCCEx_GetPLL2ClockFreq
                0x08004e4c      0x144 build/stm32h7xx_hal_rcc_ex.o
                0x08004e4c                HAL_RCCEx_GetPLL2ClockFreq
 .text.HAL_RCCEx_GetPLL3ClockFreq
                0x08004f90      0x144 build/stm32h7xx_hal_rcc_ex.o
                0x08004f90                HAL_RCCEx_GetPLL3ClockFreq
 .text.HAL_RCCEx_GetPLL1ClockFreq
                0x080050d4      0x144 build/stm32h7xx_hal_rcc_ex.o
                0x080050d4                HAL_RCCEx_GetPLL1ClockFreq
 .text.HAL_RCCEx_GetPeriphCLKFreq
                0x08005218      0x2fc build/stm32h7xx_hal_rcc_ex.o
                0x08005218                HAL_RCCEx_GetPeriphCLKFreq
 .text.HAL_GPIO_Init
                0x08005514      0x23c build/stm32h7xx_hal_gpio.o
                0x08005514                HAL_GPIO_Init
 .text.HAL_GPIO_ReadPin
                0x08005750        0xc build/stm32h7xx_hal_gpio.o
                0x08005750                HAL_GPIO_ReadPin
 .text.HAL_GPIO_WritePin
                0x0800575c        0x8 build/stm32h7xx_hal_gpio.o
                0x0800575c                HAL_GPIO_WritePin
 .text.HAL_GPIO_EXTI_Callback
                0x08005764        0x4 build/stm32h7xx_hal_gpio.o
                0x08005764                HAL_GPIO_EXTI_Callback
 .text.HAL_GPIO_EXTI_IRQHandler
                0x08005768       0x1c build/stm32h7xx_hal_gpio.o
                0x08005768                HAL_GPIO_EXTI_IRQHandler
 .text.HAL_PWREx_ConfigSupply
                0x08005784       0x4c build/stm32h7xx_hal_pwr_ex.o
                0x08005784                HAL_PWREx_ConfigSupply
 .text.HAL_InitTick
                0x080057d0       0x4c build/stm32h7xx_hal.o
                0x080057d0                HAL_InitTick
 .text.HAL_Init
                0x0800581c       0x60 build/stm32h7xx_hal.o
                0x0800581c                HAL_Init
 .text.HAL_IncTick
                0x0800587c       0x18 build/stm32h7xx_hal.o
                0x0800587c                HAL_IncTick
 .text.HAL_GetTick
                0x08005894        0xc build/stm32h7xx_hal.o
                0x08005894                HAL_GetTick
 .text.HAL_Delay
                0x080058a0       0x24 build/stm32h7xx_hal.o
                0x080058a0                HAL_Delay
 .text.HAL_GetREVID
                0x080058c4        0xc build/stm32h7xx_hal.o
                0x080058c4                HAL_GetREVID
 .text.HAL_I2C_Init
                0x080058d0       0xa8 build/stm32h7xx_hal_i2c.o
                0x080058d0                HAL_I2C_Init
 .text.HAL_I2CEx_ConfigAnalogFilter
                0x08005978       0x58 build/stm32h7xx_hal_i2c_ex.o
                0x08005978                HAL_I2CEx_ConfigAnalogFilter
 .text.HAL_I2CEx_ConfigDigitalFilter
                0x080059d0       0x54 build/stm32h7xx_hal_i2c_ex.o
                0x080059d0                HAL_I2CEx_ConfigDigitalFilter
 .text.SDMMC_Init
                0x08005a24       0x34 build/stm32h7xx_ll_sdmmc.o
                0x08005a24                SDMMC_Init
 .text.SDMMC_ReadFIFO
                0x08005a58        0x8 build/stm32h7xx_ll_sdmmc.o
                0x08005a58                SDMMC_ReadFIFO
 .text.SDMMC_WriteFIFO
                0x08005a60        0xc build/stm32h7xx_ll_sdmmc.o
                0x08005a60                SDMMC_WriteFIFO
 .text.SDMMC_PowerState_ON
                0x08005a6c       0x10 build/stm32h7xx_ll_sdmmc.o
                0x08005a6c                SDMMC_PowerState_ON
 .text.SDMMC_GetPowerState
                0x08005a7c        0x8 build/stm32h7xx_ll_sdmmc.o
                0x08005a7c                SDMMC_GetPowerState
 .text.SDMMC_GetResponse
                0x08005a84        0x8 build/stm32h7xx_ll_sdmmc.o
                0x08005a84                SDMMC_GetResponse
 .text.SDMMC_ConfigData
                0x08005a8c       0x2c build/stm32h7xx_ll_sdmmc.o
                0x08005a8c                SDMMC_ConfigData
 .text.SDMMC_CmdBlockLength
                0x08005ab8      0x148 build/stm32h7xx_ll_sdmmc.o
                0x08005ab8                SDMMC_CmdBlockLength
 .text.SDMMC_CmdReadSingleBlock
                0x08005c00      0x148 build/stm32h7xx_ll_sdmmc.o
                0x08005c00                SDMMC_CmdReadSingleBlock
 .text.SDMMC_CmdReadMultiBlock
                0x08005d48      0x148 build/stm32h7xx_ll_sdmmc.o
                0x08005d48                SDMMC_CmdReadMultiBlock
 .text.SDMMC_CmdWriteSingleBlock
                0x08005e90      0x148 build/stm32h7xx_ll_sdmmc.o
                0x08005e90                SDMMC_CmdWriteSingleBlock
 .text.SDMMC_CmdWriteMultiBlock
                0x08005fd8      0x148 build/stm32h7xx_ll_sdmmc.o
                0x08005fd8                SDMMC_CmdWriteMultiBlock
 .text.SDMMC_CmdStopTransfer
                0x08006120      0x214 build/stm32h7xx_ll_sdmmc.o
                0x08006120                SDMMC_CmdStopTransfer
 .text.SDMMC_CmdSelDesel
                0x08006334      0x148 build/stm32h7xx_ll_sdmmc.o
                0x08006334                SDMMC_CmdSelDesel
 .text.SDMMC_CmdGoIdleState
                0x0800647c       0x58 build/stm32h7xx_ll_sdmmc.o
                0x0800647c                SDMMC_CmdGoIdleState
 .text.SDMMC_CmdOperCond
                0x080064d4       0x7c build/stm32h7xx_ll_sdmmc.o
                0x080064d4                SDMMC_CmdOperCond
 .text.SDMMC_CmdAppCommand
                0x08006550      0x148 build/stm32h7xx_ll_sdmmc.o
                0x08006550                SDMMC_CmdAppCommand
 .text.SDMMC_CmdAppOperCommand
                0x08006698       0x70 build/stm32h7xx_ll_sdmmc.o
                0x08006698                SDMMC_CmdAppOperCommand
 .text.SDMMC_CmdBusWidth
                0x08006708      0x148 build/stm32h7xx_ll_sdmmc.o
                0x08006708                SDMMC_CmdBusWidth
 .text.SDMMC_CmdSendSCR
                0x08006850      0x14c build/stm32h7xx_ll_sdmmc.o
                0x08006850                SDMMC_CmdSendSCR
 .text.SDMMC_CmdSendCID
                0x0800699c       0x78 build/stm32h7xx_ll_sdmmc.o
                0x0800699c                SDMMC_CmdSendCID
 .text.SDMMC_CmdSendCSD
                0x08006a14       0x74 build/stm32h7xx_ll_sdmmc.o
                0x08006a14                SDMMC_CmdSendCSD
 .text.SDMMC_CmdSetRelAdd
                0x08006a88       0xac build/stm32h7xx_ll_sdmmc.o
                0x08006a88                SDMMC_CmdSetRelAdd
 .text.SDMMC_CmdSendStatus
                0x08006b34      0x148 build/stm32h7xx_ll_sdmmc.o
                0x08006b34                SDMMC_CmdSendStatus
 .text.SDMMC_CmdStatusRegister
                0x08006c7c      0x14c build/stm32h7xx_ll_sdmmc.o
                0x08006c7c                SDMMC_CmdStatusRegister
 .text.SD_FindSCR
                0x08006dc8       0xdc build/stm32h7xx_hal_sd.o
 .text.HAL_SD_ReadBlocks_DMA
                0x08006ea4       0xf8 build/stm32h7xx_hal_sd.o
                0x08006ea4                HAL_SD_ReadBlocks_DMA
 .text.HAL_SD_WriteBlocks_DMA
                0x08006f9c       0xf8 build/stm32h7xx_hal_sd.o
                0x08006f9c                HAL_SD_WriteBlocks_DMA
 .text.HAL_SD_ErrorCallback
                0x08007094        0x4 build/stm32h7xx_hal_sd.o
                0x08007094                HAL_SD_ErrorCallback
 .text.HAL_SD_GetCardCSD
                0x08007098      0x174 build/stm32h7xx_hal_sd.o
                0x08007098                HAL_SD_GetCardCSD
 .text.HAL_SD_InitCard
                0x0800720c      0x240 build/stm32h7xx_hal_sd.o
                0x0800720c                HAL_SD_InitCard
 .text.HAL_SD_GetCardStatus
                0x0800744c      0x1a0 build/stm32h7xx_hal_sd.o
                0x0800744c                HAL_SD_GetCardStatus
 .text.HAL_SD_GetCardInfo
                0x080075ec       0x28 build/stm32h7xx_hal_sd.o
                0x080075ec                HAL_SD_GetCardInfo
 .text.HAL_SD_ConfigWideBusOperation
                0x08007614      0x1bc build/stm32h7xx_hal_sd.o
                0x08007614                HAL_SD_ConfigWideBusOperation
 .text.HAL_SD_Init
                0x080077d0       0xc8 build/stm32h7xx_hal_sd.o
                0x080077d0                HAL_SD_Init
 .text.HAL_SD_GetCardState
                0x08007898       0x28 build/stm32h7xx_hal_sd.o
                0x08007898                HAL_SD_GetCardState
 .text.HAL_SDEx_Read_DMADoubleBuf0CpltCallback
                0x080078c0        0x4 build/stm32h7xx_hal_sd.o
                0x080078c0                HAL_SDEx_Read_DMADoubleBuf0CpltCallback
 .text.HAL_SDEx_Read_DMADoubleBuf1CpltCallback
                0x080078c4        0x4 build/stm32h7xx_hal_sd.o
                0x080078c4                HAL_SDEx_Read_DMADoubleBuf1CpltCallback
 .text.HAL_SDEx_Write_DMADoubleBuf0CpltCallback
                0x080078c8        0x4 build/stm32h7xx_hal_sd.o
                0x080078c8                HAL_SDEx_Write_DMADoubleBuf0CpltCallback
 .text.HAL_SDEx_Write_DMADoubleBuf1CpltCallback
                0x080078cc        0x4 build/stm32h7xx_hal_sd.o
                0x080078cc                HAL_SDEx_Write_DMADoubleBuf1CpltCallback
 .text.HAL_SD_IRQHandler
                0x080078d0      0x290 build/stm32h7xx_hal_sd.o
                0x080078d0                HAL_SD_IRQHandler
 .text.TIM_OC1_SetConfig
                0x08007b60       0x80 build/stm32h7xx_hal_tim.o
 .text.TIM_OC3_SetConfig
                0x08007be0       0x84 build/stm32h7xx_hal_tim.o
 .text.HAL_TIM_Base_Init
                0x08007c64      0x15c build/stm32h7xx_hal_tim.o
                0x08007c64                HAL_TIM_Base_Init
 .text.HAL_TIM_Base_Start_IT
                0x08007dc0       0xac build/stm32h7xx_hal_tim.o
                0x08007dc0                HAL_TIM_Base_Start_IT
 .text.HAL_TIM_PWM_MspInit
                0x08007e6c        0x4 build/stm32h7xx_hal_tim.o
                0x08007e6c                HAL_TIM_PWM_MspInit
 .text.HAL_TIM_PWM_Init
                0x08007e70      0x15c build/stm32h7xx_hal_tim.o
                0x08007e70                HAL_TIM_PWM_Init
 .text.HAL_TIM_PWM_Start
                0x08007fcc      0x150 build/stm32h7xx_hal_tim.o
                0x08007fcc                HAL_TIM_PWM_Start
 .text.HAL_TIM_ConfigClockSource
                0x0800811c      0x17c build/stm32h7xx_hal_tim.o
                0x0800811c                HAL_TIM_ConfigClockSource
 .text.TIM_OC2_SetConfig
                0x08008298       0x88 build/stm32h7xx_hal_tim.o
                0x08008298                TIM_OC2_SetConfig
 .text.HAL_TIM_PWM_ConfigChannel
                0x08008320      0x24c build/stm32h7xx_hal_tim.o
                0x08008320                HAL_TIM_PWM_ConfigChannel
 .text.HAL_TIMEx_MasterConfigSynchronization
                0x0800856c       0xa8 build/stm32h7xx_hal_tim_ex.o
                0x0800856c                HAL_TIMEx_MasterConfigSynchronization
 .text.SystemInit
                0x08008614       0x80 build/system_stm32h7xx.o
                0x08008614                SystemInit
 .text.disk_status
                0x08008694       0x14 build/diskio.o
                0x08008694                disk_status
 .text.disk_initialize
                0x080086a8       0x28 build/diskio.o
                0x080086a8                disk_initialize
 .text.disk_read
                0x080086d0       0x1c build/diskio.o
                0x080086d0                disk_read
 .text.disk_write
                0x080086ec       0x1c build/diskio.o
                0x080086ec                disk_write
 .text.disk_ioctl
                0x08008708       0x1c build/diskio.o
                0x08008708                disk_ioctl
 .text.get_fileinfo.isra.0.part.0
                0x08008724      0x134 build/ff.o
 .text.move_window.part.0
                0x08008858       0x74 build/ff.o
 .text.put_fat.part.0
                0x080088cc      0x184 build/ff.o
 .text.get_fat.isra.0
                0x08008a50      0x10c build/ff.o
 .text.sync_fs  0x08008b5c       0xe4 build/ff.o
 .text.create_chain
                0x08008c40      0x1e0 build/ff.o
 .text.check_fs
                0x08008e20       0xac build/ff.o
 .text.find_volume
                0x08008ecc      0x424 build/ff.o
 .text.dir_sdi.constprop.0
                0x080092f0      0x170 build/ff.o
 .text.follow_path
                0x08009460      0x348 build/ff.o
 .text.dir_register
                0x080097a8      0x338 build/ff.o
 .text.remove_chain
                0x08009ae0      0x184 build/ff.o
 .text.f_mount  0x08009c64       0x90 build/ff.o
                0x08009c64                f_mount
 .text.f_open   0x08009cf4      0x420 build/ff.o
                0x08009cf4                f_open
 .text.f_read   0x0800a114      0x2e0 build/ff.o
                0x0800a114                f_read
 .text.f_write  0x0800a3f4      0x354 build/ff.o
                0x0800a3f4                f_write
 .text.f_close  0x0800a748      0x120 build/ff.o
                0x0800a748                f_close
 .text.f_lseek  0x0800a868      0x40c build/ff.o
                0x0800a868                f_lseek
 .text.f_stat   0x0800ac74       0x4c build/ff.o
                0x0800ac74                f_stat
 .text.f_getfree
                0x0800acc0       0xf8 build/ff.o
                0x0800acc0                f_getfree
 .text.f_gets   0x0800adb8       0x5c build/ff.o
                0x0800adb8                f_gets
 .text.FATFS_LinkDriver
                0x0800ae14       0x48 build/ff_gen_drv.o
                0x0800ae14                FATFS_LinkDriver
 .text.MATRIX_Init
                0x0800ae5c       0x40 build/matrix.o
                0x0800ae5c                MATRIX_Init
 .text.IRQ_ProcessMonitor
                0x0800ae9c      0x7a4 build/matrix.o
                0x0800ae9c                IRQ_ProcessMonitor
 .text.MATRIX_getBrightness
                0x0800b640        0xc build/matrix.o
                0x0800b640                MATRIX_getBrightness
 .text.MATRIX_WritePixel
                0x0800b64c       0x30 build/matrix.o
                0x0800b64c                MATRIX_WritePixel
 .text.MATRIX_FillScreen
                0x0800b67c       0x48 build/matrix.o
                0x0800b67c                MATRIX_FillScreen
 .text.MATRIX_DrawChar
                0x0800b6c4      0xa28 build/matrix.o
                0x0800b6c4                MATRIX_DrawChar
 .text.MATRIX_SetTextSize
                0x0800c0ec       0x14 build/matrix.o
                0x0800c0ec                MATRIX_SetTextSize
 .text.MATRIX_Printf
                0x0800c100      0x164 build/matrix.o
                0x0800c100                MATRIX_Printf
 .text.MATRIX_SetCursor
                0x0800c264        0xc build/matrix.o
                0x0800c264                MATRIX_SetCursor
 .text.Reset_Handler
                0x0800c270       0x98 build/startup_stm32h750xx.o
                0x0800c270                Reset_Handler
 .text.Default_Handler
                0x0800c308        0x2 build/startup_stm32h750xx.o
                0x0800c308                RTC_Alarm_IRQHandler
                0x0800c308                HASH_RNG_IRQHandler
                0x0800c308                EXTI2_IRQHandler
                0x0800c308                TIM8_CC_IRQHandler
                0x0800c308                HRTIM1_Master_IRQHandler
                0x0800c308                UART8_IRQHandler
                0x0800c308                SPI4_IRQHandler
                0x0800c308                TIM1_CC_IRQHandler
                0x0800c308                BDMA_Channel6_IRQHandler
                0x0800c308                DMA2_Stream5_IRQHandler
                0x0800c308                HRTIM1_FLT_IRQHandler
                0x0800c308                JPEG_IRQHandler
                0x0800c308                DMA1_Stream5_IRQHandler
                0x0800c308                BDMA_Channel1_IRQHandler
                0x0800c308                HRTIM1_TIMD_IRQHandler
                0x0800c308                TAMP_STAMP_IRQHandler
                0x0800c308                EXTI3_IRQHandler
                0x0800c308                LPTIM4_IRQHandler
                0x0800c308                TIM8_TRG_COM_TIM14_IRQHandler
                0x0800c308                LPTIM2_IRQHandler
                0x0800c308                DFSDM1_FLT1_IRQHandler
                0x0800c308                DMAMUX2_OVR_IRQHandler
                0x0800c308                TIM8_UP_TIM13_IRQHandler
                0x0800c308                I2C3_ER_IRQHandler
                0x0800c308                DFSDM1_FLT2_IRQHandler
                0x0800c308                MDMA_IRQHandler
                0x0800c308                LPTIM3_IRQHandler
                0x0800c308                HSEM1_IRQHandler
                0x0800c308                EXTI0_IRQHandler
                0x0800c308                I2C2_EV_IRQHandler
                0x0800c308                DMA1_Stream2_IRQHandler
                0x0800c308                FPU_IRQHandler
                0x0800c308                OTG_HS_WKUP_IRQHandler
                0x0800c308                FDCAN1_IT1_IRQHandler
                0x0800c308                LTDC_ER_IRQHandler
                0x0800c308                DMA2_Stream2_IRQHandler
                0x0800c308                HRTIM1_TIME_IRQHandler
                0x0800c308                SPI1_IRQHandler
                0x0800c308                DCMI_IRQHandler
                0x0800c308                HRTIM1_TIMC_IRQHandler
                0x0800c308                DMA2_Stream3_IRQHandler
                0x0800c308                SAI2_IRQHandler
                0x0800c308                DFSDM1_FLT3_IRQHandler
                0x0800c308                USART6_IRQHandler
                0x0800c308                TIM17_IRQHandler
                0x0800c308                USART3_IRQHandler
                0x0800c308                BDMA_Channel7_IRQHandler
                0x0800c308                CRYP_IRQHandler
                0x0800c308                LPTIM5_IRQHandler
                0x0800c308                UART5_IRQHandler
                0x0800c308                ADC3_IRQHandler
                0x0800c308                DMA2_Stream0_IRQHandler
                0x0800c308                BDMA_Channel2_IRQHandler
                0x0800c308                QUADSPI_IRQHandler
                0x0800c308                I2C1_EV_IRQHandler
                0x0800c308                DMA1_Stream6_IRQHandler
                0x0800c308                DMAMUX1_OVR_IRQHandler
                0x0800c308                DMA1_Stream1_IRQHandler
                0x0800c308                TIM16_IRQHandler
                0x0800c308                UART4_IRQHandler
                0x0800c308                BDMA_Channel5_IRQHandler
                0x0800c308                TIM3_IRQHandler
                0x0800c308                RCC_IRQHandler
                0x0800c308                TIM8_BRK_TIM12_IRQHandler
                0x0800c308                TIM1_TRG_COM_IRQHandler
                0x0800c308                Default_Handler
                0x0800c308                ECC_IRQHandler
                0x0800c308                CEC_IRQHandler
                0x0800c308                BDMA_Channel0_IRQHandler
                0x0800c308                ADC_IRQHandler
                0x0800c308                DMA1_Stream7_IRQHandler
                0x0800c308                HRTIM1_TIMA_IRQHandler
                0x0800c308                SPI5_IRQHandler
                0x0800c308                TIM7_IRQHandler
                0x0800c308                TIM5_IRQHandler
                0x0800c308                DMA2_Stream7_IRQHandler
                0x0800c308                TIM15_IRQHandler
                0x0800c308                PVD_AVD_IRQHandler
                0x0800c308                I2C3_EV_IRQHandler
                0x0800c308                RTC_WKUP_IRQHandler
                0x0800c308                LTDC_IRQHandler
                0x0800c308                SAI3_IRQHandler
                0x0800c308                ETH_WKUP_IRQHandler
                0x0800c308                SPDIF_RX_IRQHandler
                0x0800c308                SPI2_IRQHandler
                0x0800c308                OTG_HS_EP1_IN_IRQHandler
                0x0800c308                DMA1_Stream0_IRQHandler
                0x0800c308                CRS_IRQHandler
                0x0800c308                EXTI4_IRQHandler
                0x0800c308                HRTIM1_TIMB_IRQHandler
                0x0800c308                FDCAN2_IT1_IRQHandler
                0x0800c308                ETH_IRQHandler
                0x0800c308                TIM1_UP_IRQHandler
                0x0800c308                BDMA_Channel4_IRQHandler
                0x0800c308                OTG_HS_EP1_OUT_IRQHandler
                0x0800c308                WWDG_IRQHandler
                0x0800c308                SPI6_IRQHandler
                0x0800c308                MDIOS_IRQHandler
                0x0800c308                I2C4_EV_IRQHandler
                0x0800c308                FDCAN2_IT0_IRQHandler
                0x0800c308                LPUART1_IRQHandler
                0x0800c308                FDCAN1_IT0_IRQHandler
                0x0800c308                TIM2_IRQHandler
                0x0800c308                OTG_FS_WKUP_IRQHandler
                0x0800c308                OTG_HS_IRQHandler
                0x0800c308                DMA2D_IRQHandler
                0x0800c308                TIM1_BRK_IRQHandler
                0x0800c308                SDMMC2_IRQHandler
                0x0800c308                OTG_FS_EP1_OUT_IRQHandler
                0x0800c308                BDMA_Channel3_IRQHandler
                0x0800c308                UART7_IRQHandler
                0x0800c308                MDIOS_WKUP_IRQHandler
                0x0800c308                USART2_IRQHandler
                0x0800c308                DFSDM1_FLT0_IRQHandler
                0x0800c308                SAI4_IRQHandler
                0x0800c308                I2C2_ER_IRQHandler
                0x0800c308                DMA2_Stream1_IRQHandler
                0x0800c308                FLASH_IRQHandler
                0x0800c308                DMA2_Stream4_IRQHandler
                0x0800c308                USART1_IRQHandler
                0x0800c308                OTG_FS_IRQHandler
                0x0800c308                SPI3_IRQHandler
                0x0800c308                WAKEUP_PIN_IRQHandler
                0x0800c308                DMA1_Stream4_IRQHandler
                0x0800c308                OTG_FS_EP1_IN_IRQHandler
                0x0800c308                I2C1_ER_IRQHandler
                0x0800c308                FMC_IRQHandler
                0x0800c308                FDCAN_CAL_IRQHandler
                0x0800c308                SWPMI1_IRQHandler
                0x0800c308                COMP1_IRQHandler
                0x0800c308                LPTIM1_IRQHandler
                0x0800c308                I2C4_ER_IRQHandler
                0x0800c308                DMA2_Stream6_IRQHandler
                0x0800c308                SAI1_IRQHandler
                0x0800c308                DMA1_Stream3_IRQHandler
 *fill*         0x0800c30a        0x2 
 .text.__libc_init_array
                0x0800c30c       0x48 c:/tools/gcc/gcc-9.2-arm32-eabi/bin/../lib/gcc/arm-none-eabi/9.3.1/../../../../arm-none-eabi/lib/thumb/v7e-m+dp/hard\libc_nano.a(lib_a-init.o)
                0x0800c30c                __libc_init_array
 .text.malloc   0x0800c354       0x10 c:/tools/gcc/gcc-9.2-arm32-eabi/bin/../lib/gcc/arm-none-eabi/9.3.1/../../../../arm-none-eabi/lib/thumb/v7e-m+dp/hard\libc_nano.a(lib_a-malloc.o)
                0x0800c354                malloc
 .text.free     0x0800c364       0x10 c:/tools/gcc/gcc-9.2-arm32-eabi/bin/../lib/gcc/arm-none-eabi/9.3.1/../../../../arm-none-eabi/lib/thumb/v7e-m+dp/hard\libc_nano.a(lib_a-malloc.o)
                0x0800c364                free
 .text.memcpy   0x0800c374       0x1c c:/tools/gcc/gcc-9.2-arm32-eabi/bin/../lib/gcc/arm-none-eabi/9.3.1/../../../../arm-none-eabi/lib/thumb/v7e-m+dp/hard\libc_nano.a(lib_a-memcpy-stub.o)
                0x0800c374                memcpy
 .text.memmove  0x0800c390       0x34 c:/tools/gcc/gcc-9.2-arm32-eabi/bin/../lib/gcc/arm-none-eabi/9.3.1/../../../../arm-none-eabi/lib/thumb/v7e-m+dp/hard\libc_nano.a(lib_a-memmove.o)
                0x0800c390                memmove
 .text.memset   0x0800c3c4       0x10 c:/tools/gcc/gcc-9.2-arm32-eabi/bin/../lib/gcc/arm-none-eabi/9.3.1/../../../../arm-none-eabi/lib/thumb/v7e-m+dp/hard\libc_nano.a(lib_a-memset.o)
                0x0800c3c4                memset
 .text._free_r  0x0800c3d4       0xa0 c:/tools/gcc/gcc-9.2-arm32-eabi/bin/../lib/gcc/arm-none-eabi/9.3.1/../../../../arm-none-eabi/lib/thumb/v7e-m+dp/hard\libc_nano.a(lib_a-nano-freer.o)
                0x0800c3d4                _free_r
 .text._malloc_r
                0x0800c474       0xb4 c:/tools/gcc/gcc-9.2-arm32-eabi/bin/../lib/gcc/arm-none-eabi/9.3.1/../../../../arm-none-eabi/lib/thumb/v7e-m+dp/hard\libc_nano.a(lib_a-nano-mallocr.o)
                0x0800c474                _malloc_r
 .text.printf   0x0800c528       0x30 c:/tools/gcc/gcc-9.2-arm32-eabi/bin/../lib/gcc/arm-none-eabi/9.3.1/../../../../arm-none-eabi/lib/thumb/v7e-m+dp/hard\libc_nano.a(lib_a-printf.o)
                0x0800c528                iprintf
                0x0800c528                printf
 .text.realloc  0x0800c558       0x10 c:/tools/gcc/gcc-9.2-arm32-eabi/bin/../lib/gcc/arm-none-eabi/9.3.1/../../../../arm-none-eabi/lib/thumb/v7e-m+dp/hard\libc_nano.a(lib_a-realloc.o)
                0x0800c558                realloc
 .text._sbrk_r  0x0800c568       0x20 c:/tools/gcc/gcc-9.2-arm32-eabi/bin/../lib/gcc/arm-none-eabi/9.3.1/../../../../arm-none-eabi/lib/thumb/v7e-m+dp/hard\libc_nano.a(lib_a-sbrkr.o)
                0x0800c568                _sbrk_r
 .text.snprintf
                0x0800c588       0x68 c:/tools/gcc/gcc-9.2-arm32-eabi/bin/../lib/gcc/arm-none-eabi/9.3.1/../../../../arm-none-eabi/lib/thumb/v7e-m+dp/hard\libc_nano.a(lib_a-snprintf.o)
                0x0800c588                sniprintf
                0x0800c588                snprintf
 .text.strcpy   0x0800c5f0       0x10 c:/tools/gcc/gcc-9.2-arm32-eabi/bin/../lib/gcc/arm-none-eabi/9.3.1/../../../../arm-none-eabi/lib/thumb/v7e-m+dp/hard\libc_nano.a(lib_a-strcpy.o)
                0x0800c5f0                strcpy
 .text.strncmp  0x0800c600       0x24 c:/tools/gcc/gcc-9.2-arm32-eabi/bin/../lib/gcc/arm-none-eabi/9.3.1/../../../../arm-none-eabi/lib/thumb/v7e-m+dp/hard\libc_nano.a(lib_a-strncmp.o)
                0x0800c600                strncmp
 .text.strtok   0x0800c624       0x68 c:/tools/gcc/gcc-9.2-arm32-eabi/bin/../lib/gcc/arm-none-eabi/9.3.1/../../../../arm-none-eabi/lib/thumb/v7e-m+dp/hard\libc_nano.a(lib_a-strtok.o)
                0x0800c624                strtok
 .text.__strtok_r
                0x0800c68c       0x50 c:/tools/gcc/gcc-9.2-arm32-eabi/bin/../lib/gcc/arm-none-eabi/9.3.1/../../../../arm-none-eabi/lib/thumb/v7e-m+dp/hard\libc_nano.a(lib_a-strtok_r.o)
                0x0800c68c                __strtok_r
 .text._vsprintf_r
                0x0800c6dc       0x2c c:/tools/gcc/gcc-9.2-arm32-eabi/bin/../lib/gcc/arm-none-eabi/9.3.1/../../../../arm-none-eabi/lib/thumb/v7e-m+dp/hard\libc_nano.a(lib_a-vsprintf.o)
                0x0800c6dc                _vsprintf_r
                0x0800c6dc                _vsiprintf_r
 .text.vsprintf
                0x0800c708       0x14 c:/tools/gcc/gcc-9.2-arm32-eabi/bin/../lib/gcc/arm-none-eabi/9.3.1/../../../../arm-none-eabi/lib/thumb/v7e-m+dp/hard\libc_nano.a(lib_a-vsprintf.o)
                0x0800c708                vsiprintf
                0x0800c708                vsprintf
 .text.__assert_func
                0x0800c71c       0x3c c:/tools/gcc/gcc-9.2-arm32-eabi/bin/../lib/gcc/arm-none-eabi/9.3.1/../../../../arm-none-eabi/lib/thumb/v7e-m+dp/hard\libc_nano.a(lib_a-assert.o)
                0x0800c71c                __assert_func
 .text.std      0x0800c758       0x48 c:/tools/gcc/gcc-9.2-arm32-eabi/bin/../lib/gcc/arm-none-eabi/9.3.1/../../../../arm-none-eabi/lib/thumb/v7e-m+dp/hard\libc_nano.a(lib_a-findfp.o)
 .text._cleanup_r
                0x0800c7a0        0xc c:/tools/gcc/gcc-9.2-arm32-eabi/bin/../lib/gcc/arm-none-eabi/9.3.1/../../../../arm-none-eabi/lib/thumb/v7e-m+dp/hard\libc_nano.a(lib_a-findfp.o)
                0x0800c7a0                _cleanup_r
 .text.__sfmoreglue
                0x0800c7ac       0x2c c:/tools/gcc/gcc-9.2-arm32-eabi/bin/../lib/gcc/arm-none-eabi/9.3.1/../../../../arm-none-eabi/lib/thumb/v7e-m+dp/hard\libc_nano.a(lib_a-findfp.o)
                0x0800c7ac                __sfmoreglue
 .text.__sfp_lock_acquire
                0x0800c7d8        0xc c:/tools/gcc/gcc-9.2-arm32-eabi/bin/../lib/gcc/arm-none-eabi/9.3.1/../../../../arm-none-eabi/lib/thumb/v7e-m+dp/hard\libc_nano.a(lib_a-findfp.o)
                0x0800c7d8                __sfp_lock_acquire
 .text.__sfp_lock_release
                0x0800c7e4        0xc c:/tools/gcc/gcc-9.2-arm32-eabi/bin/../lib/gcc/arm-none-eabi/9.3.1/../../../../arm-none-eabi/lib/thumb/v7e-m+dp/hard\libc_nano.a(lib_a-findfp.o)
                0x0800c7e4                __sfp_lock_release
 .text.__sinit_lock_acquire
                0x0800c7f0        0xc c:/tools/gcc/gcc-9.2-arm32-eabi/bin/../lib/gcc/arm-none-eabi/9.3.1/../../../../arm-none-eabi/lib/thumb/v7e-m+dp/hard\libc_nano.a(lib_a-findfp.o)
                0x0800c7f0                __sinit_lock_acquire
 .text.__sinit_lock_release
                0x0800c7fc        0xc c:/tools/gcc/gcc-9.2-arm32-eabi/bin/../lib/gcc/arm-none-eabi/9.3.1/../../../../arm-none-eabi/lib/thumb/v7e-m+dp/hard\libc_nano.a(lib_a-findfp.o)
                0x0800c7fc                __sinit_lock_release
 .text.__sinit  0x0800c808       0x70 c:/tools/gcc/gcc-9.2-arm32-eabi/bin/../lib/gcc/arm-none-eabi/9.3.1/../../../../arm-none-eabi/lib/thumb/v7e-m+dp/hard\libc_nano.a(lib_a-findfp.o)
                0x0800c808                __sinit
 .text.__sfp    0x0800c878       0x8c c:/tools/gcc/gcc-9.2-arm32-eabi/bin/../lib/gcc/arm-none-eabi/9.3.1/../../../../arm-none-eabi/lib/thumb/v7e-m+dp/hard\libc_nano.a(lib_a-findfp.o)
                0x0800c878                __sfp
 .text.fprintf  0x0800c904       0x24 c:/tools/gcc/gcc-9.2-arm32-eabi/bin/../lib/gcc/arm-none-eabi/9.3.1/../../../../arm-none-eabi/lib/thumb/v7e-m+dp/hard\libc_nano.a(lib_a-fprintf.o)
                0x0800c904                fiprintf
                0x0800c904                fprintf
 .text._fwalk_reent
                0x0800c928       0x3e c:/tools/gcc/gcc-9.2-arm32-eabi/bin/../lib/gcc/arm-none-eabi/9.3.1/../../../../arm-none-eabi/lib/thumb/v7e-m+dp/hard\libc_nano.a(lib_a-fwalk.o)
                0x0800c928                _fwalk_reent
 .text.__retarget_lock_init_recursive
                0x0800c966        0x2 c:/tools/gcc/gcc-9.2-arm32-eabi/bin/../lib/gcc/arm-none-eabi/9.3.1/../../../../arm-none-eabi/lib/thumb/v7e-m+dp/hard\libc_nano.a(lib_a-lock.o)
                0x0800c966                __retarget_lock_init_recursive
 .text.__retarget_lock_acquire_recursive
                0x0800c968        0x2 c:/tools/gcc/gcc-9.2-arm32-eabi/bin/../lib/gcc/arm-none-eabi/9.3.1/../../../../arm-none-eabi/lib/thumb/v7e-m+dp/hard\libc_nano.a(lib_a-lock.o)
                0x0800c968                __retarget_lock_acquire_recursive
 .text.__retarget_lock_release_recursive
                0x0800c96a        0x2 c:/tools/gcc/gcc-9.2-arm32-eabi/bin/../lib/gcc/arm-none-eabi/9.3.1/../../../../arm-none-eabi/lib/thumb/v7e-m+dp/hard\libc_nano.a(lib_a-lock.o)
                0x0800c96a                __retarget_lock_release_recursive
 .text.__malloc_lock
                0x0800c96c        0xc c:/tools/gcc/gcc-9.2-arm32-eabi/bin/../lib/gcc/arm-none-eabi/9.3.1/../../../../arm-none-eabi/lib/thumb/v7e-m+dp/hard\libc_nano.a(lib_a-mlock.o)
                0x0800c96c                __malloc_lock
 .text.__malloc_unlock
                0x0800c978        0xc c:/tools/gcc/gcc-9.2-arm32-eabi/bin/../lib/gcc/arm-none-eabi/9.3.1/../../../../arm-none-eabi/lib/thumb/v7e-m+dp/hard\libc_nano.a(lib_a-mlock.o)
                0x0800c978                __malloc_unlock
 .text._realloc_r
                0x0800c984       0x4c c:/tools/gcc/gcc-9.2-arm32-eabi/bin/../lib/gcc/arm-none-eabi/9.3.1/../../../../arm-none-eabi/lib/thumb/v7e-m+dp/hard\libc_nano.a(lib_a-nano-reallocr.o)
                0x0800c984                _realloc_r
 .text.__ssputs_r
                0x0800c9d0       0xb6 c:/tools/gcc/gcc-9.2-arm32-eabi/bin/../lib/gcc/arm-none-eabi/9.3.1/../../../../arm-none-eabi/lib/thumb/v7e-m+dp/hard\libc_nano.a(lib_a-nano-svfprintf.o)
                0x0800c9d0                __ssputs_r
 *fill*         0x0800ca86        0x2 
 .text._svfprintf_r
                0x0800ca88      0x200 c:/tools/gcc/gcc-9.2-arm32-eabi/bin/../lib/gcc/arm-none-eabi/9.3.1/../../../../arm-none-eabi/lib/thumb/v7e-m+dp/hard\libc_nano.a(lib_a-nano-svfprintf.o)
                0x0800ca88                _svfiprintf_r
                0x0800ca88                _svfprintf_r
 .text.__sfputc_r
                0x0800cc88       0x2e c:/tools/gcc/gcc-9.2-arm32-eabi/bin/../lib/gcc/arm-none-eabi/9.3.1/../../../../arm-none-eabi/lib/thumb/v7e-m+dp/hard\libc_nano.a(lib_a-nano-vfprintf.o)
 .text.__sfputs_r
                0x0800ccb6       0x24 c:/tools/gcc/gcc-9.2-arm32-eabi/bin/../lib/gcc/arm-none-eabi/9.3.1/../../../../arm-none-eabi/lib/thumb/v7e-m+dp/hard\libc_nano.a(lib_a-nano-vfprintf.o)
                0x0800ccb6                __sfputs_r
 *fill*         0x0800ccda        0x2 
 .text._vfprintf_r
                0x0800ccdc      0x260 c:/tools/gcc/gcc-9.2-arm32-eabi/bin/../lib/gcc/arm-none-eabi/9.3.1/../../../../arm-none-eabi/lib/thumb/v7e-m+dp/hard\libc_nano.a(lib_a-nano-vfprintf.o)
                0x0800ccdc                _vfprintf_r
                0x0800ccdc                _vfiprintf_r
 .text._printf_common
                0x0800cf3c       0xda c:/tools/gcc/gcc-9.2-arm32-eabi/bin/../lib/gcc/arm-none-eabi/9.3.1/../../../../arm-none-eabi/lib/thumb/v7e-m+dp/hard\libc_nano.a(lib_a-nano-vfprintf_i.o)
                0x0800cf3c                _printf_common
 *fill*         0x0800d016        0x2 
 .text._printf_i
                0x0800d018      0x24c c:/tools/gcc/gcc-9.2-arm32-eabi/bin/../lib/gcc/arm-none-eabi/9.3.1/../../../../arm-none-eabi/lib/thumb/v7e-m+dp/hard\libc_nano.a(lib_a-nano-vfprintf_i.o)
                0x0800d018                _printf_i
 .text.__sread  0x0800d264       0x22 c:/tools/gcc/gcc-9.2-arm32-eabi/bin/../lib/gcc/arm-none-eabi/9.3.1/../../../../arm-none-eabi/lib/thumb/v7e-m+dp/hard\libc_nano.a(lib_a-stdio.o)
                0x0800d264                __sread
 .text.__swrite
                0x0800d286       0x38 c:/tools/gcc/gcc-9.2-arm32-eabi/bin/../lib/gcc/arm-none-eabi/9.3.1/../../../../arm-none-eabi/lib/thumb/v7e-m+dp/hard\libc_nano.a(lib_a-stdio.o)
                0x0800d286                __swrite
 .text.__sseek  0x0800d2be       0x24 c:/tools/gcc/gcc-9.2-arm32-eabi/bin/../lib/gcc/arm-none-eabi/9.3.1/../../../../arm-none-eabi/lib/thumb/v7e-m+dp/hard\libc_nano.a(lib_a-stdio.o)
                0x0800d2be                __sseek
 .text.__sclose
                0x0800d2e2        0x8 c:/tools/gcc/gcc-9.2-arm32-eabi/bin/../lib/gcc/arm-none-eabi/9.3.1/../../../../arm-none-eabi/lib/thumb/v7e-m+dp/hard\libc_nano.a(lib_a-stdio.o)
                0x0800d2e2                __sclose
 *fill*         0x0800d2ea        0x2 
 .text.__swbuf_r
                0x0800d2ec       0xa4 c:/tools/gcc/gcc-9.2-arm32-eabi/bin/../lib/gcc/arm-none-eabi/9.3.1/../../../../arm-none-eabi/lib/thumb/v7e-m+dp/hard\libc_nano.a(lib_a-wbuf.o)
                0x0800d2ec                __swbuf_r
 .text._write_r
                0x0800d390       0x24 c:/tools/gcc/gcc-9.2-arm32-eabi/bin/../lib/gcc/arm-none-eabi/9.3.1/../../../../arm-none-eabi/lib/thumb/v7e-m+dp/hard\libc_nano.a(lib_a-writer.o)
                0x0800d390                _write_r
 .text.__swsetup_r
                0x0800d3b4       0xdc c:/tools/gcc/gcc-9.2-arm32-eabi/bin/../lib/gcc/arm-none-eabi/9.3.1/../../../../arm-none-eabi/lib/thumb/v7e-m+dp/hard\libc_nano.a(lib_a-wsetup.o)
                0x0800d3b4                __swsetup_r
 .text.abort    0x0800d490        0xe c:/tools/gcc/gcc-9.2-arm32-eabi/bin/../lib/gcc/arm-none-eabi/9.3.1/../../../../arm-none-eabi/lib/thumb/v7e-m+dp/hard\libc_nano.a(lib_a-abort.o)
                0x0800d490                abort
 *fill*         0x0800d49e        0x2 
 .text._close_r
                0x0800d4a0       0x20 c:/tools/gcc/gcc-9.2-arm32-eabi/bin/../lib/gcc/arm-none-eabi/9.3.1/../../../../arm-none-eabi/lib/thumb/v7e-m+dp/hard\libc_nano.a(lib_a-closer.o)
                0x0800d4a0                _close_r
 .text.__sflush_r
                0x0800d4c0      0x10c c:/tools/gcc/gcc-9.2-arm32-eabi/bin/../lib/gcc/arm-none-eabi/9.3.1/../../../../arm-none-eabi/lib/thumb/v7e-m+dp/hard\libc_nano.a(lib_a-fflush.o)
                0x0800d4c0                __sflush_r
 .text._fflush_r
                0x0800d5cc       0x78 c:/tools/gcc/gcc-9.2-arm32-eabi/bin/../lib/gcc/arm-none-eabi/9.3.1/../../../../arm-none-eabi/lib/thumb/v7e-m+dp/hard\libc_nano.a(lib_a-fflush.o)
                0x0800d5cc                _fflush_r
 .text._lseek_r
                0x0800d644       0x24 c:/tools/gcc/gcc-9.2-arm32-eabi/bin/../lib/gcc/arm-none-eabi/9.3.1/../../../../arm-none-eabi/lib/thumb/v7e-m+dp/hard\libc_nano.a(lib_a-lseekr.o)
                0x0800d644                _lseek_r
 .text.__swhatbuf_r
                0x0800d668       0x48 c:/tools/gcc/gcc-9.2-arm32-eabi/bin/../lib/gcc/arm-none-eabi/9.3.1/../../../../arm-none-eabi/lib/thumb/v7e-m+dp/hard\libc_nano.a(lib_a-makebuf.o)
                0x0800d668                __swhatbuf_r
 .text.__smakebuf_r
                0x0800d6b0       0x80 c:/tools/gcc/gcc-9.2-arm32-eabi/bin/../lib/gcc/arm-none-eabi/9.3.1/../../../../arm-none-eabi/lib/thumb/v7e-m+dp/hard\libc_nano.a(lib_a-makebuf.o)
                0x0800d6b0                __smakebuf_r
 .text._malloc_usable_size_r
                0x0800d730       0x10 c:/tools/gcc/gcc-9.2-arm32-eabi/bin/../lib/gcc/arm-none-eabi/9.3.1/../../../../arm-none-eabi/lib/thumb/v7e-m+dp/hard\libc_nano.a(lib_a-nano-msizer.o)
                0x0800d730                _malloc_usable_size_r
 .text._read_r  0x0800d740       0x24 c:/tools/gcc/gcc-9.2-arm32-eabi/bin/../lib/gcc/arm-none-eabi/9.3.1/../../../../arm-none-eabi/lib/thumb/v7e-m+dp/hard\libc_nano.a(lib_a-readr.o)
                0x0800d740                _read_r
 .text._raise_r
                0x0800d764       0x50 c:/tools/gcc/gcc-9.2-arm32-eabi/bin/../lib/gcc/arm-none-eabi/9.3.1/../../../../arm-none-eabi/lib/thumb/v7e-m+dp/hard\libc_nano.a(lib_a-signal.o)
                0x0800d764                _raise_r
 .text.raise    0x0800d7b4       0x10 c:/tools/gcc/gcc-9.2-arm32-eabi/bin/../lib/gcc/arm-none-eabi/9.3.1/../../../../arm-none-eabi/lib/thumb/v7e-m+dp/hard\libc_nano.a(lib_a-signal.o)
                0x0800d7b4                raise
 .text._kill_r  0x0800d7c4       0x24 c:/tools/gcc/gcc-9.2-arm32-eabi/bin/../lib/gcc/arm-none-eabi/9.3.1/../../../../arm-none-eabi/lib/thumb/v7e-m+dp/hard\libc_nano.a(lib_a-signalr.o)
                0x0800d7c4                _kill_r
 .text._getpid_r
                0x0800d7e8        0x4 c:/tools/gcc/gcc-9.2-arm32-eabi/bin/../lib/gcc/arm-none-eabi/9.3.1/../../../../arm-none-eabi/lib/thumb/v7e-m+dp/hard\libc_nano.a(lib_a-signalr.o)
                0x0800d7e8                _getpid_r
 .text._fstat_r
                0x0800d7ec       0x24 c:/tools/gcc/gcc-9.2-arm32-eabi/bin/../lib/gcc/arm-none-eabi/9.3.1/../../../../arm-none-eabi/lib/thumb/v7e-m+dp/hard\libc_nano.a(lib_a-fstatr.o)
                0x0800d7ec                _fstat_r
 .text._isatty_r
                0x0800d810       0x20 c:/tools/gcc/gcc-9.2-arm32-eabi/bin/../lib/gcc/arm-none-eabi/9.3.1/../../../../arm-none-eabi/lib/thumb/v7e-m+dp/hard\libc_nano.a(lib_a-isattyr.o)
                0x0800d810                _isatty_r
 .text._close   0x0800d830       0x10 c:/tools/gcc/gcc-9.2-arm32-eabi/bin/../lib/gcc/arm-none-eabi/9.3.1/../../../../arm-none-eabi/lib/thumb/v7e-m+dp/hard\libnosys.a(close.o)
                0x0800d830                _close
 .text._fstat   0x0800d840       0x10 c:/tools/gcc/gcc-9.2-arm32-eabi/bin/../lib/gcc/arm-none-eabi/9.3.1/../../../../arm-none-eabi/lib/thumb/v7e-m+dp/hard\libnosys.a(fstat.o)
                0x0800d840                _fstat
 .text._getpid  0x0800d850       0x10 c:/tools/gcc/gcc-9.2-arm32-eabi/bin/../lib/gcc/arm-none-eabi/9.3.1/../../../../arm-none-eabi/lib/thumb/v7e-m+dp/hard\libnosys.a(getpid.o)
                0x0800d850                _getpid
 .text._isatty  0x0800d860       0x10 c:/tools/gcc/gcc-9.2-arm32-eabi/bin/../lib/gcc/arm-none-eabi/9.3.1/../../../../arm-none-eabi/lib/thumb/v7e-m+dp/hard\libnosys.a(isatty.o)
                0x0800d860                _isatty
 .text._kill    0x0800d870       0x10 c:/tools/gcc/gcc-9.2-arm32-eabi/bin/../lib/gcc/arm-none-eabi/9.3.1/../../../../arm-none-eabi/lib/thumb/v7e-m+dp/hard\libnosys.a(kill.o)
                0x0800d870                _kill
 .text._lseek   0x0800d880       0x10 c:/tools/gcc/gcc-9.2-arm32-eabi/bin/../lib/gcc/arm-none-eabi/9.3.1/../../../../arm-none-eabi/lib/thumb/v7e-m+dp/hard\libnosys.a(lseek.o)
                0x0800d880                _lseek
 .text._read    0x0800d890       0x10 c:/tools/gcc/gcc-9.2-arm32-eabi/bin/../lib/gcc/arm-none-eabi/9.3.1/../../../../arm-none-eabi/lib/thumb/v7e-m+dp/hard\libnosys.a(read.o)
                0x0800d890                _read
 .text._sbrk    0x0800d8a0       0x1c c:/tools/gcc/gcc-9.2-arm32-eabi/bin/../lib/gcc/arm-none-eabi/9.3.1/../../../../arm-none-eabi/lib/thumb/v7e-m+dp/hard\libnosys.a(sbrk.o)
                0x0800d8a0                _sbrk
 .text._write   0x0800d8bc       0x10 c:/tools/gcc/gcc-9.2-arm32-eabi/bin/../lib/gcc/arm-none-eabi/9.3.1/../../../../arm-none-eabi/lib/thumb/v7e-m+dp/hard\libnosys.a(write.o)
                0x0800d8bc                _write
 .text._exit    0x0800d8cc        0x4 c:/tools/gcc/gcc-9.2-arm32-eabi/bin/../lib/gcc/arm-none-eabi/9.3.1/../../../../arm-none-eabi/lib/thumb/v7e-m+dp/hard\libnosys.a(_exit.o)
                0x0800d8cc                _exit
 *(.glue_7)
 .glue_7        0x0800d8d0        0x0 linker stubs
 *(.glue_7t)
 .glue_7t       0x0800d8d0        0x0 linker stubs
 *(.eh_frame)
 .eh_frame      0x0800d8d0        0x0 c:/tools/gcc/gcc-9.2-arm32-eabi/bin/../lib/gcc/arm-none-eabi/9.3.1/thumb/v7e-m+dp/hard/crtbegin.o
 *(.init)
 .init          0x0800d8d0        0x4 c:/tools/gcc/gcc-9.2-arm32-eabi/bin/../lib/gcc/arm-none-eabi/9.3.1/thumb/v7e-m+dp/hard/crti.o
                0x0800d8d0                _init
 .init          0x0800d8d4        0x8 c:/tools/gcc/gcc-9.2-arm32-eabi/bin/../lib/gcc/arm-none-eabi/9.3.1/thumb/v7e-m+dp/hard/crtn.o
 *(.fini)
 .fini          0x0800d8dc        0x4 c:/tools/gcc/gcc-9.2-arm32-eabi/bin/../lib/gcc/arm-none-eabi/9.3.1/thumb/v7e-m+dp/hard/crti.o
                0x0800d8dc                _fini
 .fini          0x0800d8e0        0x8 c:/tools/gcc/gcc-9.2-arm32-eabi/bin/../lib/gcc/arm-none-eabi/9.3.1/thumb/v7e-m+dp/hard/crtn.o
                0x0800d8e8                . = ALIGN (0x4)
                0x0800d8e8                _etext = .

.vfp11_veneer   0x0800d8e8        0x0
 .vfp11_veneer  0x0800d8e8        0x0 linker stubs

.v4_bx          0x0800d8e8        0x0
 .v4_bx         0x0800d8e8        0x0 linker stubs

.iplt           0x0800d8e8        0x0
 .iplt          0x0800d8e8        0x0 c:/tools/gcc/gcc-9.2-arm32-eabi/bin/../lib/gcc/arm-none-eabi/9.3.1/thumb/v7e-m+dp/hard/crtbegin.o

.rodata         0x0800d8e8     0x1e04
                0x0800d8e8                . = ALIGN (0x4)
 *(.rodata)
 .rodata        0x0800d8e8       0xff build/main.o
 *(.rodata*)
 *fill*         0x0800d9e7        0x1 
 .rodata.SD_ReadAviHeader.str1.4
                0x0800d9e8      0x5cd build/main.o
                                0x5d5 (size before relaxing)
 *fill*         0x0800dfb5        0x3 
 .rodata.SD_GetPlayList.str1.4
                0x0800dfb8      0x16e build/main.o
                                0x172 (size before relaxing)
 *fill*         0x0800e126        0x2 
 .rodata.SD_ReadAviStream.str1.4
                0x0800e128      0x1f0 build/main.o
 .rodata.SD_PlayAviVideo.str1.4
                0x0800e318       0x76 build/main.o
 *fill*         0x0800e38e        0x2 
 .rodata.main.str1.4
                0x0800e390      0x246 build/main.o
                                0x24a (size before relaxing)
 *fill*         0x0800e5d6        0x2 
 .rodata.SD_Driver
                0x0800e5d8       0x14 build/sd_diskio.o
                0x0800e5d8                SD_Driver
 .rodata.D1CorePrescTable
                0x0800e5ec       0x10 build/system_stm32h7xx.o
                0x0800e5ec                D1CorePrescTable
 .rodata.follow_path.str1.4
                0x0800e5fc        0xf build/ff.o
 *fill*         0x0800e60b        0x1 
 .rodata.ExCvt  0x0800e60c       0x80 build/ff.o
 .rodata.TomThumb
                0x0800e68c        0xc build/matrix.o
                0x0800e68c                TomThumb
 .rodata.TomThumbBitmaps
                0x0800e698      0x388 build/matrix.o
                0x0800e698                TomThumbBitmaps
 .rodata.TomThumbGlyphs
                0x0800ea20      0x660 build/matrix.o
                0x0800ea20                TomThumbGlyphs
 .rodata.font   0x0800f080      0x500 build/glcdfont.o
                0x0800f080                font
 .rodata._global_impure_ptr
                0x0800f580        0x4 c:/tools/gcc/gcc-9.2-arm32-eabi/bin/../lib/gcc/arm-none-eabi/9.3.1/../../../../arm-none-eabi/lib/thumb/v7e-m+dp/hard\libc_nano.a(lib_a-impure.o)
                0x0800f580                _global_impure_ptr
 .rodata.strtok.str1.1
                0x0800f584       0x95 c:/tools/gcc/gcc-9.2-arm32-eabi/bin/../lib/gcc/arm-none-eabi/9.3.1/../../../../arm-none-eabi/lib/thumb/v7e-m+dp/hard\libc_nano.a(lib_a-strtok.o)
 .rodata.__assert_func.str1.1
                0x0800f619       0x3c c:/tools/gcc/gcc-9.2-arm32-eabi/bin/../lib/gcc/arm-none-eabi/9.3.1/../../../../arm-none-eabi/lib/thumb/v7e-m+dp/hard\libc_nano.a(lib_a-assert.o)
                                 0x3d (size before relaxing)
 *fill*         0x0800f655        0x3 
 .rodata.__sf_fake_stderr
                0x0800f658       0x20 c:/tools/gcc/gcc-9.2-arm32-eabi/bin/../lib/gcc/arm-none-eabi/9.3.1/../../../../arm-none-eabi/lib/thumb/v7e-m+dp/hard\libc_nano.a(lib_a-findfp.o)
                0x0800f658                __sf_fake_stderr
 .rodata.__sf_fake_stdin
                0x0800f678       0x20 c:/tools/gcc/gcc-9.2-arm32-eabi/bin/../lib/gcc/arm-none-eabi/9.3.1/../../../../arm-none-eabi/lib/thumb/v7e-m+dp/hard\libc_nano.a(lib_a-findfp.o)
                0x0800f678                __sf_fake_stdin
 .rodata.__sf_fake_stdout
                0x0800f698       0x20 c:/tools/gcc/gcc-9.2-arm32-eabi/bin/../lib/gcc/arm-none-eabi/9.3.1/../../../../arm-none-eabi/lib/thumb/v7e-m+dp/hard\libc_nano.a(lib_a-findfp.o)
                0x0800f698                __sf_fake_stdout
 .rodata._svfprintf_r.str1.1
                0x0800f6b8       0x11 c:/tools/gcc/gcc-9.2-arm32-eabi/bin/../lib/gcc/arm-none-eabi/9.3.1/../../../../arm-none-eabi/lib/thumb/v7e-m+dp/hard\libc_nano.a(lib_a-nano-svfprintf.o)
 .rodata._vfprintf_r.str1.1
                0x0800f6c9       0x11 c:/tools/gcc/gcc-9.2-arm32-eabi/bin/../lib/gcc/arm-none-eabi/9.3.1/../../../../arm-none-eabi/lib/thumb/v7e-m+dp/hard\libc_nano.a(lib_a-nano-vfprintf.o)
 .rodata._printf_i.str1.1
                0x0800f6c9       0x22 c:/tools/gcc/gcc-9.2-arm32-eabi/bin/../lib/gcc/arm-none-eabi/9.3.1/../../../../arm-none-eabi/lib/thumb/v7e-m+dp/hard\libc_nano.a(lib_a-nano-vfprintf_i.o)
                0x0800f6ec                . = ALIGN (0x4)
 *fill*         0x0800f6eb        0x1 

.rel.dyn        0x0800f6ec        0x0
 .rel.iplt      0x0800f6ec        0x0 c:/tools/gcc/gcc-9.2-arm32-eabi/bin/../lib/gcc/arm-none-eabi/9.3.1/thumb/v7e-m+dp/hard/crtbegin.o

.ARM.extab
 *(.ARM.extab* .gnu.linkonce.armextab.*)

.ARM            0x0800f6ec        0x0
                0x0800f6ec                __exidx_start = .
 *(.ARM.exidx*)
                0x0800f6ec                __exidx_end = .

.preinit_array  0x0800f6ec        0x0
                0x0800f6ec                PROVIDE (__preinit_array_start = .)
 *(.preinit_array*)
                0x0800f6ec                PROVIDE (__preinit_array_end = .)

.init_array     0x0800f6ec        0x4
                0x0800f6ec                PROVIDE (__init_array_start = .)
 *(SORT_BY_NAME(.init_array.*))
 *(.init_array*)
 .init_array    0x0800f6ec        0x4 c:/tools/gcc/gcc-9.2-arm32-eabi/bin/../lib/gcc/arm-none-eabi/9.3.1/thumb/v7e-m+dp/hard/crtbegin.o
                0x0800f6f0                PROVIDE (__init_array_end = .)

.fini_array     0x0800f6f0        0x4
                [!provide]                PROVIDE (__fini_array_start = .)
 *(SORT_BY_NAME(.fini_array.*))
 *(.fini_array*)
 .fini_array    0x0800f6f0        0x4 c:/tools/gcc/gcc-9.2-arm32-eabi/bin/../lib/gcc/arm-none-eabi/9.3.1/thumb/v7e-m+dp/hard/crtbegin.o
                [!provide]                PROVIDE (__fini_array_end = .)
                0x0800f6f4                _sidata = LOADADDR (.data)

.data           0x24060000       0x78 load address 0x0800f6f4
                0x24060000                . = ALIGN (0x4)
                0x24060000                _sdata = .
 *(.data)
 *(.data*)
 .data.Volume_Value_float
                0x24060000        0x4 build/main.o
                0x24060000                Volume_Value_float
 .data.Stat     0x24060004        0x1 build/sd_diskio.o
 .data.uwTickFreq
                0x24060005        0x1 build/stm32h7xx_hal.o
                0x24060005                uwTickFreq
 *fill*         0x24060006        0x2 
 .data.uwTickPrio
                0x24060008        0x4 build/stm32h7xx_hal.o
                0x24060008                uwTickPrio
 .data.SystemCoreClock
                0x2406000c        0x4 build/system_stm32h7xx.o
                0x2406000c                SystemCoreClock
 .data.SystemD2Clock
                0x24060010        0x4 build/system_stm32h7xx.o
                0x24060010                SystemD2Clock
 .data._impure_ptr
                0x24060014        0x4 c:/tools/gcc/gcc-9.2-arm32-eabi/bin/../lib/gcc/arm-none-eabi/9.3.1/../../../../arm-none-eabi/lib/thumb/v7e-m+dp/hard\libc_nano.a(lib_a-impure.o)
                0x24060014                _impure_ptr
 .data.impure_data
                0x24060018       0x60 c:/tools/gcc/gcc-9.2-arm32-eabi/bin/../lib/gcc/arm-none-eabi/9.3.1/../../../../arm-none-eabi/lib/thumb/v7e-m+dp/hard\libc_nano.a(lib_a-impure.o)
                0x24060078                . = ALIGN (0x4)
                0x24060078                _edata = .

.igot.plt       0x24060078        0x0 load address 0x0800f76c
 .igot.plt      0x24060078        0x0 c:/tools/gcc/gcc-9.2-arm32-eabi/bin/../lib/gcc/arm-none-eabi/9.3.1/thumb/v7e-m+dp/hard/crtbegin.o
                0x24060078                . = ALIGN (0x4)

.bss            0x24060080     0x9d1c load address 0x0800f76c
                0x24060080                _sbss = .
                0x24060080                __bss_start__ = _sbss
 *(.bss)
 .bss           0x24060080       0x1c c:/tools/gcc/gcc-9.2-arm32-eabi/bin/../lib/gcc/arm-none-eabi/9.3.1/thumb/v7e-m+dp/hard/crtbegin.o
 *(.bss*)
 .bss.Audio_Buffer
                0x2406009c     0x6400 build/main.o
                0x2406009c                Audio_Buffer
 .bss.Audio_End_Flag
                0x2406649c        0x1 build/main.o
                0x2406649c                Audio_End_Flag
 .bss.Audio_Flame_End_flag
                0x2406649d        0x1 build/main.o
                0x2406649d                Audio_Flame_End_flag
 .bss.Status    0x2406649e        0x1 build/main.o
                0x2406649e                Status
 .bss.Video_End_Flag
                0x2406649f        0x1 build/main.o
                0x2406649f                Video_End_Flag
 .bss.audio_data_output_count.13874
                0x240664a0        0x2 build/main.o
 *fill*         0x240664a2        0x2 
 .bss.avi_fileobject.13997
                0x240664a4     0x1030 build/main.o
 .bss.ReadStatus
                0x240674d4        0x4 build/sd_diskio.o
 .bss.WriteStatus
                0x240674d8        0x4 build/sd_diskio.o
 .bss.FatFs     0x240674dc        0x4 build/ff.o
 .bss.Files     0x240674e0       0x20 build/ff.o
 .bss.Fsid      0x24067500        0x2 build/ff.o
 *fill*         0x24067502        0x2 
 .bss.disk      0x24067504        0xc build/ff_gen_drv.o
                0x24067504                disk
 .bss.__malloc_free_list
                0x24067510        0x4 c:/tools/gcc/gcc-9.2-arm32-eabi/bin/../lib/gcc/arm-none-eabi/9.3.1/../../../../arm-none-eabi/lib/thumb/v7e-m+dp/hard\libc_nano.a(lib_a-nano-mallocr.o)
                0x24067510                __malloc_free_list
 .bss.__malloc_sbrk_start
                0x24067514        0x4 c:/tools/gcc/gcc-9.2-arm32-eabi/bin/../lib/gcc/arm-none-eabi/9.3.1/../../../../arm-none-eabi/lib/thumb/v7e-m+dp/hard\libc_nano.a(lib_a-nano-mallocr.o)
                0x24067514                __malloc_sbrk_start
 .bss.heap_end.5507
                0x24067518        0x4 c:/tools/gcc/gcc-9.2-arm32-eabi/bin/../lib/gcc/arm-none-eabi/9.3.1/../../../../arm-none-eabi/lib/thumb/v7e-m+dp/hard\libnosys.a(sbrk.o)
 *(COMMON)
 *fill*         0x2406751c       0x64 
 COMMON         0x24067580      0x79a build/main.o
                0x24067580                nobytsread
                0x24067584                fno
                0x2406759c                SDResult
                0x2406759e                movilocation
                0x240675a0                framelocation
                0x24067600                pagebuff
                0x24067b00                cinfo
                0x24067ce8                dir
                0x24067d18                framesize
 *fill*         0x24067d1a        0x2 
 COMMON         0x24067d1c     0x206c build/fatfs.o
                0x24067d1c                retSD
                0x24067d20                SDPath
                0x24067d24                SDFile
                0x24068d54                SDFatFS
 COMMON         0x24069d88        0x4 build/stm32h7xx_hal.o
                0x24069d88                uwTick
 COMMON         0x24069d8c        0x9 c:/tools/gcc/gcc-9.2-arm32-eabi/bin/../lib/gcc/arm-none-eabi/9.3.1/../../../../arm-none-eabi/lib/thumb/v7e-m+dp/hard\libc_nano.a(lib_a-lock.o)
                0x24069d8c                __lock___atexit_recursive_mutex
                0x24069d8d                __lock___arc4random_mutex
                0x24069d8e                __lock___env_recursive_mutex
                0x24069d8f                __lock___sinit_recursive_mutex
                0x24069d90                __lock___malloc_recursive_mutex
                0x24069d91                __lock___at_quick_exit_mutex
                0x24069d92                __lock___dd_hash_mutex
                0x24069d93                __lock___tz_mutex
                0x24069d94                __lock___sfp_recursive_mutex
 *fill*         0x24069d95        0x3 
 COMMON         0x24069d98        0x4 c:/tools/gcc/gcc-9.2-arm32-eabi/bin/../lib/gcc/arm-none-eabi/9.3.1/../../../../arm-none-eabi/lib/thumb/v7e-m+dp/hard\libc_nano.a(lib_a-reent.o)
                0x24069d98                errno
                0x24069d9c                . = ALIGN (0x4)
                0x24069d9c                _ebss = .
                0x24069d9c                __bss_end__ = _ebss
                0x24069d9c                . = ALIGN (0x4)

.ram_d1_cacheable_a
                0x24000000    0x18414
                0x24000000                _d1_c_sbss = .
 *(.ram_d1_cacheable)
 .ram_d1_cacheable
                0x24000000    0x18240 build/main.o
                0x24000000                Audio_Channnel_Count
                0x24000001                Audio_Double_Buffer
                0x24000004                Audio_Flame_Data_Count
                0x24000008                jerr
                0x240000e8                nRowBuff
                0x2400023c                Flame_Buffer
                0x2401823c                row_stride
 .ram_d1_cacheable
                0x24018240       0x14 build/dac.o
                0x24018240                hdac1
 .ram_d1_cacheable
                0x24018254       0x4c build/i2c.o
                0x24018254                hi2c4
 .ram_d1_cacheable
                0x240182a0       0x7c build/sdmmc.o
                0x240182a0                hsd1
 .ram_d1_cacheable
                0x2401831c       0xe4 build/tim.o
                0x2401831c                htim2
                0x24018368                htim4
                0x240183b4                htim6
 .ram_d1_cacheable
                0x24018400       0x14 build/matrix.o
 *(.ram_d1_cacheable*)
                0x24018414                _d1_c_ebss = .
                0x24018414                . = ALIGN (0x4)

.ram_d2_cacheable_a
                0x30000000    0x19800
                0x30000000                _d2_c_sbss = .
 *(.ram_d2_cacheable)
 .ram_d2_cacheable
                0x30000000    0x19800 build/matrix.o
                0x30000000                gIsrBuff0
                0x30000c00                gIsrBuff1
                0x30001800                gMainBuff1
                0x30009800                gMainBuff0
 *(.ram_d2_cacheable*)
                0x30019800                _d2_c_ebss = .
                0x30019800                . = ALIGN (0x4)

.ram_d3_nc_a    0x38000000        0x0
                0x38000000                _d3_nc_sbss = .
 *(.ram_d3_nc)
 *(.ram_d3_nc*)
                0x38000000                _d3_nc_ebss = .

._user_heap_stack
                0x24069d9c     0x2004
                0x24069da0                . = ALIGN (0x8)
 *fill*         0x24069d9c        0x4 
                0x24069da0                PROVIDE (end = .)
                [!provide]                PROVIDE (_end = .)
                0x2406ada0                . = (. + _Min_Heap_Size)
 *fill*         0x24069da0     0x1000 
                0x2406bda0                . = (. + _Min_Stack_Size)
 *fill*         0x2406ada0     0x1000 
                0x2406bda0                . = ALIGN (0x8)

/DISCARD/
 libc.a(*)
 libm.a(*)
 libgcc.a(*)

.ARM.attributes
                0x00000000       0x2e
 *(.ARM.attributes)
 .ARM.attributes
                0x00000000       0x1e c:/tools/gcc/gcc-9.2-arm32-eabi/bin/../lib/gcc/arm-none-eabi/9.3.1/thumb/v7e-m+dp/hard/crti.o
 .ARM.attributes
                0x0000001e       0x32 c:/tools/gcc/gcc-9.2-arm32-eabi/bin/../lib/gcc/arm-none-eabi/9.3.1/thumb/v7e-m+dp/hard/crtbegin.o
 .ARM.attributes
                0x00000050       0x2e build/main.o
 .ARM.attributes
                0x0000007e       0x2e build/gpio.o
 .ARM.attributes
                0x000000ac       0x2e build/dac.o
 .ARM.attributes
                0x000000da       0x2e build/i2c.o
 .ARM.attributes
                0x00000108       0x2e build/sdmmc.o
 .ARM.attributes
                0x00000136       0x2e build/tim.o
 .ARM.attributes
                0x00000164       0x2e build/stm32h7xx_it.o
 .ARM.attributes
                0x00000192       0x2e build/stm32h7xx_hal_msp.o
 .ARM.attributes
                0x000001c0       0x2e build/bsp_driver_sd.o
 .ARM.attributes
                0x000001ee       0x2e build/sd_diskio.o
 .ARM.attributes
                0x0000021c       0x2e build/fatfs_platform.o
 .ARM.attributes
                0x0000024a       0x2e build/fatfs.o
 .ARM.attributes
                0x00000278       0x2e build/libjpeg.o
 .ARM.attributes
                0x000002a6       0x2e build/stm32h7xx_hal_cortex.o
 .ARM.attributes
                0x000002d4       0x2e build/stm32h7xx_hal_dac.o
 .ARM.attributes
                0x00000302       0x2e build/stm32h7xx_hal_rcc.o
 .ARM.attributes
                0x00000330       0x2e build/stm32h7xx_hal_rcc_ex.o
 .ARM.attributes
                0x0000035e       0x2e build/stm32h7xx_hal_gpio.o
 .ARM.attributes
                0x0000038c       0x2e build/stm32h7xx_hal_pwr_ex.o
 .ARM.attributes
                0x000003ba       0x2e build/stm32h7xx_hal.o
 .ARM.attributes
                0x000003e8       0x2e build/stm32h7xx_hal_i2c.o
 .ARM.attributes
                0x00000416       0x2e build/stm32h7xx_hal_i2c_ex.o
 .ARM.attributes
                0x00000444       0x2e build/stm32h7xx_ll_sdmmc.o
 .ARM.attributes
                0x00000472       0x2e build/stm32h7xx_hal_sd.o
 .ARM.attributes
                0x000004a0       0x2e build/stm32h7xx_hal_tim.o
 .ARM.attributes
                0x000004ce       0x2e build/stm32h7xx_hal_tim_ex.o
 .ARM.attributes
                0x000004fc       0x2e build/system_stm32h7xx.o
 .ARM.attributes
                0x0000052a       0x2e build/diskio.o
 .ARM.attributes
                0x00000558       0x2e build/ff.o
 .ARM.attributes
                0x00000586       0x2e build/ff_gen_drv.o
 .ARM.attributes
                0x000005b4       0x2e build/matrix.o
 .ARM.attributes
                0x000005e2       0x33 build/glcdfont.o
 .ARM.attributes
                0x00000615       0x21 build/startup_stm32h750xx.o
 .ARM.attributes
                0x00000636       0x30 c:/tools/gcc/gcc-9.2-arm32-eabi/bin/../lib/gcc/arm-none-eabi/9.3.1/../../../../arm-none-eabi/lib/thumb/v7e-m+dp/hard\libc_nano.a(lib_a-impure.o)
 .ARM.attributes
                0x00000666       0x32 c:/tools/gcc/gcc-9.2-arm32-eabi/bin/../lib/gcc/arm-none-eabi/9.3.1/../../../../arm-none-eabi/lib/thumb/v7e-m+dp/hard\libc_nano.a(lib_a-init.o)
 .ARM.attributes
                0x00000698       0x32 c:/tools/gcc/gcc-9.2-arm32-eabi/bin/../lib/gcc/arm-none-eabi/9.3.1/../../../../arm-none-eabi/lib/thumb/v7e-m+dp/hard\libc_nano.a(lib_a-malloc.o)
 .ARM.attributes
                0x000006ca       0x32 c:/tools/gcc/gcc-9.2-arm32-eabi/bin/../lib/gcc/arm-none-eabi/9.3.1/../../../../arm-none-eabi/lib/thumb/v7e-m+dp/hard\libc_nano.a(lib_a-memcpy-stub.o)
 .ARM.attributes
                0x000006fc       0x32 c:/tools/gcc/gcc-9.2-arm32-eabi/bin/../lib/gcc/arm-none-eabi/9.3.1/../../../../arm-none-eabi/lib/thumb/v7e-m+dp/hard\libc_nano.a(lib_a-memmove.o)
 .ARM.attributes
                0x0000072e       0x32 c:/tools/gcc/gcc-9.2-arm32-eabi/bin/../lib/gcc/arm-none-eabi/9.3.1/../../../../arm-none-eabi/lib/thumb/v7e-m+dp/hard\libc_nano.a(lib_a-memset.o)
 .ARM.attributes
                0x00000760       0x32 c:/tools/gcc/gcc-9.2-arm32-eabi/bin/../lib/gcc/arm-none-eabi/9.3.1/../../../../arm-none-eabi/lib/thumb/v7e-m+dp/hard\libc_nano.a(lib_a-nano-freer.o)
 .ARM.attributes
                0x00000792       0x32 c:/tools/gcc/gcc-9.2-arm32-eabi/bin/../lib/gcc/arm-none-eabi/9.3.1/../../../../arm-none-eabi/lib/thumb/v7e-m+dp/hard\libc_nano.a(lib_a-nano-mallocr.o)
 .ARM.attributes
                0x000007c4       0x32 c:/tools/gcc/gcc-9.2-arm32-eabi/bin/../lib/gcc/arm-none-eabi/9.3.1/../../../../arm-none-eabi/lib/thumb/v7e-m+dp/hard\libc_nano.a(lib_a-printf.o)
 .ARM.attributes
                0x000007f6       0x32 c:/tools/gcc/gcc-9.2-arm32-eabi/bin/../lib/gcc/arm-none-eabi/9.3.1/../../../../arm-none-eabi/lib/thumb/v7e-m+dp/hard\libc_nano.a(lib_a-realloc.o)
 .ARM.attributes
                0x00000828       0x32 c:/tools/gcc/gcc-9.2-arm32-eabi/bin/../lib/gcc/arm-none-eabi/9.3.1/../../../../arm-none-eabi/lib/thumb/v7e-m+dp/hard\libc_nano.a(lib_a-sbrkr.o)
 .ARM.attributes
                0x0000085a       0x32 c:/tools/gcc/gcc-9.2-arm32-eabi/bin/../lib/gcc/arm-none-eabi/9.3.1/../../../../arm-none-eabi/lib/thumb/v7e-m+dp/hard\libc_nano.a(lib_a-snprintf.o)
 .ARM.attributes
                0x0000088c       0x1c c:/tools/gcc/gcc-9.2-arm32-eabi/bin/../lib/gcc/arm-none-eabi/9.3.1/../../../../arm-none-eabi/lib/thumb/v7e-m+dp/hard\libc_nano.a(lib_a-strcmp.o)
 .ARM.attributes
                0x000008a8       0x32 c:/tools/gcc/gcc-9.2-arm32-eabi/bin/../lib/gcc/arm-none-eabi/9.3.1/../../../../arm-none-eabi/lib/thumb/v7e-m+dp/hard\libc_nano.a(lib_a-strcpy.o)
 .ARM.attributes
                0x000008da       0x32 c:/tools/gcc/gcc-9.2-arm32-eabi/bin/../lib/gcc/arm-none-eabi/9.3.1/../../../../arm-none-eabi/lib/thumb/v7e-m+dp/hard\libc_nano.a(lib_a-strncmp.o)
 .ARM.attributes
                0x0000090c       0x32 c:/tools/gcc/gcc-9.2-arm32-eabi/bin/../lib/gcc/arm-none-eabi/9.3.1/../../../../arm-none-eabi/lib/thumb/v7e-m+dp/hard\libc_nano.a(lib_a-strtok.o)
 .ARM.attributes
                0x0000093e       0x32 c:/tools/gcc/gcc-9.2-arm32-eabi/bin/../lib/gcc/arm-none-eabi/9.3.1/../../../../arm-none-eabi/lib/thumb/v7e-m+dp/hard\libc_nano.a(lib_a-strtok_r.o)
 .ARM.attributes
                0x00000970       0x32 c:/tools/gcc/gcc-9.2-arm32-eabi/bin/../lib/gcc/arm-none-eabi/9.3.1/../../../../arm-none-eabi/lib/thumb/v7e-m+dp/hard\libc_nano.a(lib_a-vsprintf.o)
 .ARM.attributes
                0x000009a2       0x32 c:/tools/gcc/gcc-9.2-arm32-eabi/bin/../lib/gcc/arm-none-eabi/9.3.1/../../../../arm-none-eabi/lib/thumb/v7e-m+dp/hard\libc_nano.a(lib_a-assert.o)
 .ARM.attributes
                0x000009d4       0x32 c:/tools/gcc/gcc-9.2-arm32-eabi/bin/../lib/gcc/arm-none-eabi/9.3.1/../../../../arm-none-eabi/lib/thumb/v7e-m+dp/hard\libc_nano.a(lib_a-findfp.o)
 .ARM.attributes
                0x00000a06       0x32 c:/tools/gcc/gcc-9.2-arm32-eabi/bin/../lib/gcc/arm-none-eabi/9.3.1/../../../../arm-none-eabi/lib/thumb/v7e-m+dp/hard\libc_nano.a(lib_a-fprintf.o)
 .ARM.attributes
                0x00000a38       0x32 c:/tools/gcc/gcc-9.2-arm32-eabi/bin/../lib/gcc/arm-none-eabi/9.3.1/../../../../arm-none-eabi/lib/thumb/v7e-m+dp/hard\libc_nano.a(lib_a-fwalk.o)
 .ARM.attributes
                0x00000a6a       0x32 c:/tools/gcc/gcc-9.2-arm32-eabi/bin/../lib/gcc/arm-none-eabi/9.3.1/../../../../arm-none-eabi/lib/thumb/v7e-m+dp/hard\libc_nano.a(lib_a-lock.o)
 .ARM.attributes
                0x00000a9c       0x32 c:/tools/gcc/gcc-9.2-arm32-eabi/bin/../lib/gcc/arm-none-eabi/9.3.1/../../../../arm-none-eabi/lib/thumb/v7e-m+dp/hard\libc_nano.a(lib_a-mlock.o)
 .ARM.attributes
                0x00000ace       0x32 c:/tools/gcc/gcc-9.2-arm32-eabi/bin/../lib/gcc/arm-none-eabi/9.3.1/../../../../arm-none-eabi/lib/thumb/v7e-m+dp/hard\libc_nano.a(lib_a-nano-reallocr.o)
 .ARM.attributes
                0x00000b00       0x32 c:/tools/gcc/gcc-9.2-arm32-eabi/bin/../lib/gcc/arm-none-eabi/9.3.1/../../../../arm-none-eabi/lib/thumb/v7e-m+dp/hard\libc_nano.a(lib_a-nano-svfprintf.o)
 .ARM.attributes
                0x00000b32       0x32 c:/tools/gcc/gcc-9.2-arm32-eabi/bin/../lib/gcc/arm-none-eabi/9.3.1/../../../../arm-none-eabi/lib/thumb/v7e-m+dp/hard\libc_nano.a(lib_a-nano-vfprintf.o)
 .ARM.attributes
                0x00000b64       0x32 c:/tools/gcc/gcc-9.2-arm32-eabi/bin/../lib/gcc/arm-none-eabi/9.3.1/../../../../arm-none-eabi/lib/thumb/v7e-m+dp/hard\libc_nano.a(lib_a-nano-vfprintf_i.o)
 .ARM.attributes
                0x00000b96       0x32 c:/tools/gcc/gcc-9.2-arm32-eabi/bin/../lib/gcc/arm-none-eabi/9.3.1/../../../../arm-none-eabi/lib/thumb/v7e-m+dp/hard\libc_nano.a(lib_a-reent.o)
 .ARM.attributes
                0x00000bc8       0x32 c:/tools/gcc/gcc-9.2-arm32-eabi/bin/../lib/gcc/arm-none-eabi/9.3.1/../../../../arm-none-eabi/lib/thumb/v7e-m+dp/hard\libc_nano.a(lib_a-stdio.o)
 .ARM.attributes
                0x00000bfa       0x32 c:/tools/gcc/gcc-9.2-arm32-eabi/bin/../lib/gcc/arm-none-eabi/9.3.1/../../../../arm-none-eabi/lib/thumb/v7e-m+dp/hard\libc_nano.a(lib_a-wbuf.o)
 .ARM.attributes
                0x00000c2c       0x32 c:/tools/gcc/gcc-9.2-arm32-eabi/bin/../lib/gcc/arm-none-eabi/9.3.1/../../../../arm-none-eabi/lib/thumb/v7e-m+dp/hard\libc_nano.a(lib_a-writer.o)
 .ARM.attributes
                0x00000c5e       0x32 c:/tools/gcc/gcc-9.2-arm32-eabi/bin/../lib/gcc/arm-none-eabi/9.3.1/../../../../arm-none-eabi/lib/thumb/v7e-m+dp/hard\libc_nano.a(lib_a-wsetup.o)
 .ARM.attributes
                0x00000c90       0x32 c:/tools/gcc/gcc-9.2-arm32-eabi/bin/../lib/gcc/arm-none-eabi/9.3.1/../../../../arm-none-eabi/lib/thumb/v7e-m+dp/hard\libc_nano.a(lib_a-abort.o)
 .ARM.attributes
                0x00000cc2       0x32 c:/tools/gcc/gcc-9.2-arm32-eabi/bin/../lib/gcc/arm-none-eabi/9.3.1/../../../../arm-none-eabi/lib/thumb/v7e-m+dp/hard\libc_nano.a(lib_a-closer.o)
 .ARM.attributes
                0x00000cf4       0x32 c:/tools/gcc/gcc-9.2-arm32-eabi/bin/../lib/gcc/arm-none-eabi/9.3.1/../../../../arm-none-eabi/lib/thumb/v7e-m+dp/hard\libc_nano.a(lib_a-fflush.o)
 .ARM.attributes
                0x00000d26       0x32 c:/tools/gcc/gcc-9.2-arm32-eabi/bin/../lib/gcc/arm-none-eabi/9.3.1/../../../../arm-none-eabi/lib/thumb/v7e-m+dp/hard\libc_nano.a(lib_a-lseekr.o)
 .ARM.attributes
                0x00000d58       0x32 c:/tools/gcc/gcc-9.2-arm32-eabi/bin/../lib/gcc/arm-none-eabi/9.3.1/../../../../arm-none-eabi/lib/thumb/v7e-m+dp/hard\libc_nano.a(lib_a-makebuf.o)
 .ARM.attributes
                0x00000d8a       0x1c c:/tools/gcc/gcc-9.2-arm32-eabi/bin/../lib/gcc/arm-none-eabi/9.3.1/../../../../arm-none-eabi/lib/thumb/v7e-m+dp/hard\libc_nano.a(lib_a-memchr.o)
 .ARM.attributes
                0x00000da6       0x32 c:/tools/gcc/gcc-9.2-arm32-eabi/bin/../lib/gcc/arm-none-eabi/9.3.1/../../../../arm-none-eabi/lib/thumb/v7e-m+dp/hard\libc_nano.a(lib_a-nano-msizer.o)
 .ARM.attributes
                0x00000dd8       0x32 c:/tools/gcc/gcc-9.2-arm32-eabi/bin/../lib/gcc/arm-none-eabi/9.3.1/../../../../arm-none-eabi/lib/thumb/v7e-m+dp/hard\libc_nano.a(lib_a-readr.o)
 .ARM.attributes
                0x00000e0a       0x32 c:/tools/gcc/gcc-9.2-arm32-eabi/bin/../lib/gcc/arm-none-eabi/9.3.1/../../../../arm-none-eabi/lib/thumb/v7e-m+dp/hard\libc_nano.a(lib_a-signal.o)
 .ARM.attributes
                0x00000e3c       0x32 c:/tools/gcc/gcc-9.2-arm32-eabi/bin/../lib/gcc/arm-none-eabi/9.3.1/../../../../arm-none-eabi/lib/thumb/v7e-m+dp/hard\libc_nano.a(lib_a-signalr.o)
 .ARM.attributes
                0x00000e6e       0x32 c:/tools/gcc/gcc-9.2-arm32-eabi/bin/../lib/gcc/arm-none-eabi/9.3.1/../../../../arm-none-eabi/lib/thumb/v7e-m+dp/hard\libc_nano.a(lib_a-fstatr.o)
 .ARM.attributes
                0x00000ea0       0x32 c:/tools/gcc/gcc-9.2-arm32-eabi/bin/../lib/gcc/arm-none-eabi/9.3.1/../../../../arm-none-eabi/lib/thumb/v7e-m+dp/hard\libc_nano.a(lib_a-isattyr.o)
 .ARM.attributes
                0x00000ed2       0x32 c:/tools/gcc/gcc-9.2-arm32-eabi/bin/../lib/gcc/arm-none-eabi/9.3.1/../../../../arm-none-eabi/lib/thumb/v7e-m+dp/hard\libnosys.a(close.o)
 .ARM.attributes
                0x00000f04       0x32 c:/tools/gcc/gcc-9.2-arm32-eabi/bin/../lib/gcc/arm-none-eabi/9.3.1/../../../../arm-none-eabi/lib/thumb/v7e-m+dp/hard\libnosys.a(fstat.o)
 .ARM.attributes
                0x00000f36       0x32 c:/tools/gcc/gcc-9.2-arm32-eabi/bin/../lib/gcc/arm-none-eabi/9.3.1/../../../../arm-none-eabi/lib/thumb/v7e-m+dp/hard\libnosys.a(getpid.o)
 .ARM.attributes
                0x00000f68       0x32 c:/tools/gcc/gcc-9.2-arm32-eabi/bin/../lib/gcc/arm-none-eabi/9.3.1/../../../../arm-none-eabi/lib/thumb/v7e-m+dp/hard\libnosys.a(isatty.o)
 .ARM.attributes
                0x00000f9a       0x32 c:/tools/gcc/gcc-9.2-arm32-eabi/bin/../lib/gcc/arm-none-eabi/9.3.1/../../../../arm-none-eabi/lib/thumb/v7e-m+dp/hard\libnosys.a(kill.o)
 .ARM.attributes
                0x00000fcc       0x32 c:/tools/gcc/gcc-9.2-arm32-eabi/bin/../lib/gcc/arm-none-eabi/9.3.1/../../../../arm-none-eabi/lib/thumb/v7e-m+dp/hard\libnosys.a(lseek.o)
 .ARM.attributes
                0x00000ffe       0x32 c:/tools/gcc/gcc-9.2-arm32-eabi/bin/../lib/gcc/arm-none-eabi/9.3.1/../../../../arm-none-eabi/lib/thumb/v7e-m+dp/hard\libnosys.a(read.o)
 .ARM.attributes
                0x00001030       0x32 c:/tools/gcc/gcc-9.2-arm32-eabi/bin/../lib/gcc/arm-none-eabi/9.3.1/../../../../arm-none-eabi/lib/thumb/v7e-m+dp/hard\libnosys.a(sbrk.o)
 .ARM.attributes
                0x00001062       0x32 c:/tools/gcc/gcc-9.2-arm32-eabi/bin/../lib/gcc/arm-none-eabi/9.3.1/../../../../arm-none-eabi/lib/thumb/v7e-m+dp/hard\libnosys.a(write.o)
 .ARM.attributes
                0x00001094       0x32 c:/tools/gcc/gcc-9.2-arm32-eabi/bin/../lib/gcc/arm-none-eabi/9.3.1/../../../../arm-none-eabi/lib/thumb/v7e-m+dp/hard\libnosys.a(_exit.o)
 .ARM.attributes
                0x000010c6       0x1e c:/tools/gcc/gcc-9.2-arm32-eabi/bin/../lib/gcc/arm-none-eabi/9.3.1/thumb/v7e-m+dp/hard/crtn.o
OUTPUT(build/mmp.elf elf32-littlearm)
LOAD linker stubs
LOAD c:/tools/gcc/gcc-9.2-arm32-eabi/bin/../lib/gcc/arm-none-eabi/9.3.1/../../../../arm-none-eabi/lib/thumb/v7e-m+dp/hard\libc.a
LOAD c:/tools/gcc/gcc-9.2-arm32-eabi/bin/../lib/gcc/arm-none-eabi/9.3.1/../../../../arm-none-eabi/lib/thumb/v7e-m+dp/hard\libm.a
LOAD c:/tools/gcc/gcc-9.2-arm32-eabi/bin/../lib/gcc/arm-none-eabi/9.3.1/thumb/v7e-m+dp/hard\libgcc.a

.comment        0x00000000       0x4c
 .comment       0x00000000       0x4c build/main.o
                                 0x4d (size before relaxing)
 .comment       0x0000004c       0x4d build/gpio.o
 .comment       0x0000004c       0x4d build/dac.o
 .comment       0x0000004c       0x4d build/i2c.o
 .comment       0x0000004c       0x4d build/sdmmc.o
 .comment       0x0000004c       0x4d build/tim.o
 .comment       0x0000004c       0x4d build/stm32h7xx_it.o
 .comment       0x0000004c       0x4d build/stm32h7xx_hal_msp.o
 .comment       0x0000004c       0x4d build/bsp_driver_sd.o
 .comment       0x0000004c       0x4d build/sd_diskio.o
 .comment       0x0000004c       0x4d build/fatfs_platform.o
 .comment       0x0000004c       0x4d build/fatfs.o
 .comment       0x0000004c       0x4d build/libjpeg.o
 .comment       0x0000004c       0x4d build/stm32h7xx_hal_cortex.o
 .comment       0x0000004c       0x4d build/stm32h7xx_hal_dac.o
 .comment       0x0000004c       0x4d build/stm32h7xx_hal_rcc.o
 .comment       0x0000004c       0x4d build/stm32h7xx_hal_rcc_ex.o
 .comment       0x0000004c       0x4d build/stm32h7xx_hal_gpio.o
 .comment       0x0000004c       0x4d build/stm32h7xx_hal_pwr_ex.o
 .comment       0x0000004c       0x4d build/stm32h7xx_hal.o
 .comment       0x0000004c       0x4d build/stm32h7xx_hal_i2c.o
 .comment       0x0000004c       0x4d build/stm32h7xx_hal_i2c_ex.o
 .comment       0x0000004c       0x4d build/stm32h7xx_ll_sdmmc.o
 .comment       0x0000004c       0x4d build/stm32h7xx_hal_sd.o
 .comment       0x0000004c       0x4d build/stm32h7xx_hal_tim.o
 .comment       0x0000004c       0x4d build/stm32h7xx_hal_tim_ex.o
 .comment       0x0000004c       0x4d build/system_stm32h7xx.o
 .comment       0x0000004c       0x4d build/diskio.o
 .comment       0x0000004c       0x4d build/ff.o
 .comment       0x0000004c       0x4d build/ff_gen_drv.o
 .comment       0x0000004c       0x4d build/matrix.o
 .comment       0x0000004c       0x4d build/glcdfont.o

.debug_frame    0x00000000      0xe24
 .debug_frame   0x00000000       0x2c c:/tools/gcc/gcc-9.2-arm32-eabi/bin/../lib/gcc/arm-none-eabi/9.3.1/../../../../arm-none-eabi/lib/thumb/v7e-m+dp/hard\libc_nano.a(lib_a-init.o)
 .debug_frame   0x0000002c       0x30 c:/tools/gcc/gcc-9.2-arm32-eabi/bin/../lib/gcc/arm-none-eabi/9.3.1/../../../../arm-none-eabi/lib/thumb/v7e-m+dp/hard\libc_nano.a(lib_a-malloc.o)
 .debug_frame   0x0000005c       0x28 c:/tools/gcc/gcc-9.2-arm32-eabi/bin/../lib/gcc/arm-none-eabi/9.3.1/../../../../arm-none-eabi/lib/thumb/v7e-m+dp/hard\libc_nano.a(lib_a-memcpy-stub.o)
 .debug_frame   0x00000084       0x28 c:/tools/gcc/gcc-9.2-arm32-eabi/bin/../lib/gcc/arm-none-eabi/9.3.1/../../../../arm-none-eabi/lib/thumb/v7e-m+dp/hard\libc_nano.a(lib_a-memmove.o)
 .debug_frame   0x000000ac       0x20 c:/tools/gcc/gcc-9.2-arm32-eabi/bin/../lib/gcc/arm-none-eabi/9.3.1/../../../../arm-none-eabi/lib/thumb/v7e-m+dp/hard\libc_nano.a(lib_a-memset.o)
 .debug_frame   0x000000cc       0x38 c:/tools/gcc/gcc-9.2-arm32-eabi/bin/../lib/gcc/arm-none-eabi/9.3.1/../../../../arm-none-eabi/lib/thumb/v7e-m+dp/hard\libc_nano.a(lib_a-nano-freer.o)
 .debug_frame   0x00000104       0x30 c:/tools/gcc/gcc-9.2-arm32-eabi/bin/../lib/gcc/arm-none-eabi/9.3.1/../../../../arm-none-eabi/lib/thumb/v7e-m+dp/hard\libc_nano.a(lib_a-nano-mallocr.o)
 .debug_frame   0x00000134       0x74 c:/tools/gcc/gcc-9.2-arm32-eabi/bin/../lib/gcc/arm-none-eabi/9.3.1/../../../../arm-none-eabi/lib/thumb/v7e-m+dp/hard\libc_nano.a(lib_a-printf.o)
 .debug_frame   0x000001a8       0x20 c:/tools/gcc/gcc-9.2-arm32-eabi/bin/../lib/gcc/arm-none-eabi/9.3.1/../../../../arm-none-eabi/lib/thumb/v7e-m+dp/hard\libc_nano.a(lib_a-realloc.o)
 .debug_frame   0x000001c8       0x2c c:/tools/gcc/gcc-9.2-arm32-eabi/bin/../lib/gcc/arm-none-eabi/9.3.1/../../../../arm-none-eabi/lib/thumb/v7e-m+dp/hard\libc_nano.a(lib_a-sbrkr.o)
 .debug_frame   0x000001f4       0x7c c:/tools/gcc/gcc-9.2-arm32-eabi/bin/../lib/gcc/arm-none-eabi/9.3.1/../../../../arm-none-eabi/lib/thumb/v7e-m+dp/hard\libc_nano.a(lib_a-snprintf.o)
 .debug_frame   0x00000270       0x20 c:/tools/gcc/gcc-9.2-arm32-eabi/bin/../lib/gcc/arm-none-eabi/9.3.1/../../../../arm-none-eabi/lib/thumb/v7e-m+dp/hard\libc_nano.a(lib_a-strcmp.o)
 .debug_frame   0x00000290       0x20 c:/tools/gcc/gcc-9.2-arm32-eabi/bin/../lib/gcc/arm-none-eabi/9.3.1/../../../../arm-none-eabi/lib/thumb/v7e-m+dp/hard\libc_nano.a(lib_a-strcpy.o)
 .debug_frame   0x000002b0       0x28 c:/tools/gcc/gcc-9.2-arm32-eabi/bin/../lib/gcc/arm-none-eabi/9.3.1/../../../../arm-none-eabi/lib/thumb/v7e-m+dp/hard\libc_nano.a(lib_a-strncmp.o)
 .debug_frame   0x000002d8       0x38 c:/tools/gcc/gcc-9.2-arm32-eabi/bin/../lib/gcc/arm-none-eabi/9.3.1/../../../../arm-none-eabi/lib/thumb/v7e-m+dp/hard\libc_nano.a(lib_a-strtok.o)
 .debug_frame   0x00000310       0x40 c:/tools/gcc/gcc-9.2-arm32-eabi/bin/../lib/gcc/arm-none-eabi/9.3.1/../../../../arm-none-eabi/lib/thumb/v7e-m+dp/hard\libc_nano.a(lib_a-strtok_r.o)
 .debug_frame   0x00000350       0x3c c:/tools/gcc/gcc-9.2-arm32-eabi/bin/../lib/gcc/arm-none-eabi/9.3.1/../../../../arm-none-eabi/lib/thumb/v7e-m+dp/hard\libc_nano.a(lib_a-vsprintf.o)
 .debug_frame   0x0000038c       0x40 c:/tools/gcc/gcc-9.2-arm32-eabi/bin/../lib/gcc/arm-none-eabi/9.3.1/../../../../arm-none-eabi/lib/thumb/v7e-m+dp/hard\libc_nano.a(lib_a-assert.o)
 .debug_frame   0x000003cc      0x14c c:/tools/gcc/gcc-9.2-arm32-eabi/bin/../lib/gcc/arm-none-eabi/9.3.1/../../../../arm-none-eabi/lib/thumb/v7e-m+dp/hard\libc_nano.a(lib_a-findfp.o)
 .debug_frame   0x00000518       0x64 c:/tools/gcc/gcc-9.2-arm32-eabi/bin/../lib/gcc/arm-none-eabi/9.3.1/../../../../arm-none-eabi/lib/thumb/v7e-m+dp/hard\libc_nano.a(lib_a-fprintf.o)
 .debug_frame   0x0000057c       0x54 c:/tools/gcc/gcc-9.2-arm32-eabi/bin/../lib/gcc/arm-none-eabi/9.3.1/../../../../arm-none-eabi/lib/thumb/v7e-m+dp/hard\libc_nano.a(lib_a-fwalk.o)