Archive member included to satisfy reference by file (symbol)

c:/tools/gcc/gcc-9.2-arm32-eabi/bin/../lib/gcc/arm-none-eabi/9.3.1/../../../../arm-none-eabi/lib/thumb/v7e-m+dp/hard\libc_nano.a(lib_a-exit.o)
                              c:/tools/gcc/gcc-9.2-arm32-eabi/bin/../lib/gcc/arm-none-eabi/9.3.1/../../../../arm-none-eabi/lib/thumb/v7e-m+dp/hard/crt0.o (exit)
c:/tools/gcc/gcc-9.2-arm32-eabi/bin/../lib/gcc/arm-none-eabi/9.3.1/../../../../arm-none-eabi/lib/thumb/v7e-m+dp/hard\libc_nano.a(lib_a-impure.o)
                              c:/tools/gcc/gcc-9.2-arm32-eabi/bin/../lib/gcc/arm-none-eabi/9.3.1/../../../../arm-none-eabi/lib/thumb/v7e-m+dp/hard\libc_nano.a(lib_a-exit.o) (_global_impure_ptr)
c:/tools/gcc/gcc-9.2-arm32-eabi/bin/../lib/gcc/arm-none-eabi/9.3.1/../../../../arm-none-eabi/lib/thumb/v7e-m+dp/hard\libc_nano.a(lib_a-init.o)
                              c:/tools/gcc/gcc-9.2-arm32-eabi/bin/../lib/gcc/arm-none-eabi/9.3.1/../../../../arm-none-eabi/lib/thumb/v7e-m+dp/hard/crt0.o (__libc_init_array)
c:/tools/gcc/gcc-9.2-arm32-eabi/bin/../lib/gcc/arm-none-eabi/9.3.1/../../../../arm-none-eabi/lib/thumb/v7e-m+dp/hard\libc_nano.a(lib_a-malloc.o)
                              build/main.o (malloc)
c:/tools/gcc/gcc-9.2-arm32-eabi/bin/../lib/gcc/arm-none-eabi/9.3.1/../../../../arm-none-eabi/lib/thumb/v7e-m+dp/hard\libc_nano.a(lib_a-memcpy-stub.o)
                              build/jcparam.o (memcpy)
c:/tools/gcc/gcc-9.2-arm32-eabi/bin/../lib/gcc/arm-none-eabi/9.3.1/../../../../arm-none-eabi/lib/thumb/v7e-m+dp/hard\libc_nano.a(lib_a-memmove.o)
                              build/main.o (memmove)
c:/tools/gcc/gcc-9.2-arm32-eabi/bin/../lib/gcc/arm-none-eabi/9.3.1/../../../../arm-none-eabi/lib/thumb/v7e-m+dp/hard\libc_nano.a(lib_a-memset.o)
                              c:/tools/gcc/gcc-9.2-arm32-eabi/bin/../lib/gcc/arm-none-eabi/9.3.1/../../../../arm-none-eabi/lib/thumb/v7e-m+dp/hard/crt0.o (memset)
c:/tools/gcc/gcc-9.2-arm32-eabi/bin/../lib/gcc/arm-none-eabi/9.3.1/../../../../arm-none-eabi/lib/thumb/v7e-m+dp/hard\libc_nano.a(lib_a-nano-freer.o)
                              c:/tools/gcc/gcc-9.2-arm32-eabi/bin/../lib/gcc/arm-none-eabi/9.3.1/../../../../arm-none-eabi/lib/thumb/v7e-m+dp/hard\libc_nano.a(lib_a-malloc.o) (_free_r)
c:/tools/gcc/gcc-9.2-arm32-eabi/bin/../lib/gcc/arm-none-eabi/9.3.1/../../../../arm-none-eabi/lib/thumb/v7e-m+dp/hard\libc_nano.a(lib_a-nano-mallocr.o)
                              c:/tools/gcc/gcc-9.2-arm32-eabi/bin/../lib/gcc/arm-none-eabi/9.3.1/../../../../arm-none-eabi/lib/thumb/v7e-m+dp/hard\libc_nano.a(lib_a-malloc.o) (_malloc_r)
c:/tools/gcc/gcc-9.2-arm32-eabi/bin/../lib/gcc/arm-none-eabi/9.3.1/../../../../arm-none-eabi/lib/thumb/v7e-m+dp/hard\libc_nano.a(lib_a-printf.o)
                              build/main.o (printf)
c:/tools/gcc/gcc-9.2-arm32-eabi/bin/../lib/gcc/arm-none-eabi/9.3.1/../../../../arm-none-eabi/lib/thumb/v7e-m+dp/hard\libc_nano.a(lib_a-realloc.o)
                              build/main.o (realloc)
c:/tools/gcc/gcc-9.2-arm32-eabi/bin/../lib/gcc/arm-none-eabi/9.3.1/../../../../arm-none-eabi/lib/thumb/v7e-m+dp/hard\libc_nano.a(lib_a-sbrkr.o)
                              c:/tools/gcc/gcc-9.2-arm32-eabi/bin/../lib/gcc/arm-none-eabi/9.3.1/../../../../arm-none-eabi/lib/thumb/v7e-m+dp/hard\libc_nano.a(lib_a-nano-mallocr.o) (_sbrk_r)
c:/tools/gcc/gcc-9.2-arm32-eabi/bin/../lib/gcc/arm-none-eabi/9.3.1/../../../../arm-none-eabi/lib/thumb/v7e-m+dp/hard\libc_nano.a(lib_a-setjmp.o)
                              build/main.o (setjmp)
c:/tools/gcc/gcc-9.2-arm32-eabi/bin/../lib/gcc/arm-none-eabi/9.3.1/../../../../arm-none-eabi/lib/thumb/v7e-m+dp/hard\libc_nano.a(lib_a-snprintf.o)
                              build/main.o (snprintf)
c:/tools/gcc/gcc-9.2-arm32-eabi/bin/../lib/gcc/arm-none-eabi/9.3.1/../../../../arm-none-eabi/lib/thumb/v7e-m+dp/hard\libc_nano.a(lib_a-sprintf.o)
                              build/main.o (sprintf)
c:/tools/gcc/gcc-9.2-arm32-eabi/bin/../lib/gcc/arm-none-eabi/9.3.1/../../../../arm-none-eabi/lib/thumb/v7e-m+dp/hard\libc_nano.a(lib_a-strcmp.o)
                              build/main.o (strcmp)
c:/tools/gcc/gcc-9.2-arm32-eabi/bin/../lib/gcc/arm-none-eabi/9.3.1/../../../../arm-none-eabi/lib/thumb/v7e-m+dp/hard\libc_nano.a(lib_a-strcpy.o)
                              build/main.o (strcpy)
c:/tools/gcc/gcc-9.2-arm32-eabi/bin/../lib/gcc/arm-none-eabi/9.3.1/../../../../arm-none-eabi/lib/thumb/v7e-m+dp/hard\libc_nano.a(lib_a-strlen.o)
                              build/main.o (strlen)
c:/tools/gcc/gcc-9.2-arm32-eabi/bin/../lib/gcc/arm-none-eabi/9.3.1/../../../../arm-none-eabi/lib/thumb/v7e-m+dp/hard\libc_nano.a(lib_a-strncmp.o)
                              build/main.o (strncmp)
c:/tools/gcc/gcc-9.2-arm32-eabi/bin/../lib/gcc/arm-none-eabi/9.3.1/../../../../arm-none-eabi/lib/thumb/v7e-m+dp/hard\libc_nano.a(lib_a-strtok.o)
                              build/main.o (strtok)
[...]
Memory Configuration

Name             Origin             Length             Attributes
DTCMRAM          0x20000000         0x00020000         xrw
RAM_D1_C         0x24000000         0x00060000         xrw
RAM_D1_NC        0x24060000         0x00020000         xrw
RAM_D2           0x30000000         0x00048000         xrw
RAM_D3           0x38000000         0x00010000         xrw
ITCMRAM          0x00000000         0x00010000         xrw
FLASH            0x08000000         0x00200000         xr
*default*        0x00000000         0xffffffff

Linker script and memory map

LOAD c:/tools/gcc/gcc-9.2-arm32-eabi/bin/../lib/gcc/arm-none-eabi/9.3.1/thumb/v7e-m+dp/hard/crti.o
LOAD c:/tools/gcc/gcc-9.2-arm32-eabi/bin/../lib/gcc/arm-none-eabi/9.3.1/thumb/v7e-m+dp/hard/crtbegin.o
LOAD c:/tools/gcc/gcc-9.2-arm32-eabi/bin/../lib/gcc/arm-none-eabi/9.3.1/../../../../arm-none-eabi/lib/thumb/v7e-m+dp/hard/crt0.o
LOAD build/main.o
LOAD build/gpio.o
LOAD build/dac.o
LOAD build/i2c.o
LOAD build/sdmmc.o
LOAD build/tim.o
LOAD build/stm32h7xx_it.o
LOAD build/stm32h7xx_hal_msp.o
LOAD build/bsp_driver_sd.o
LOAD build/sd_diskio.o
LOAD build/fatfs_platform.o
LOAD build/fatfs.o
LOAD build/libjpeg.o
LOAD build/jdata_conf.o
LOAD build/stm32h7xx_hal_cortex.o
LOAD build/stm32h7xx_hal_dac.o
LOAD build/stm32h7xx_hal_dac_ex.o
LOAD build/stm32h7xx_hal_rcc.o
LOAD build/stm32h7xx_hal_rcc_ex.o
LOAD build/stm32h7xx_hal_flash.o
LOAD build/stm32h7xx_hal_flash_ex.o
LOAD build/stm32h7xx_hal_gpio.o
LOAD build/stm32h7xx_hal_hsem.o
LOAD build/stm32h7xx_hal_dma.o
LOAD build/stm32h7xx_hal_dma_ex.o
LOAD build/stm32h7xx_hal_mdma.o
LOAD build/stm32h7xx_hal_pwr.o
LOAD build/stm32h7xx_hal_pwr_ex.o
LOAD build/stm32h7xx_hal.o
LOAD build/stm32h7xx_hal_i2c.o
LOAD build/stm32h7xx_hal_i2c_ex.o
LOAD build/stm32h7xx_hal_exti.o
LOAD build/stm32h7xx_ll_sdmmc.o
LOAD build/stm32h7xx_ll_delayblock.o
LOAD build/stm32h7xx_hal_sd.o
LOAD build/stm32h7xx_hal_sd_ex.o
LOAD build/stm32h7xx_hal_tim.o
LOAD build/stm32h7xx_hal_tim_ex.o
LOAD build/system_stm32h7xx.o
LOAD build/diskio.o
LOAD build/ff.o
LOAD build/ff_gen_drv.o
LOAD build/syscall.o
LOAD build/jcapimin.o
LOAD build/jcapistd.o
LOAD build/jdapimin.o
LOAD build/jdapistd.o
LOAD build/jcomapi.o
LOAD build/jcparam.o
LOAD build/jctrans.o
LOAD build/jdtrans.o
LOAD build/jcinit.o
LOAD build/jcmaster.o
LOAD build/jcmainct.o
LOAD build/jcprepct.o
LOAD build/jccoefct.o
LOAD build/jccolor.o
LOAD build/jcsample.o
LOAD build/jcdctmgr.o
LOAD build/jfdctint.o
LOAD build/jfdctfst.o
LOAD build/jfdctflt.o
LOAD build/jchuff.o
LOAD build/jcarith.o
LOAD build/jcmarker.o
LOAD build/jdatadst.o
LOAD build/jdmaster.o
LOAD build/jdinput.o
LOAD build/jdmainct.o
LOAD build/jdcoefct.o
LOAD build/jdpostct.o
LOAD build/jdmarker.o
LOAD build/jdhuff.o
LOAD build/jdarith.o
LOAD build/jddctmgr.o
LOAD build/jidctint.o
LOAD build/jidctfst.o
LOAD build/jidctflt.o
LOAD build/jdsample.o
LOAD build/jdcolor.o
LOAD build/jdmerge.o
LOAD build/jquant1.o
LOAD build/jquant2.o
LOAD build/jdatasrc.o
LOAD build/jaricom.o
LOAD build/jerror.o
LOAD build/jmemmgr.o
LOAD build/jutils.o
LOAD build/jmemnobs.o
LOAD build/matrix.o
LOAD build/glcdfont.o
LOAD build/256_192.o
LOAD build/startup_stm32h750xx.o
LOAD c:/tools/gcc/gcc-9.2-arm32-eabi/bin/../lib/gcc/arm-none-eabi/9.3.1/../../../../arm-none-eabi/lib/thumb/v7e-m+dp/hard\libc_nano.a
LOAD c:/tools/gcc/gcc-9.2-arm32-eabi/bin/../lib/gcc/arm-none-eabi/9.3.1/../../../../arm-none-eabi/lib/thumb/v7e-m+dp/hard\libm.a
LOAD c:/tools/gcc/gcc-9.2-arm32-eabi/bin/../lib/gcc/arm-none-eabi/9.3.1/../../../../arm-none-eabi/lib/thumb/v7e-m+dp/hard\libnosys.a
START GROUP
LOAD c:/tools/gcc/gcc-9.2-arm32-eabi/bin/../lib/gcc/arm-none-eabi/9.3.1/thumb/v7e-m+dp/hard\libgcc.a
LOAD c:/tools/gcc/gcc-9.2-arm32-eabi/bin/../lib/gcc/arm-none-eabi/9.3.1/../../../../arm-none-eabi/lib/thumb/v7e-m+dp/hard\libc_nano.a
END GROUP
START GROUP
LOAD c:/tools/gcc/gcc-9.2-arm32-eabi/bin/../lib/gcc/arm-none-eabi/9.3.1/thumb/v7e-m+dp/hard\libgcc.a
LOAD c:/tools/gcc/gcc-9.2-arm32-eabi/bin/../lib/gcc/arm-none-eabi/9.3.1/../../../../arm-none-eabi/lib/thumb/v7e-m+dp/hard\libc_nano.a
END GROUP
LOAD c:/tools/gcc/gcc-9.2-arm32-eabi/bin/../lib/gcc/arm-none-eabi/9.3.1/thumb/v7e-m+dp/hard/crtend.o
LOAD c:/tools/gcc/gcc-9.2-arm32-eabi/bin/../lib/gcc/arm-none-eabi/9.3.1/thumb/v7e-m+dp/hard/crtn.o
                0x2407ffff                _estack = 0x2407ffff
                0x00001000                _Min_Heap_Size = 0x1000
                0x00001000                _Min_Stack_Size = 0x1000

.isr_vector     0x08000000      0x298
                0x08000000                . = ALIGN (0x4)
 *(.isr_vector)
 .isr_vector    0x08000000      0x298 build/startup_stm32h750xx.o
                0x08000000                g_pfnVectors
                0x08000298                . = ALIGN (0x4)

.text           0x080002a0     0x9f74
                0x080002a0                . = ALIGN (0x4)
 *(.text)
 .text          0x080002a0       0x40 c:/tools/gcc/gcc-9.2-arm32-eabi/bin/../lib/gcc/arm-none-eabi/9.3.1/thumb/v7e-m+dp/hard/crtbegin.o
 .text          0x080002e0       0x14 c:/tools/gcc/gcc-9.2-arm32-eabi/bin/../lib/gcc/arm-none-eabi/9.3.1/../../../../arm-none-eabi/lib/thumb/v7e-m+dp/hard\libc_nano.a(lib_a-strcmp.o)
                0x080002e0                strcmp
 *fill*         0x080002f4        0xc 
 .text          0x08000300       0xa0 c:/tools/gcc/gcc-9.2-arm32-eabi/bin/../lib/gcc/arm-none-eabi/9.3.1/../../../../arm-none-eabi/lib/thumb/v7e-m+dp/hard\libc_nano.a(lib_a-memchr.o)
                0x08000300                memchr
 *(.text*)
 .text.HAL_TIM_PeriodElapsedCallback
                0x080003a0       0x14 build/main.o
                0x080003a0                HAL_TIM_PeriodElapsedCallback
 .text.SD_ReadAviHeader
                0x080003b4      0xda0 build/main.o
                0x080003b4                SD_ReadAviHeader
 .text.SD_GetPlayList
                0x08001154      0x304 build/main.o
                0x08001154                SD_GetPlayList
 .text.SD_ReadAviStream
                0x08001458      0x3d4 build/main.o
                0x08001458                SD_ReadAviStream
 .text.SD_PlayAviVideo
                0x0800182c      0x334 build/main.o
                0x0800182c                SD_PlayAviVideo
 .text.SystemClock_Config
                0x08001b60       0xb0 build/main.o
                0x08001b60                SystemClock_Config
 .text.startup.main
                0x08001c10      0x518 build/main.o
                0x08001c10                main
 .text.Error_Handler
                0x08002128        0x2 build/main.o
                0x08002128                Error_Handler
 *fill*         0x0800212a        0x2 
 .text.MX_GPIO_Init
                0x0800212c      0x1ec build/gpio.o
                0x0800212c                MX_GPIO_Init
 .text.MX_DAC1_Init
                0x08002318       0x58 build/dac.o
                0x08002318                MX_DAC1_Init
 .text.HAL_DAC_MspInit
                0x08002370       0x70 build/dac.o
                0x08002370                HAL_DAC_MspInit
 .text.MX_I2C4_Init
                0x080023e0       0x5c build/i2c.o
                0x080023e0                MX_I2C4_Init
 .text.HAL_I2C_MspInit
                0x0800243c       0x98 build/i2c.o
                0x0800243c                HAL_I2C_MspInit
 .text.MX_SDMMC1_SD_Init
                0x080024d4       0x28 build/sdmmc.o
                0x080024d4                MX_SDMMC1_SD_Init
 .text.HAL_SD_MspInit
                0x080024fc       0xd8 build/sdmmc.o
                0x080024fc                HAL_SD_MspInit
 .text.MX_TIM4_Init
                0x080025d4       0x6c build/tim.o
                0x080025d4                MX_TIM4_Init
 .text.HAL_TIM_Base_MspInit
                0x08002640       0x68 build/tim.o
                0x08002640                HAL_TIM_Base_MspInit
 .text.HAL_TIM_MspPostInit
                0x080026a8       0x58 build/tim.o
                0x080026a8                HAL_TIM_MspPostInit
 .text.MX_TIM2_Init
                0x08002700       0xa4 build/tim.o
                0x08002700                MX_TIM2_Init
 .text.NMI_Handler
                0x080027a4        0x2 build/stm32h7xx_it.o
                0x080027a4                NMI_Handler
 .text.HardFault_Handler
                0x080027a6        0x2 build/stm32h7xx_it.o
                0x080027a6                HardFault_Handler
 .text.MemManage_Handler
                0x080027a8        0x2 build/stm32h7xx_it.o
                0x080027a8                MemManage_Handler
 .text.BusFault_Handler
                0x080027aa        0x2 build/stm32h7xx_it.o
                0x080027aa                BusFault_Handler
 .text.UsageFault_Handler
                0x080027ac        0x2 build/stm32h7xx_it.o
                0x080027ac                UsageFault_Handler
 .text.SVC_Handler
                0x080027ae        0x2 build/stm32h7xx_it.o
                0x080027ae                SVC_Handler
 .text.DebugMon_Handler
                0x080027b0        0x2 build/stm32h7xx_it.o
                0x080027b0                DebugMon_Handler
 .text.PendSV_Handler
                0x080027b2        0x2 build/stm32h7xx_it.o
                0x080027b2                PendSV_Handler
 .text.SysTick_Handler
                0x080027b4        0x4 build/stm32h7xx_it.o
                0x080027b4                SysTick_Handler
 .text.EXTI1_IRQHandler
                0x080027b8        0x6 build/stm32h7xx_it.o
                0x080027b8                EXTI1_IRQHandler
 .text.EXTI9_5_IRQHandler
                0x080027be        0x8 build/stm32h7xx_it.o
                0x080027be                EXTI9_5_IRQHandler
 *fill*         0x080027c6        0x2 
 .text.TIM4_IRQHandler
                0x080027c8        0xc build/stm32h7xx_it.o
                0x080027c8                TIM4_IRQHandler
 .text.EXTI15_10_IRQHandler
                0x080027d4       0x16 build/stm32h7xx_it.o
                0x080027d4                EXTI15_10_IRQHandler
 *fill*         0x080027ea        0x2 
 .text.SDMMC1_IRQHandler
                0x080027ec        0xc build/stm32h7xx_it.o
                0x080027ec                SDMMC1_IRQHandler
 .text.HAL_MspInit
                0x080027f8       0x24 build/stm32h7xx_hal_msp.o
                0x080027f8                HAL_MspInit
 .text.BSP_SD_ReadBlocks_DMA
                0x0800281c       0x1c build/bsp_driver_sd.o
                0x0800281c                BSP_SD_ReadBlocks_DMA
 .text.BSP_SD_WriteBlocks_DMA
                0x08002838       0x1c build/bsp_driver_sd.o
                0x08002838                BSP_SD_WriteBlocks_DMA
 .text.BSP_SD_GetCardState
                0x08002854       0x14 build/bsp_driver_sd.o
                0x08002854                BSP_SD_GetCardState
 .text.BSP_SD_GetCardInfo
                0x08002868        0xc build/bsp_driver_sd.o
                0x08002868                BSP_SD_GetCardInfo
 .text.HAL_SD_TxCpltCallback
                0x08002874        0x8 build/bsp_driver_sd.o
                0x08002874                HAL_SD_TxCpltCallback
 .text.HAL_SD_RxCpltCallback
                0x0800287c        0x8 build/bsp_driver_sd.o
                0x0800287c                HAL_SD_RxCpltCallback
 .text.BSP_SD_IsDetected
                0x08002884       0x1c build/bsp_driver_sd.o
                0x08002884                BSP_SD_IsDetected
 .text.BSP_SD_Init
                0x080028a0       0x2c build/bsp_driver_sd.o
                0x080028a0                BSP_SD_Init
 .text.SD_CheckStatus.isra.0
                0x080028cc       0x20 build/sd_diskio.o
 .text.SD_initialize
                0x080028ec       0x18 build/sd_diskio.o
                0x080028ec                SD_initialize
 .text.SD_status
                0x08002904        0x4 build/sd_diskio.o
                0x08002904                SD_status
 .text.SD_ioctl
                0x08002908       0x54 build/sd_diskio.o
                0x08002908                SD_ioctl
 .text.SD_CheckStatusWithTimeout.constprop.0
                0x0800295c       0x26 build/sd_diskio.o
 *fill*         0x08002982        0x2 
 .text.SD_write
                0x08002984       0x70 build/sd_diskio.o
                0x08002984                SD_write
 .text.SD_read  0x080029f4       0x6c build/sd_diskio.o
                0x080029f4                SD_read
 .text.BSP_SD_WriteCpltCallback
                0x08002a60        0xc build/sd_diskio.o
                0x08002a60                BSP_SD_WriteCpltCallback
 .text.BSP_SD_ReadCpltCallback
                0x08002a6c        0xc build/sd_diskio.o
                0x08002a6c                BSP_SD_ReadCpltCallback
 .text.BSP_PlatformIsDetected
                0x08002a78       0x18 build/fatfs_platform.o
                0x08002a78                BSP_PlatformIsDetected
 .text.MX_FATFS_Init
                0x08002a90       0x1c build/fatfs.o
                0x08002a90                MX_FATFS_Init
 .text.get_fattime
                0x08002aac        0x4 build/fatfs.o
                0x08002aac                get_fattime
 .text.MX_LIBJPEG_Init
                0x08002ab0        0x2 build/libjpeg.o
                0x08002ab0                MX_LIBJPEG_Init
 *fill*         0x08002ab2        0x2 
 .text.HAL_NVIC_SetPriorityGrouping
                0x08002ab4       0x24 build/stm32h7xx_hal_cortex.o
                0x08002ab4                HAL_NVIC_SetPriorityGrouping
 .text.HAL_NVIC_SetPriority
                0x08002ad8       0x64 build/stm32h7xx_hal_cortex.o
                0x08002ad8                HAL_NVIC_SetPriority
 .text.HAL_NVIC_EnableIRQ
                0x08002b3c       0x1c build/stm32h7xx_hal_cortex.o
                0x08002b3c                HAL_NVIC_EnableIRQ
 .text.HAL_SYSTICK_Config
                0x08002b58       0x2c build/stm32h7xx_hal_cortex.o
                0x08002b58                HAL_SYSTICK_Config
 .text.HAL_MPU_Disable
                0x08002b84       0x20 build/stm32h7xx_hal_cortex.o
                0x08002b84                HAL_MPU_Disable
 .text.HAL_MPU_Enable
                0x08002ba4       0x24 build/stm32h7xx_hal_cortex.o
                0x08002ba4                HAL_MPU_Enable
 .text.HAL_MPU_ConfigRegion
                0x08002bc8       0x50 build/stm32h7xx_hal_cortex.o
                0x08002bc8                HAL_MPU_ConfigRegion
 .text.HAL_DAC_Init
                0x08002c18       0x26 build/stm32h7xx_hal_dac.o
                0x08002c18                HAL_DAC_Init
 *fill*         0x08002c3e        0x2 
 .text.HAL_DAC_ConfigChannel
                0x08002c40      0x138 build/stm32h7xx_hal_dac.o
                0x08002c40                HAL_DAC_ConfigChannel
 .text.HAL_RCC_OscConfig
                0x08002d78      0x530 build/stm32h7xx_hal_rcc.o
                0x08002d78                HAL_RCC_OscConfig
 .text.HAL_RCC_GetSysClockFreq
                0x080032a8      0x110 build/stm32h7xx_hal_rcc.o
                0x080032a8                HAL_RCC_GetSysClockFreq
 .text.HAL_RCC_ClockConfig
                0x080033b8      0x24c build/stm32h7xx_hal_rcc.o
                0x080033b8                HAL_RCC_ClockConfig
 .text.HAL_RCC_GetHCLKFreq
                0x08003604       0x44 build/stm32h7xx_hal_rcc.o
                0x08003604                HAL_RCC_GetHCLKFreq
 .text.RCCEx_PLL2_Config
                0x08003648       0xf0 build/stm32h7xx_hal_rcc_ex.o
 .text.RCCEx_PLL3_Config
                0x08003738       0xf0 build/stm32h7xx_hal_rcc_ex.o
 .text.HAL_RCCEx_PeriphCLKConfig
                0x08003828      0x96c build/stm32h7xx_hal_rcc_ex.o
                0x08003828                HAL_RCCEx_PeriphCLKConfig
 .text.HAL_RCCEx_GetD3PCLK1Freq
                0x08004194       0x24 build/stm32h7xx_hal_rcc_ex.o
                0x08004194                HAL_RCCEx_GetD3PCLK1Freq
 .text.HAL_RCCEx_GetPLL2ClockFreq
                0x080041b8      0x12c build/stm32h7xx_hal_rcc_ex.o
                0x080041b8                HAL_RCCEx_GetPLL2ClockFreq
 .text.HAL_RCCEx_GetPLL3ClockFreq
                0x080042e4      0x12c build/stm32h7xx_hal_rcc_ex.o
                0x080042e4                HAL_RCCEx_GetPLL3ClockFreq
 .text.HAL_RCCEx_GetPLL1ClockFreq
                0x08004410      0x12c build/stm32h7xx_hal_rcc_ex.o
                0x08004410                HAL_RCCEx_GetPLL1ClockFreq
 .text.HAL_RCCEx_GetPeriphCLKFreq
                0x0800453c      0x290 build/stm32h7xx_hal_rcc_ex.o
                0x0800453c                HAL_RCCEx_GetPeriphCLKFreq
 .text.HAL_GPIO_Init
                0x080047cc      0x1cc build/stm32h7xx_hal_gpio.o
                0x080047cc                HAL_GPIO_Init
 .text.HAL_GPIO_ReadPin
                0x08004998        0xc build/stm32h7xx_hal_gpio.o
                0x08004998                HAL_GPIO_ReadPin
 .text.HAL_GPIO_WritePin
                0x080049a4        0xa build/stm32h7xx_hal_gpio.o
                0x080049a4                HAL_GPIO_WritePin
 .text.HAL_GPIO_EXTI_Callback
                0x080049ae        0x2 build/stm32h7xx_hal_gpio.o
                0x080049ae                HAL_GPIO_EXTI_Callback
 .text.HAL_GPIO_EXTI_IRQHandler
                0x080049b0       0x18 build/stm32h7xx_hal_gpio.o
                0x080049b0                HAL_GPIO_EXTI_IRQHandler
 .text.HAL_PWREx_ConfigSupply
                0x080049c8       0x48 build/stm32h7xx_hal_pwr_ex.o
                0x080049c8                HAL_PWREx_ConfigSupply
 .text.HAL_InitTick
                0x08004a10       0x4c build/stm32h7xx_hal.o
                0x08004a10                HAL_InitTick
 .text.HAL_Init
                0x08004a5c       0x5c build/stm32h7xx_hal.o
                0x08004a5c                HAL_Init
 .text.HAL_IncTick
                0x08004ab8       0x18 build/stm32h7xx_hal.o
                0x08004ab8                HAL_IncTick
 .text.HAL_GetTick
                0x08004ad0        0xc build/stm32h7xx_hal.o
                0x08004ad0                HAL_GetTick
 .text.HAL_Delay
                0x08004adc       0x24 build/stm32h7xx_hal.o
                0x08004adc                HAL_Delay
 .text.HAL_GetREVID
                0x08004b00        0xc build/stm32h7xx_hal.o
                0x08004b00                HAL_GetREVID
 .text.HAL_I2C_Init
                0x08004b0c       0xa2 build/stm32h7xx_hal_i2c.o
                0x08004b0c                HAL_I2C_Init
 .text.HAL_I2CEx_ConfigAnalogFilter
                0x08004bae       0x4c build/stm32h7xx_hal_i2c_ex.o
                0x08004bae                HAL_I2CEx_ConfigAnalogFilter
 .text.HAL_I2CEx_ConfigDigitalFilter
                0x08004bfa       0x4a build/stm32h7xx_hal_i2c_ex.o
                0x08004bfa                HAL_I2CEx_ConfigDigitalFilter
 .text.SDMMC_Init
                0x08004c44       0x34 build/stm32h7xx_ll_sdmmc.o
                0x08004c44                SDMMC_Init
 .text.SDMMC_ReadFIFO
                0x08004c78        0x6 build/stm32h7xx_ll_sdmmc.o
                0x08004c78                SDMMC_ReadFIFO
 .text.SDMMC_WriteFIFO
                0x08004c7e        0xa build/stm32h7xx_ll_sdmmc.o
                0x08004c7e                SDMMC_WriteFIFO
 .text.SDMMC_PowerState_ON
                0x08004c88        0xc build/stm32h7xx_ll_sdmmc.o
                0x08004c88                SDMMC_PowerState_ON
 .text.SDMMC_GetPowerState
                0x08004c94        0x8 build/stm32h7xx_ll_sdmmc.o
                0x08004c94                SDMMC_GetPowerState
 .text.SDMMC_SendCommand
                0x08004c9c       0x28 build/stm32h7xx_ll_sdmmc.o
                0x08004c9c                SDMMC_SendCommand
 .text.SDMMC_GetResponse
                0x08004cc4        0x6 build/stm32h7xx_ll_sdmmc.o
                0x08004cc4                SDMMC_GetResponse
 .text.SDMMC_ConfigData
                0x08004cca       0x26 build/stm32h7xx_ll_sdmmc.o
                0x08004cca                SDMMC_ConfigData
 .text.SDMMC_CmdGoIdleState
                0x08004cf0       0x50 build/stm32h7xx_ll_sdmmc.o
                0x08004cf0                SDMMC_CmdGoIdleState
 .text.SDMMC_GetCmdResp1
                0x08004d40      0x128 build/stm32h7xx_ll_sdmmc.o
                0x08004d40                SDMMC_GetCmdResp1
 .text.SDMMC_CmdBlockLength
                0x08004e68       0x32 build/stm32h7xx_ll_sdmmc.o
                0x08004e68                SDMMC_CmdBlockLength
 .text.SDMMC_CmdReadSingleBlock
                0x08004e9a       0x32 build/stm32h7xx_ll_sdmmc.o
                0x08004e9a                SDMMC_CmdReadSingleBlock
 .text.SDMMC_CmdReadMultiBlock
                0x08004ecc       0x32 build/stm32h7xx_ll_sdmmc.o
                0x08004ecc                SDMMC_CmdReadMultiBlock
 .text.SDMMC_CmdWriteSingleBlock
                0x08004efe       0x32 build/stm32h7xx_ll_sdmmc.o
                0x08004efe                SDMMC_CmdWriteSingleBlock
 .text.SDMMC_CmdWriteMultiBlock
                0x08004f30       0x32 build/stm32h7xx_ll_sdmmc.o
                0x08004f30                SDMMC_CmdWriteMultiBlock
 *fill*         0x08004f62        0x2 
 .text.SDMMC_CmdStopTransfer
                0x08004f64       0x54 build/stm32h7xx_ll_sdmmc.o
                0x08004f64                SDMMC_CmdStopTransfer
 .text.SDMMC_CmdSelDesel
                0x08004fb8       0x32 build/stm32h7xx_ll_sdmmc.o
                0x08004fb8                SDMMC_CmdSelDesel
 .text.SDMMC_CmdAppCommand
                0x08004fea       0x32 build/stm32h7xx_ll_sdmmc.o
                0x08004fea                SDMMC_CmdAppCommand
 .text.SDMMC_CmdBusWidth
                0x0800501c       0x32 build/stm32h7xx_ll_sdmmc.o
                0x0800501c                SDMMC_CmdBusWidth
 .text.SDMMC_CmdSendSCR
                0x0800504e       0x32 build/stm32h7xx_ll_sdmmc.o
                0x0800504e                SDMMC_CmdSendSCR
 .text.SDMMC_CmdSendStatus
                0x08005080       0x32 build/stm32h7xx_ll_sdmmc.o
                0x08005080                SDMMC_CmdSendStatus
 .text.SDMMC_CmdStatusRegister
                0x080050b2       0x32 build/stm32h7xx_ll_sdmmc.o
                0x080050b2                SDMMC_CmdStatusRegister
 .text.SDMMC_GetCmdResp2
                0x080050e4       0x50 build/stm32h7xx_ll_sdmmc.o
                0x080050e4                SDMMC_GetCmdResp2
 .text.SDMMC_CmdSendCID
                0x08005134       0x2c build/stm32h7xx_ll_sdmmc.o
                0x08005134                SDMMC_CmdSendCID
 .text.SDMMC_CmdSendCSD
                0x08005160       0x2c build/stm32h7xx_ll_sdmmc.o
                0x08005160                SDMMC_CmdSendCSD
 .text.SDMMC_GetCmdResp3
                0x0800518c       0x48 build/stm32h7xx_ll_sdmmc.o
                0x0800518c                SDMMC_GetCmdResp3
 .text.SDMMC_CmdAppOperCommand
                0x080051d4       0x2c build/stm32h7xx_ll_sdmmc.o
                0x080051d4                SDMMC_CmdAppOperCommand
 .text.SDMMC_GetCmdResp6
                0x08005200       0x88 build/stm32h7xx_ll_sdmmc.o
                0x08005200                SDMMC_GetCmdResp6
 .text.SDMMC_CmdSetRelAdd
                0x08005288       0x32 build/stm32h7xx_ll_sdmmc.o
                0x08005288                SDMMC_CmdSetRelAdd
 *fill*         0x080052ba        0x2 
 .text.SDMMC_GetCmdResp7
                0x080052bc       0x54 build/stm32h7xx_ll_sdmmc.o
                0x080052bc                SDMMC_GetCmdResp7
 .text.SDMMC_CmdOperCond
                0x08005310       0x30 build/stm32h7xx_ll_sdmmc.o
                0x08005310                SDMMC_CmdOperCond
 .text.SD_FindSCR
                0x08005340       0xcc build/stm32h7xx_hal_sd.o
 .text.HAL_SD_ReadBlocks_DMA
                0x0800540c       0xd4 build/stm32h7xx_hal_sd.o
                0x0800540c                HAL_SD_ReadBlocks_DMA
 .text.HAL_SD_WriteBlocks_DMA
                0x080054e0       0xd4 build/stm32h7xx_hal_sd.o
                0x080054e0                HAL_SD_WriteBlocks_DMA
 .text.HAL_SD_ErrorCallback
                0x080055b4        0x2 build/stm32h7xx_hal_sd.o
                0x080055b4                HAL_SD_ErrorCallback
 *fill*         0x080055b6        0x2 
 .text.HAL_SD_GetCardCSD
                0x080055b8      0x16c build/stm32h7xx_hal_sd.o
                0x080055b8                HAL_SD_GetCardCSD
 .text.HAL_SD_InitCard
                0x08005724      0x210 build/stm32h7xx_hal_sd.o
                0x08005724                HAL_SD_InitCard
 .text.HAL_SD_GetCardStatus
                0x08005934      0x17c build/stm32h7xx_hal_sd.o
                0x08005934                HAL_SD_GetCardStatus
 .text.HAL_SD_GetCardInfo
                0x08005ab0       0x24 build/stm32h7xx_hal_sd.o
                0x08005ab0                HAL_SD_GetCardInfo
 .text.HAL_SD_ConfigWideBusOperation
                0x08005ad4      0x194 build/stm32h7xx_hal_sd.o
                0x08005ad4                HAL_SD_ConfigWideBusOperation
 .text.HAL_SD_GetCardState
                0x08005c68       0x28 build/stm32h7xx_hal_sd.o
                0x08005c68                HAL_SD_GetCardState
 .text.HAL_SD_Init
                0x08005c90       0xa6 build/stm32h7xx_hal_sd.o
                0x08005c90                HAL_SD_Init
 .text.HAL_SDEx_Read_DMADoubleBuf0CpltCallback
                0x08005d36        0x2 build/stm32h7xx_hal_sd.o
                0x08005d36                HAL_SDEx_Read_DMADoubleBuf0CpltCallback
 .text.HAL_SDEx_Read_DMADoubleBuf1CpltCallback
                0x08005d38        0x2 build/stm32h7xx_hal_sd.o
                0x08005d38                HAL_SDEx_Read_DMADoubleBuf1CpltCallback
 .text.HAL_SDEx_Write_DMADoubleBuf0CpltCallback
                0x08005d3a        0x2 build/stm32h7xx_hal_sd.o
                0x08005d3a                HAL_SDEx_Write_DMADoubleBuf0CpltCallback
 .text.HAL_SDEx_Write_DMADoubleBuf1CpltCallback
                0x08005d3c        0x2 build/stm32h7xx_hal_sd.o
                0x08005d3c                HAL_SDEx_Write_DMADoubleBuf1CpltCallback
 *fill*         0x08005d3e        0x2 
 .text.HAL_SD_IRQHandler
                0x08005d40      0x244 build/stm32h7xx_hal_sd.o
                0x08005d40                HAL_SD_IRQHandler
 .text.TIM_OC1_SetConfig
                0x08005f84       0x98 build/stm32h7xx_hal_tim.o
 .text.TIM_OC3_SetConfig
                0x0800601c       0x84 build/stm32h7xx_hal_tim.o
 .text.TIM_OC4_SetConfig
                0x080060a0       0x64 build/stm32h7xx_hal_tim.o
 .text.TIM_OC5_SetConfig
                0x08006104       0x64 build/stm32h7xx_hal_tim.o
 .text.TIM_OC6_SetConfig
                0x08006168       0x64 build/stm32h7xx_hal_tim.o
 .text.HAL_TIM_Base_Start_IT
                0x080061cc       0x74 build/stm32h7xx_hal_tim.o
                0x080061cc                HAL_TIM_Base_Start_IT
 .text.HAL_TIM_PWM_MspInit
                0x08006240        0x2 build/stm32h7xx_hal_tim.o
                0x08006240                HAL_TIM_PWM_MspInit
 .text.HAL_TIM_OC_DelayElapsedCallback
                0x08006242        0x2 build/stm32h7xx_hal_tim.o
                0x08006242                HAL_TIM_OC_DelayElapsedCallback
 .text.HAL_TIM_IC_CaptureCallback
                0x08006244        0x2 build/stm32h7xx_hal_tim.o
                0x08006244                HAL_TIM_IC_CaptureCallback
 .text.HAL_TIM_PWM_PulseFinishedCallback
                0x08006246        0x2 build/stm32h7xx_hal_tim.o
                0x08006246                HAL_TIM_PWM_PulseFinishedCallback
 .text.HAL_TIM_TriggerCallback
                0x08006248        0x2 build/stm32h7xx_hal_tim.o
                0x08006248                HAL_TIM_TriggerCallback
 .text.HAL_TIM_IRQHandler
                0x0800624a      0x160 build/stm32h7xx_hal_tim.o
                0x0800624a                HAL_TIM_IRQHandler
 *fill*         0x080063aa        0x2 
 .text.TIM_Base_SetConfig
                0x080063ac       0xcc build/stm32h7xx_hal_tim.o
                0x080063ac                TIM_Base_SetConfig
 .text.HAL_TIM_Base_Init
                0x08006478       0x60 build/stm32h7xx_hal_tim.o
                0x08006478                HAL_TIM_Base_Init
 .text.HAL_TIM_PWM_Init
                0x080064d8       0x60 build/stm32h7xx_hal_tim.o
                0x080064d8                HAL_TIM_PWM_Init
 .text.TIM_OC2_SetConfig
                0x08006538       0x8c build/stm32h7xx_hal_tim.o
                0x08006538                TIM_OC2_SetConfig
 .text.HAL_TIM_PWM_ConfigChannel
                0x080065c4      0x102 build/stm32h7xx_hal_tim.o
                0x080065c4                HAL_TIM_PWM_ConfigChannel
 .text.TIM_ETR_SetConfig
                0x080066c6       0x14 build/stm32h7xx_hal_tim.o
                0x080066c6                TIM_ETR_SetConfig
 *fill*         0x080066da        0x2 
 .text.HAL_TIM_ConfigClockSource
                0x080066dc      0x160 build/stm32h7xx_hal_tim.o
                0x080066dc                HAL_TIM_ConfigClockSource
 .text.TIM_CCxChannelCmd
                0x0800683c       0x1c build/stm32h7xx_hal_tim.o
                0x0800683c                TIM_CCxChannelCmd
 .text.HAL_TIM_OC_Start
                0x08006858      0x110 build/stm32h7xx_hal_tim.o
                0x08006858                HAL_TIM_OC_Start
 .text.HAL_TIM_PWM_Start
                0x08006968        0x4 build/stm32h7xx_hal_tim.o
                0x08006968                HAL_TIM_PWM_Start
 .text.HAL_TIMEx_MasterConfigSynchronization
                0x0800696c       0x8c build/stm32h7xx_hal_tim_ex.o
                0x0800696c                HAL_TIMEx_MasterConfigSynchronization
 .text.HAL_TIMEx_CommutCallback
                0x080069f8        0x2 build/stm32h7xx_hal_tim_ex.o
                0x080069f8                HAL_TIMEx_CommutCallback
 .text.HAL_TIMEx_BreakCallback
                0x080069fa        0x2 build/stm32h7xx_hal_tim_ex.o
                0x080069fa                HAL_TIMEx_BreakCallback
 .text.HAL_TIMEx_Break2Callback
                0x080069fc        0x2 build/stm32h7xx_hal_tim_ex.o
                0x080069fc                HAL_TIMEx_Break2Callback
 *fill*         0x080069fe        0x2 
 .text.SystemInit
                0x08006a00       0x78 build/system_stm32h7xx.o
                0x08006a00                SystemInit
 .text.disk_status
                0x08006a78       0x14 build/diskio.o
                0x08006a78                disk_status
 .text.disk_initialize
                0x08006a8c       0x20 build/diskio.o
                0x08006a8c                disk_initialize
 .text.disk_read
                0x08006aac       0x1c build/diskio.o
                0x08006aac                disk_read
 .text.disk_write
                0x08006ac8       0x1c build/diskio.o
                0x08006ac8                disk_write
 .text.disk_ioctl
                0x08006ae4       0x1c build/diskio.o
                0x08006ae4                disk_ioctl
 .text.ld_dword
                0x08006b00       0x10 build/ff.o
 .text.st_dword
                0x08006b10       0x10 build/ff.o
 .text.mem_set  0x08006b20        0xc build/ff.o
 .text.chk_lock
                0x08006b2c       0x74 build/ff.o
 .text.inc_lock
                0x08006ba0       0x84 build/ff.o
 .text.dec_lock
                0x08006c24       0x3c build/ff.o
 .text.clust2sect
                0x08006c60       0x16 build/ff.o
 .text.clmt_clust
                0x08006c76       0x26 build/ff.o
 .text.get_ldnumber
                0x08006c9c       0x30 build/ff.o
 .text.validate
                0x08006ccc       0x34 build/ff.o
 .text.mem_cpy.part.0
                0x08006d00       0x12 build/ff.o
 .text.ld_clust.isra.0
                0x08006d12       0x1e build/ff.o
 .text.st_clust.isra.0
                0x08006d30       0x18 build/ff.o
 .text.get_fileinfo.part.0
                0x08006d48       0x54 build/ff.o
 .text.sync_window.part.0
                0x08006d9c       0x4c build/ff.o
 .text.sync_window
                0x08006de8        0xc build/ff.o
 .text.move_window
                0x08006df4       0x32 build/ff.o
 *fill*         0x08006e26        0x2 
 .text.check_fs
                0x08006e28       0x7c build/ff.o
 .text.find_volume
                0x08006ea4      0x308 build/ff.o
 .text.put_fat  0x080071ac      0x12a build/ff.o
 .text.get_fat.isra.0
                0x080072d6       0xe0 build/ff.o
 .text.create_chain
                0x080073b6       0xb0 build/ff.o
 .text.remove_chain
                0x08007466       0x70 build/ff.o
 .text.sync_fs  0x080074d6       0x94 build/ff.o
 .text.dir_sdi.constprop.0
                0x0800756a       0x68 build/ff.o
 .text.dir_next
                0x080075d2       0xfc build/ff.o
 *fill*         0x080076ce        0x2 
 .text.follow_path
                0x080076d0      0x180 build/ff.o
 .text.dir_register
                0x08007850       0x62 build/ff.o
 *fill*         0x080078b2        0x2 
 .text.f_mount  0x080078b4       0x68 build/ff.o
                0x080078b4                f_mount
 .text.f_open   0x0800791c      0x208 build/ff.o
                0x0800791c                f_open
 .text.f_read   0x08007b24      0x180 build/ff.o
                0x08007b24                f_read
 .text.f_write  0x08007ca4      0x19e build/ff.o
                0x08007ca4                f_write
 .text.f_sync   0x08007e42       0x92 build/ff.o
                0x08007e42                f_sync
 .text.f_close  0x08007ed4       0x22 build/ff.o
                0x08007ed4                f_close
 .text.f_lseek  0x08007ef6      0x234 build/ff.o
                0x08007ef6                f_lseek
 .text.f_stat   0x0800812a       0x44 build/ff.o
                0x0800812a                f_stat
 .text.f_getfree
                0x0800816e       0xd0 build/ff.o
                0x0800816e                f_getfree
 .text.f_gets   0x0800823e       0x4a build/ff.o
                0x0800823e                f_gets
 .text.FATFS_LinkDriverEx
                0x08008288       0x40 build/ff_gen_drv.o
                0x08008288                FATFS_LinkDriverEx
 .text.FATFS_LinkDriver
                0x080082c8        0x6 build/ff_gen_drv.o
                0x080082c8                FATFS_LinkDriver
 *fill*         0x080082ce        0x2 
 .text.MATRIX_DrawPixel
                0x080082d0       0x28 build/matrix.o
 .text.MATRIX_Init
                0x080082f8       0x20 build/matrix.o
                0x080082f8                MATRIX_Init
 .text.IRQ_ProcessMonitor
                0x08008318      0x348 build/matrix.o
                0x08008318                IRQ_ProcessMonitor
 .text.MATRIX_getBrightness
                0x08008660        0xc build/matrix.o
                0x08008660                MATRIX_getBrightness
 .text.MATRIX_WritePixel
                0x0800866c        0x4 build/matrix.o
                0x0800866c                MATRIX_WritePixel
 .text.MATRIX_WriteLine
                0x08008670       0xb6 build/matrix.o
                0x08008670                MATRIX_WriteLine
 .text.MATRIX_DrawFastVLine
                0x08008726       0x16 build/matrix.o
                0x08008726                MATRIX_DrawFastVLine
 .text.MATRIX_FillRect
                0x0800873c       0x2a build/matrix.o
                0x0800873c                MATRIX_FillRect
 .text.MATRIX_FillScreen
                0x08008766       0x18 build/matrix.o
                0x08008766                MATRIX_FillScreen
 *fill*         0x0800877e        0x2 
 .text.MATRIX_DrawChar
                0x08008780      0x2a0 build/matrix.o
                0x08008780                MATRIX_DrawChar
 .text.MATRIX_Write
                0x08008a20      0x10c build/matrix.o
                0x08008a20                MATRIX_Write
 .text.MATRIX_SetTextSize
                0x08008b2c       0x14 build/matrix.o
                0x08008b2c                MATRIX_SetTextSize
 .text.MATRIX_Print
                0x08008b40       0x1a build/matrix.o
                0x08008b40                MATRIX_Print
 *fill*         0x08008b5a        0x2 
 .text.MATRIX_Printf
                0x08008b5c       0x4c build/matrix.o
                0x08008b5c                MATRIX_Printf
 .text.MATRIX_SetCursor
                0x08008ba8        0xc build/matrix.o
                0x08008ba8                MATRIX_SetCursor
 .text.Reset_Handler
                0x08008bb4       0x80 build/startup_stm32h750xx.o
                0x08008bb4                Reset_Handler
 .text.Default_Handler
                0x08008c34        0x2 build/startup_stm32h750xx.o
                0x08008c34                RTC_Alarm_IRQHandler
                0x08008c34                HASH_RNG_IRQHandler
                0x08008c34                EXTI2_IRQHandler
                0x08008c34                TIM8_CC_IRQHandler
                0x08008c34                HRTIM1_Master_IRQHandler
                0x08008c34                UART8_IRQHandler
                0x08008c34                SPI4_IRQHandler
                0x08008c34                TIM1_CC_IRQHandler
                0x08008c34                BDMA_Channel6_IRQHandler
                0x08008c34                DMA2_Stream5_IRQHandler
                0x08008c34                HRTIM1_FLT_IRQHandler
                0x08008c34                JPEG_IRQHandler
                0x08008c34                DMA1_Stream5_IRQHandler
                0x08008c34                BDMA_Channel1_IRQHandler
                0x08008c34                HRTIM1_TIMD_IRQHandler
                0x08008c34                TAMP_STAMP_IRQHandler
                0x08008c34                EXTI3_IRQHandler
                0x08008c34                LPTIM4_IRQHandler
                0x08008c34                TIM8_TRG_COM_TIM14_IRQHandler
                0x08008c34                LPTIM2_IRQHandler
                0x08008c34                DFSDM1_FLT1_IRQHandler
                0x08008c34                DMAMUX2_OVR_IRQHandler
                0x08008c34                TIM8_UP_TIM13_IRQHandler
                0x08008c34                I2C3_ER_IRQHandler
                0x08008c34                DFSDM1_FLT2_IRQHandler
                0x08008c34                MDMA_IRQHandler
                0x08008c34                LPTIM3_IRQHandler
                0x08008c34                HSEM1_IRQHandler
                0x08008c34                EXTI0_IRQHandler
                0x08008c34                I2C2_EV_IRQHandler
                0x08008c34                DMA1_Stream2_IRQHandler
                0x08008c34                FPU_IRQHandler
                0x08008c34                OTG_HS_WKUP_IRQHandler
                0x08008c34                FDCAN1_IT1_IRQHandler
                0x08008c34                LTDC_ER_IRQHandler
                0x08008c34                DMA2_Stream2_IRQHandler
                0x08008c34                HRTIM1_TIME_IRQHandler
                0x08008c34                SPI1_IRQHandler
                0x08008c34                TIM6_DAC_IRQHandler
                0x08008c34                DCMI_IRQHandler
                0x08008c34                HRTIM1_TIMC_IRQHandler
                0x08008c34                DMA2_Stream3_IRQHandler
                0x08008c34                SAI2_IRQHandler
                0x08008c34                DFSDM1_FLT3_IRQHandler
                0x08008c34                USART6_IRQHandler
                0x08008c34                TIM17_IRQHandler
                0x08008c34                USART3_IRQHandler
                0x08008c34                BDMA_Channel7_IRQHandler
                0x08008c34                CRYP_IRQHandler
                0x08008c34                LPTIM5_IRQHandler
                0x08008c34                UART5_IRQHandler
                0x08008c34                ADC3_IRQHandler
                0x08008c34                DMA2_Stream0_IRQHandler
                0x08008c34                BDMA_Channel2_IRQHandler
                0x08008c34                QUADSPI_IRQHandler
                0x08008c34                I2C1_EV_IRQHandler
                0x08008c34                DMA1_Stream6_IRQHandler
                0x08008c34                DMAMUX1_OVR_IRQHandler
                0x08008c34                DMA1_Stream1_IRQHandler
                0x08008c34                TIM16_IRQHandler
                0x08008c34                UART4_IRQHandler
                0x08008c34                BDMA_Channel5_IRQHandler
                0x08008c34                TIM3_IRQHandler
                0x08008c34                RCC_IRQHandler
                0x08008c34                TIM8_BRK_TIM12_IRQHandler
                0x08008c34                TIM1_TRG_COM_IRQHandler
                0x08008c34                Default_Handler
                0x08008c34                ECC_IRQHandler
                0x08008c34                CEC_IRQHandler
                0x08008c34                BDMA_Channel0_IRQHandler
                0x08008c34                ADC_IRQHandler
                0x08008c34                DMA1_Stream7_IRQHandler
                0x08008c34                HRTIM1_TIMA_IRQHandler
                0x08008c34                SPI5_IRQHandler
                0x08008c34                TIM7_IRQHandler
                0x08008c34                TIM5_IRQHandler
                0x08008c34                DMA2_Stream7_IRQHandler
                0x08008c34                TIM15_IRQHandler
                0x08008c34                PVD_AVD_IRQHandler
                0x08008c34                I2C3_EV_IRQHandler
                0x08008c34                RTC_WKUP_IRQHandler
                0x08008c34                LTDC_IRQHandler
                0x08008c34                SAI3_IRQHandler
                0x08008c34                ETH_WKUP_IRQHandler
                0x08008c34                SPDIF_RX_IRQHandler
                0x08008c34                SPI2_IRQHandler
                0x08008c34                OTG_HS_EP1_IN_IRQHandler
                0x08008c34                DMA1_Stream0_IRQHandler
                0x08008c34                CRS_IRQHandler
                0x08008c34                EXTI4_IRQHandler
                0x08008c34                HRTIM1_TIMB_IRQHandler
                0x08008c34                FDCAN2_IT1_IRQHandler
                0x08008c34                ETH_IRQHandler
                0x08008c34                TIM1_UP_IRQHandler
                0x08008c34                BDMA_Channel4_IRQHandler
                0x08008c34                OTG_HS_EP1_OUT_IRQHandler
                0x08008c34                WWDG_IRQHandler
                0x08008c34                SPI6_IRQHandler
                0x08008c34                MDIOS_IRQHandler
                0x08008c34                I2C4_EV_IRQHandler
                0x08008c34                FDCAN2_IT0_IRQHandler
                0x08008c34                LPUART1_IRQHandler
                0x08008c34                FDCAN1_IT0_IRQHandler
                0x08008c34                TIM2_IRQHandler
                0x08008c34                OTG_FS_WKUP_IRQHandler
                0x08008c34                OTG_HS_IRQHandler
                0x08008c34                DMA2D_IRQHandler
                0x08008c34                TIM1_BRK_IRQHandler
                0x08008c34                SDMMC2_IRQHandler
                0x08008c34                OTG_FS_EP1_OUT_IRQHandler
                0x08008c34                BDMA_Channel3_IRQHandler
                0x08008c34                UART7_IRQHandler
                0x08008c34                MDIOS_WKUP_IRQHandler
                0x08008c34                USART2_IRQHandler
                0x08008c34                DFSDM1_FLT0_IRQHandler
                0x08008c34                SAI4_IRQHandler
                0x08008c34                I2C2_ER_IRQHandler
                0x08008c34                DMA2_Stream1_IRQHandler
                0x08008c34                FLASH_IRQHandler
                0x08008c34                DMA2_Stream4_IRQHandler
                0x08008c34                USART1_IRQHandler
                0x08008c34                OTG_FS_IRQHandler
                0x08008c34                SPI3_IRQHandler
                0x08008c34                WAKEUP_PIN_IRQHandler
                0x08008c34                DMA1_Stream4_IRQHandler
                0x08008c34                OTG_FS_EP1_IN_IRQHandler
                0x08008c34                I2C1_ER_IRQHandler
                0x08008c34                FMC_IRQHandler
                0x08008c34                FDCAN_CAL_IRQHandler
                0x08008c34                SWPMI1_IRQHandler
                0x08008c34                COMP1_IRQHandler
                0x08008c34                LPTIM1_IRQHandler
                0x08008c34                I2C4_ER_IRQHandler
                0x08008c34                DMA2_Stream6_IRQHandler
                0x08008c34                SAI1_IRQHandler
                0x08008c34                DMA1_Stream3_IRQHandler
 *fill*         0x08008c36        0x2 
 .text.__libc_init_array
                0x08008c38       0x48 c:/tools/gcc/gcc-9.2-arm32-eabi/bin/../lib/gcc/arm-none-eabi/9.3.1/../../../../arm-none-eabi/lib/thumb/v7e-m+dp/hard\libc_nano.a(lib_a-init.o)
                0x08008c38                __libc_init_array
 .text.malloc   0x08008c80       0x10 c:/tools/gcc/gcc-9.2-arm32-eabi/bin/../lib/gcc/arm-none-eabi/9.3.1/../../../../arm-none-eabi/lib/thumb/v7e-m+dp/hard\libc_nano.a(lib_a-malloc.o)
                0x08008c80                malloc
 .text.free     0x08008c90       0x10 c:/tools/gcc/gcc-9.2-arm32-eabi/bin/../lib/gcc/arm-none-eabi/9.3.1/../../../../arm-none-eabi/lib/thumb/v7e-m+dp/hard\libc_nano.a(lib_a-malloc.o)
                0x08008c90                free
 .text.memcpy   0x08008ca0       0x1c c:/tools/gcc/gcc-9.2-arm32-eabi/bin/../lib/gcc/arm-none-eabi/9.3.1/../../../../arm-none-eabi/lib/thumb/v7e-m+dp/hard\libc_nano.a(lib_a-memcpy-stub.o)
                0x08008ca0                memcpy
 .text.memmove  0x08008cbc       0x34 c:/tools/gcc/gcc-9.2-arm32-eabi/bin/../lib/gcc/arm-none-eabi/9.3.1/../../../../arm-none-eabi/lib/thumb/v7e-m+dp/hard\libc_nano.a(lib_a-memmove.o)
                0x08008cbc                memmove
 .text.memset   0x08008cf0       0x10 c:/tools/gcc/gcc-9.2-arm32-eabi/bin/../lib/gcc/arm-none-eabi/9.3.1/../../../../arm-none-eabi/lib/thumb/v7e-m+dp/hard\libc_nano.a(lib_a-memset.o)
                0x08008cf0                memset
 .text._free_r  0x08008d00       0xa0 c:/tools/gcc/gcc-9.2-arm32-eabi/bin/../lib/gcc/arm-none-eabi/9.3.1/../../../../arm-none-eabi/lib/thumb/v7e-m+dp/hard\libc_nano.a(lib_a-nano-freer.o)
                0x08008d00                _free_r
 .text._malloc_r
                0x08008da0       0xb4 c:/tools/gcc/gcc-9.2-arm32-eabi/bin/../lib/gcc/arm-none-eabi/9.3.1/../../../../arm-none-eabi/lib/thumb/v7e-m+dp/hard\libc_nano.a(lib_a-nano-mallocr.o)
                0x08008da0                _malloc_r
 .text.printf   0x08008e54       0x30 c:/tools/gcc/gcc-9.2-arm32-eabi/bin/../lib/gcc/arm-none-eabi/9.3.1/../../../../arm-none-eabi/lib/thumb/v7e-m+dp/hard\libc_nano.a(lib_a-printf.o)
                0x08008e54                iprintf
                0x08008e54                printf
 .text.realloc  0x08008e84       0x10 c:/tools/gcc/gcc-9.2-arm32-eabi/bin/../lib/gcc/arm-none-eabi/9.3.1/../../../../arm-none-eabi/lib/thumb/v7e-m+dp/hard\libc_nano.a(lib_a-realloc.o)
                0x08008e84                realloc
 .text._sbrk_r  0x08008e94       0x20 c:/tools/gcc/gcc-9.2-arm32-eabi/bin/../lib/gcc/arm-none-eabi/9.3.1/../../../../arm-none-eabi/lib/thumb/v7e-m+dp/hard\libc_nano.a(lib_a-sbrkr.o)
                0x08008e94                _sbrk_r
 .text.snprintf
                0x08008eb4       0x68 c:/tools/gcc/gcc-9.2-arm32-eabi/bin/../lib/gcc/arm-none-eabi/9.3.1/../../../../arm-none-eabi/lib/thumb/v7e-m+dp/hard\libc_nano.a(lib_a-snprintf.o)
                0x08008eb4                sniprintf
                0x08008eb4                snprintf
 .text.strcpy   0x08008f1c       0x10 c:/tools/gcc/gcc-9.2-arm32-eabi/bin/../lib/gcc/arm-none-eabi/9.3.1/../../../../arm-none-eabi/lib/thumb/v7e-m+dp/hard\libc_nano.a(lib_a-strcpy.o)
                0x08008f1c                strcpy
 .text.strncmp  0x08008f2c       0x24 c:/tools/gcc/gcc-9.2-arm32-eabi/bin/../lib/gcc/arm-none-eabi/9.3.1/../../../../arm-none-eabi/lib/thumb/v7e-m+dp/hard\libc_nano.a(lib_a-strncmp.o)
                0x08008f2c                strncmp
 .text.strtok   0x08008f50       0x68 c:/tools/gcc/gcc-9.2-arm32-eabi/bin/../lib/gcc/arm-none-eabi/9.3.1/../../../../arm-none-eabi/lib/thumb/v7e-m+dp/hard\libc_nano.a(lib_a-strtok.o)
                0x08008f50                strtok
 .text.__strtok_r
                0x08008fb8       0x50 c:/tools/gcc/gcc-9.2-arm32-eabi/bin/../lib/gcc/arm-none-eabi/9.3.1/../../../../arm-none-eabi/lib/thumb/v7e-m+dp/hard\libc_nano.a(lib_a-strtok_r.o)
                0x08008fb8                __strtok_r
 .text._vsprintf_r
                0x08009008       0x2c c:/tools/gcc/gcc-9.2-arm32-eabi/bin/../lib/gcc/arm-none-eabi/9.3.1/../../../../arm-none-eabi/lib/thumb/v7e-m+dp/hard\libc_nano.a(lib_a-vsprintf.o)
                0x08009008                _vsprintf_r
                0x08009008                _vsiprintf_r
 .text.vsprintf
                0x08009034       0x14 c:/tools/gcc/gcc-9.2-arm32-eabi/bin/../lib/gcc/arm-none-eabi/9.3.1/../../../../arm-none-eabi/lib/thumb/v7e-m+dp/hard\libc_nano.a(lib_a-vsprintf.o)
                0x08009034                vsiprintf
                0x08009034                vsprintf
 .text.__assert_func
                0x08009048       0x3c c:/tools/gcc/gcc-9.2-arm32-eabi/bin/../lib/gcc/arm-none-eabi/9.3.1/../../../../arm-none-eabi/lib/thumb/v7e-m+dp/hard\libc_nano.a(lib_a-assert.o)
                0x08009048                __assert_func
 .text.std      0x08009084       0x48 c:/tools/gcc/gcc-9.2-arm32-eabi/bin/../lib/gcc/arm-none-eabi/9.3.1/../../../../arm-none-eabi/lib/thumb/v7e-m+dp/hard\libc_nano.a(lib_a-findfp.o)
 .text._cleanup_r
                0x080090cc        0xc c:/tools/gcc/gcc-9.2-arm32-eabi/bin/../lib/gcc/arm-none-eabi/9.3.1/../../../../arm-none-eabi/lib/thumb/v7e-m+dp/hard\libc_nano.a(lib_a-findfp.o)
                0x080090cc                _cleanup_r
 .text.__sfmoreglue
                0x080090d8       0x2c c:/tools/gcc/gcc-9.2-arm32-eabi/bin/../lib/gcc/arm-none-eabi/9.3.1/../../../../arm-none-eabi/lib/thumb/v7e-m+dp/hard\libc_nano.a(lib_a-findfp.o)
                0x080090d8                __sfmoreglue
 .text.__sfp_lock_acquire
                0x08009104        0xc c:/tools/gcc/gcc-9.2-arm32-eabi/bin/../lib/gcc/arm-none-eabi/9.3.1/../../../../arm-none-eabi/lib/thumb/v7e-m+dp/hard\libc_nano.a(lib_a-findfp.o)
                0x08009104                __sfp_lock_acquire
 .text.__sfp_lock_release
                0x08009110        0xc c:/tools/gcc/gcc-9.2-arm32-eabi/bin/../lib/gcc/arm-none-eabi/9.3.1/../../../../arm-none-eabi/lib/thumb/v7e-m+dp/hard\libc_nano.a(lib_a-findfp.o)
                0x08009110                __sfp_lock_release
 .text.__sinit_lock_acquire
                0x0800911c        0xc c:/tools/gcc/gcc-9.2-arm32-eabi/bin/../lib/gcc/arm-none-eabi/9.3.1/../../../../arm-none-eabi/lib/thumb/v7e-m+dp/hard\libc_nano.a(lib_a-findfp.o)
                0x0800911c                __sinit_lock_acquire
 .text.__sinit_lock_release
                0x08009128        0xc c:/tools/gcc/gcc-9.2-arm32-eabi/bin/../lib/gcc/arm-none-eabi/9.3.1/../../../../arm-none-eabi/lib/thumb/v7e-m+dp/hard\libc_nano.a(lib_a-findfp.o)
                0x08009128                __sinit_lock_release
 .text.__sinit  0x08009134       0x70 c:/tools/gcc/gcc-9.2-arm32-eabi/bin/../lib/gcc/arm-none-eabi/9.3.1/../../../../arm-none-eabi/lib/thumb/v7e-m+dp/hard\libc_nano.a(lib_a-findfp.o)
                0x08009134                __sinit
 .text.__sfp    0x080091a4       0x8c c:/tools/gcc/gcc-9.2-arm32-eabi/bin/../lib/gcc/arm-none-eabi/9.3.1/../../../../arm-none-eabi/lib/thumb/v7e-m+dp/hard\libc_nano.a(lib_a-findfp.o)
                0x080091a4                __sfp
 .text.fprintf  0x08009230       0x24 c:/tools/gcc/gcc-9.2-arm32-eabi/bin/../lib/gcc/arm-none-eabi/9.3.1/../../../../arm-none-eabi/lib/thumb/v7e-m+dp/hard\libc_nano.a(lib_a-fprintf.o)
                0x08009230                fiprintf
                0x08009230                fprintf
 .text._fwalk_reent
                0x08009254       0x3e c:/tools/gcc/gcc-9.2-arm32-eabi/bin/../lib/gcc/arm-none-eabi/9.3.1/../../../../arm-none-eabi/lib/thumb/v7e-m+dp/hard\libc_nano.a(lib_a-fwalk.o)
                0x08009254                _fwalk_reent
 .text.__retarget_lock_init_recursive
                0x08009292        0x2 c:/tools/gcc/gcc-9.2-arm32-eabi/bin/../lib/gcc/arm-none-eabi/9.3.1/../../../../arm-none-eabi/lib/thumb/v7e-m+dp/hard\libc_nano.a(lib_a-lock.o)
                0x08009292                __retarget_lock_init_recursive
 .text.__retarget_lock_acquire_recursive
                0x08009294        0x2 c:/tools/gcc/gcc-9.2-arm32-eabi/bin/../lib/gcc/arm-none-eabi/9.3.1/../../../../arm-none-eabi/lib/thumb/v7e-m+dp/hard\libc_nano.a(lib_a-lock.o)
                0x08009294                __retarget_lock_acquire_recursive
 .text.__retarget_lock_release_recursive
                0x08009296        0x2 c:/tools/gcc/gcc-9.2-arm32-eabi/bin/../lib/gcc/arm-none-eabi/9.3.1/../../../../arm-none-eabi/lib/thumb/v7e-m+dp/hard\libc_nano.a(lib_a-lock.o)
                0x08009296                __retarget_lock_release_recursive
 .text.__malloc_lock
                0x08009298        0xc c:/tools/gcc/gcc-9.2-arm32-eabi/bin/../lib/gcc/arm-none-eabi/9.3.1/../../../../arm-none-eabi/lib/thumb/v7e-m+dp/hard\libc_nano.a(lib_a-mlock.o)
                0x08009298                __malloc_lock
 .text.__malloc_unlock
                0x080092a4        0xc c:/tools/gcc/gcc-9.2-arm32-eabi/bin/../lib/gcc/arm-none-eabi/9.3.1/../../../../arm-none-eabi/lib/thumb/v7e-m+dp/hard\libc_nano.a(lib_a-mlock.o)
                0x080092a4                __malloc_unlock
 .text._realloc_r
                0x080092b0       0x4c c:/tools/gcc/gcc-9.2-arm32-eabi/bin/../lib/gcc/arm-none-eabi/9.3.1/../../../../arm-none-eabi/lib/thumb/v7e-m+dp/hard\libc_nano.a(lib_a-nano-reallocr.o)
                0x080092b0                _realloc_r
 .text.__ssputs_r
                0x080092fc       0xb6 c:/tools/gcc/gcc-9.2-arm32-eabi/bin/../lib/gcc/arm-none-eabi/9.3.1/../../../../arm-none-eabi/lib/thumb/v7e-m+dp/hard\libc_nano.a(lib_a-nano-svfprintf.o)
                0x080092fc                __ssputs_r
 *fill*         0x080093b2        0x2 
 .text._svfprintf_r
                0x080093b4      0x200 c:/tools/gcc/gcc-9.2-arm32-eabi/bin/../lib/gcc/arm-none-eabi/9.3.1/../../../../arm-none-eabi/lib/thumb/v7e-m+dp/hard\libc_nano.a(lib_a-nano-svfprintf.o)
                0x080093b4                _svfiprintf_r
                0x080093b4                _svfprintf_r
 .text.__sfputc_r
                0x080095b4       0x2e c:/tools/gcc/gcc-9.2-arm32-eabi/bin/../lib/gcc/arm-none-eabi/9.3.1/../../../../arm-none-eabi/lib/thumb/v7e-m+dp/hard\libc_nano.a(lib_a-nano-vfprintf.o)
 .text.__sfputs_r
                0x080095e2       0x24 c:/tools/gcc/gcc-9.2-arm32-eabi/bin/../lib/gcc/arm-none-eabi/9.3.1/../../../../arm-none-eabi/lib/thumb/v7e-m+dp/hard\libc_nano.a(lib_a-nano-vfprintf.o)
                0x080095e2                __sfputs_r
 *fill*         0x08009606        0x2 
 .text._vfprintf_r
                0x08009608      0x260 c:/tools/gcc/gcc-9.2-arm32-eabi/bin/../lib/gcc/arm-none-eabi/9.3.1/../../../../arm-none-eabi/lib/thumb/v7e-m+dp/hard\libc_nano.a(lib_a-nano-vfprintf.o)
                0x08009608                _vfprintf_r
                0x08009608                _vfiprintf_r
 .text._printf_common
                0x08009868       0xda c:/tools/gcc/gcc-9.2-arm32-eabi/bin/../lib/gcc/arm-none-eabi/9.3.1/../../../../arm-none-eabi/lib/thumb/v7e-m+dp/hard\libc_nano.a(lib_a-nano-vfprintf_i.o)
                0x08009868                _printf_common
 *fill*         0x08009942        0x2 
 .text._printf_i
                0x08009944      0x24c c:/tools/gcc/gcc-9.2-arm32-eabi/bin/../lib/gcc/arm-none-eabi/9.3.1/../../../../arm-none-eabi/lib/thumb/v7e-m+dp/hard\libc_nano.a(lib_a-nano-vfprintf_i.o)
                0x08009944                _printf_i
 .text.__sread  0x08009b90       0x22 c:/tools/gcc/gcc-9.2-arm32-eabi/bin/../lib/gcc/arm-none-eabi/9.3.1/../../../../arm-none-eabi/lib/thumb/v7e-m+dp/hard\libc_nano.a(lib_a-stdio.o)
                0x08009b90                __sread
 .text.__swrite
                0x08009bb2       0x38 c:/tools/gcc/gcc-9.2-arm32-eabi/bin/../lib/gcc/arm-none-eabi/9.3.1/../../../../arm-none-eabi/lib/thumb/v7e-m+dp/hard\libc_nano.a(lib_a-stdio.o)
                0x08009bb2                __swrite
 .text.__sseek  0x08009bea       0x24 c:/tools/gcc/gcc-9.2-arm32-eabi/bin/../lib/gcc/arm-none-eabi/9.3.1/../../../../arm-none-eabi/lib/thumb/v7e-m+dp/hard\libc_nano.a(lib_a-stdio.o)
                0x08009bea                __sseek
 .text.__sclose
                0x08009c0e        0x8 c:/tools/gcc/gcc-9.2-arm32-eabi/bin/../lib/gcc/arm-none-eabi/9.3.1/../../../../arm-none-eabi/lib/thumb/v7e-m+dp/hard\libc_nano.a(lib_a-stdio.o)
                0x08009c0e                __sclose
 *fill*         0x08009c16        0x2 
 .text.__swbuf_r
                0x08009c18       0xa4 c:/tools/gcc/gcc-9.2-arm32-eabi/bin/../lib/gcc/arm-none-eabi/9.3.1/../../../../arm-none-eabi/lib/thumb/v7e-m+dp/hard\libc_nano.a(lib_a-wbuf.o)
                0x08009c18                __swbuf_r
 .text._write_r
                0x08009cbc       0x24 c:/tools/gcc/gcc-9.2-arm32-eabi/bin/../lib/gcc/arm-none-eabi/9.3.1/../../../../arm-none-eabi/lib/thumb/v7e-m+dp/hard\libc_nano.a(lib_a-writer.o)
                0x08009cbc                _write_r
 .text.__swsetup_r
                0x08009ce0       0xdc c:/tools/gcc/gcc-9.2-arm32-eabi/bin/../lib/gcc/arm-none-eabi/9.3.1/../../../../arm-none-eabi/lib/thumb/v7e-m+dp/hard\libc_nano.a(lib_a-wsetup.o)
                0x08009ce0                __swsetup_r
 .text.abort    0x08009dbc        0xe c:/tools/gcc/gcc-9.2-arm32-eabi/bin/../lib/gcc/arm-none-eabi/9.3.1/../../../../arm-none-eabi/lib/thumb/v7e-m+dp/hard\libc_nano.a(lib_a-abort.o)
                0x08009dbc                abort
 *fill*         0x08009dca        0x2 
 .text._close_r
                0x08009dcc       0x20 c:/tools/gcc/gcc-9.2-arm32-eabi/bin/../lib/gcc/arm-none-eabi/9.3.1/../../../../arm-none-eabi/lib/thumb/v7e-m+dp/hard\libc_nano.a(lib_a-closer.o)
                0x08009dcc                _close_r
 .text.__sflush_r
                0x08009dec      0x10c c:/tools/gcc/gcc-9.2-arm32-eabi/bin/../lib/gcc/arm-none-eabi/9.3.1/../../../../arm-none-eabi/lib/thumb/v7e-m+dp/hard\libc_nano.a(lib_a-fflush.o)
                0x08009dec                __sflush_r
 .text._fflush_r
                0x08009ef8       0x78 c:/tools/gcc/gcc-9.2-arm32-eabi/bin/../lib/gcc/arm-none-eabi/9.3.1/../../../../arm-none-eabi/lib/thumb/v7e-m+dp/hard\libc_nano.a(lib_a-fflush.o)
                0x08009ef8                _fflush_r
 .text._lseek_r
                0x08009f70       0x24 c:/tools/gcc/gcc-9.2-arm32-eabi/bin/../lib/gcc/arm-none-eabi/9.3.1/../../../../arm-none-eabi/lib/thumb/v7e-m+dp/hard\libc_nano.a(lib_a-lseekr.o)
                0x08009f70                _lseek_r
 .text.__swhatbuf_r
                0x08009f94       0x48 c:/tools/gcc/gcc-9.2-arm32-eabi/bin/../lib/gcc/arm-none-eabi/9.3.1/../../../../arm-none-eabi/lib/thumb/v7e-m+dp/hard\libc_nano.a(lib_a-makebuf.o)
                0x08009f94                __swhatbuf_r
 .text.__smakebuf_r
                0x08009fdc       0x80 c:/tools/gcc/gcc-9.2-arm32-eabi/bin/../lib/gcc/arm-none-eabi/9.3.1/../../../../arm-none-eabi/lib/thumb/v7e-m+dp/hard\libc_nano.a(lib_a-makebuf.o)
                0x08009fdc                __smakebuf_r
 .text._malloc_usable_size_r
                0x0800a05c       0x10 c:/tools/gcc/gcc-9.2-arm32-eabi/bin/../lib/gcc/arm-none-eabi/9.3.1/../../../../arm-none-eabi/lib/thumb/v7e-m+dp/hard\libc_nano.a(lib_a-nano-msizer.o)
                0x0800a05c                _malloc_usable_size_r
 .text._read_r  0x0800a06c       0x24 c:/tools/gcc/gcc-9.2-arm32-eabi/bin/../lib/gcc/arm-none-eabi/9.3.1/../../../../arm-none-eabi/lib/thumb/v7e-m+dp/hard\libc_nano.a(lib_a-readr.o)
                0x0800a06c                _read_r
 .text._raise_r
                0x0800a090       0x50 c:/tools/gcc/gcc-9.2-arm32-eabi/bin/../lib/gcc/arm-none-eabi/9.3.1/../../../../arm-none-eabi/lib/thumb/v7e-m+dp/hard\libc_nano.a(lib_a-signal.o)
                0x0800a090                _raise_r
 .text.raise    0x0800a0e0       0x10 c:/tools/gcc/gcc-9.2-arm32-eabi/bin/../lib/gcc/arm-none-eabi/9.3.1/../../../../arm-none-eabi/lib/thumb/v7e-m+dp/hard\libc_nano.a(lib_a-signal.o)
                0x0800a0e0                raise
 .text._kill_r  0x0800a0f0       0x24 c:/tools/gcc/gcc-9.2-arm32-eabi/bin/../lib/gcc/arm-none-eabi/9.3.1/../../../../arm-none-eabi/lib/thumb/v7e-m+dp/hard\libc_nano.a(lib_a-signalr.o)
                0x0800a0f0                _kill_r
 .text._getpid_r
                0x0800a114        0x4 c:/tools/gcc/gcc-9.2-arm32-eabi/bin/../lib/gcc/arm-none-eabi/9.3.1/../../../../arm-none-eabi/lib/thumb/v7e-m+dp/hard\libc_nano.a(lib_a-signalr.o)
                0x0800a114                _getpid_r
 .text._fstat_r
                0x0800a118       0x24 c:/tools/gcc/gcc-9.2-arm32-eabi/bin/../lib/gcc/arm-none-eabi/9.3.1/../../../../arm-none-eabi/lib/thumb/v7e-m+dp/hard\libc_nano.a(lib_a-fstatr.o)
                0x0800a118                _fstat_r
 .text._isatty_r
                0x0800a13c       0x20 c:/tools/gcc/gcc-9.2-arm32-eabi/bin/../lib/gcc/arm-none-eabi/9.3.1/../../../../arm-none-eabi/lib/thumb/v7e-m+dp/hard\libc_nano.a(lib_a-isattyr.o)
                0x0800a13c                _isatty_r
 .text._close   0x0800a15c       0x10 c:/tools/gcc/gcc-9.2-arm32-eabi/bin/../lib/gcc/arm-none-eabi/9.3.1/../../../../arm-none-eabi/lib/thumb/v7e-m+dp/hard\libnosys.a(close.o)
                0x0800a15c                _close
 .text._fstat   0x0800a16c       0x10 c:/tools/gcc/gcc-9.2-arm32-eabi/bin/../lib/gcc/arm-none-eabi/9.3.1/../../../../arm-none-eabi/lib/thumb/v7e-m+dp/hard\libnosys.a(fstat.o)
                0x0800a16c                _fstat
 .text._getpid  0x0800a17c       0x10 c:/tools/gcc/gcc-9.2-arm32-eabi/bin/../lib/gcc/arm-none-eabi/9.3.1/../../../../arm-none-eabi/lib/thumb/v7e-m+dp/hard\libnosys.a(getpid.o)
                0x0800a17c                _getpid
 .text._isatty  0x0800a18c       0x10 c:/tools/gcc/gcc-9.2-arm32-eabi/bin/../lib/gcc/arm-none-eabi/9.3.1/../../../../arm-none-eabi/lib/thumb/v7e-m+dp/hard\libnosys.a(isatty.o)
                0x0800a18c                _isatty
 .text._kill    0x0800a19c       0x10 c:/tools/gcc/gcc-9.2-arm32-eabi/bin/../lib/gcc/arm-none-eabi/9.3.1/../../../../arm-none-eabi/lib/thumb/v7e-m+dp/hard\libnosys.a(kill.o)
                0x0800a19c                _kill
 .text._lseek   0x0800a1ac       0x10 c:/tools/gcc/gcc-9.2-arm32-eabi/bin/../lib/gcc/arm-none-eabi/9.3.1/../../../../arm-none-eabi/lib/thumb/v7e-m+dp/hard\libnosys.a(lseek.o)
                0x0800a1ac                _lseek
 .text._read    0x0800a1bc       0x10 c:/tools/gcc/gcc-9.2-arm32-eabi/bin/../lib/gcc/arm-none-eabi/9.3.1/../../../../arm-none-eabi/lib/thumb/v7e-m+dp/hard\libnosys.a(read.o)
                0x0800a1bc                _read
 .text._sbrk    0x0800a1cc       0x1c c:/tools/gcc/gcc-9.2-arm32-eabi/bin/../lib/gcc/arm-none-eabi/9.3.1/../../../../arm-none-eabi/lib/thumb/v7e-m+dp/hard\libnosys.a(sbrk.o)
                0x0800a1cc                _sbrk
 .text._write   0x0800a1e8       0x10 c:/tools/gcc/gcc-9.2-arm32-eabi/bin/../lib/gcc/arm-none-eabi/9.3.1/../../../../arm-none-eabi/lib/thumb/v7e-m+dp/hard\libnosys.a(write.o)
                0x0800a1e8                _write
 .text._exit    0x0800a1f8        0x4 c:/tools/gcc/gcc-9.2-arm32-eabi/bin/../lib/gcc/arm-none-eabi/9.3.1/../../../../arm-none-eabi/lib/thumb/v7e-m+dp/hard\libnosys.a(_exit.o)
                0x0800a1f8                _exit
 *(.glue_7)
 .glue_7        0x0800a1fc        0x0 linker stubs
 *(.glue_7t)
 .glue_7t       0x0800a1fc        0x0 linker stubs
 *(.eh_frame)
 .eh_frame      0x0800a1fc        0x0 c:/tools/gcc/gcc-9.2-arm32-eabi/bin/../lib/gcc/arm-none-eabi/9.3.1/thumb/v7e-m+dp/hard/crtbegin.o
 *(.init)
 .init          0x0800a1fc        0x4 c:/tools/gcc/gcc-9.2-arm32-eabi/bin/../lib/gcc/arm-none-eabi/9.3.1/thumb/v7e-m+dp/hard/crti.o
                0x0800a1fc                _init
 .init          0x0800a200        0x8 c:/tools/gcc/gcc-9.2-arm32-eabi/bin/../lib/gcc/arm-none-eabi/9.3.1/thumb/v7e-m+dp/hard/crtn.o
 *(.fini)
 .fini          0x0800a208        0x4 c:/tools/gcc/gcc-9.2-arm32-eabi/bin/../lib/gcc/arm-none-eabi/9.3.1/thumb/v7e-m+dp/hard/crti.o
                0x0800a208                _fini
 .fini          0x0800a20c        0x8 c:/tools/gcc/gcc-9.2-arm32-eabi/bin/../lib/gcc/arm-none-eabi/9.3.1/thumb/v7e-m+dp/hard/crtn.o
                0x0800a214                . = ALIGN (0x4)
                0x0800a214                _etext = .

.vfp11_veneer   0x0800a214        0x0
 .vfp11_veneer  0x0800a214        0x0 linker stubs

.v4_bx          0x0800a214        0x0
 .v4_bx         0x0800a214        0x0 linker stubs

.iplt           0x0800a214        0x0
 .iplt          0x0800a214        0x0 c:/tools/gcc/gcc-9.2-arm32-eabi/bin/../lib/gcc/arm-none-eabi/9.3.1/thumb/v7e-m+dp/hard/crtbegin.o

.rodata         0x0800a214     0x1d08
                0x0800a214                . = ALIGN (0x4)
 *(.rodata)
 .rodata        0x0800a214       0xff build/main.o
 *(.rodata*)
 .rodata.SD_ReadAviHeader.str1.1
                0x0800a313      0x538 build/main.o
                                0x53d (size before relaxing)
 .rodata.SD_GetPlayList.str1.1
                0x0800a84b      0x14e build/main.o
                                0x156 (size before relaxing)
 .rodata.SD_ReadAviStream.str1.1
                0x0800a999      0x1d8 build/main.o
 .rodata.SD_PlayAviVideo.str1.1
                0x0800ab71       0x5b build/main.o
 .rodata.main.str1.1
                0x0800abcc      0x22e build/main.o
                                0x22f (size before relaxing)
 *fill*         0x0800adfa        0x2 
 .rodata.SD_Driver
                0x0800adfc       0x14 build/sd_diskio.o
                0x0800adfc                SD_Driver
 .rodata.D1CorePrescTable
                0x0800ae10       0x10 build/system_stm32h7xx.o
                0x0800ae10                D1CorePrescTable
 .rodata.follow_path.str1.1
                0x0800ae20        0xf build/ff.o
 .rodata.ExCvt  0x0800ae2f       0x80 build/ff.o
 *fill*         0x0800aeaf        0x1 
 .rodata.TomThumb
                0x0800aeb0        0xc build/matrix.o
                0x0800aeb0                TomThumb
 .rodata.TomThumbBitmaps
                0x0800aebc      0x388 build/matrix.o
                0x0800aebc                TomThumbBitmaps
 .rodata.TomThumbGlyphs
                0x0800b244      0x660 build/matrix.o
                0x0800b244                TomThumbGlyphs
 .rodata.gTimeCount
                0x0800b8a4        0xa build/matrix.o
                0x0800b8a4                gTimeCount
 .rodata.font   0x0800b8ae      0x500 build/glcdfont.o
                0x0800b8ae                font
 *fill*         0x0800bdae        0x2 
 .rodata._global_impure_ptr
                0x0800bdb0        0x4 c:/tools/gcc/gcc-9.2-arm32-eabi/bin/../lib/gcc/arm-none-eabi/9.3.1/../../../../arm-none-eabi/lib/thumb/v7e-m+dp/hard\libc_nano.a(lib_a-impure.o)
                0x0800bdb0                _global_impure_ptr
 .rodata.strtok.str1.1
                0x0800bdb4       0x95 c:/tools/gcc/gcc-9.2-arm32-eabi/bin/../lib/gcc/arm-none-eabi/9.3.1/../../../../arm-none-eabi/lib/thumb/v7e-m+dp/hard\libc_nano.a(lib_a-strtok.o)
 .rodata.__assert_func.str1.1
                0x0800be49       0x3c c:/tools/gcc/gcc-9.2-arm32-eabi/bin/../lib/gcc/arm-none-eabi/9.3.1/../../../../arm-none-eabi/lib/thumb/v7e-m+dp/hard\libc_nano.a(lib_a-assert.o)
                                 0x3d (size before relaxing)
 *fill*         0x0800be85        0x3 
 .rodata.__sf_fake_stderr
                0x0800be88       0x20 c:/tools/gcc/gcc-9.2-arm32-eabi/bin/../lib/gcc/arm-none-eabi/9.3.1/../../../../arm-none-eabi/lib/thumb/v7e-m+dp/hard\libc_nano.a(lib_a-findfp.o)
                0x0800be88                __sf_fake_stderr
 .rodata.__sf_fake_stdin
                0x0800bea8       0x20 c:/tools/gcc/gcc-9.2-arm32-eabi/bin/../lib/gcc/arm-none-eabi/9.3.1/../../../../arm-none-eabi/lib/thumb/v7e-m+dp/hard\libc_nano.a(lib_a-findfp.o)
                0x0800bea8                __sf_fake_stdin
 .rodata.__sf_fake_stdout
                0x0800bec8       0x20 c:/tools/gcc/gcc-9.2-arm32-eabi/bin/../lib/gcc/arm-none-eabi/9.3.1/../../../../arm-none-eabi/lib/thumb/v7e-m+dp/hard\libc_nano.a(lib_a-findfp.o)
                0x0800bec8                __sf_fake_stdout
 .rodata._svfprintf_r.str1.1
                0x0800bee8       0x11 c:/tools/gcc/gcc-9.2-arm32-eabi/bin/../lib/gcc/arm-none-eabi/9.3.1/../../../../arm-none-eabi/lib/thumb/v7e-m+dp/hard\libc_nano.a(lib_a-nano-svfprintf.o)
 .rodata._vfprintf_r.str1.1
                0x0800bef9       0x11 c:/tools/gcc/gcc-9.2-arm32-eabi/bin/../lib/gcc/arm-none-eabi/9.3.1/../../../../arm-none-eabi/lib/thumb/v7e-m+dp/hard\libc_nano.a(lib_a-nano-vfprintf.o)
 .rodata._printf_i.str1.1
                0x0800bef9       0x22 c:/tools/gcc/gcc-9.2-arm32-eabi/bin/../lib/gcc/arm-none-eabi/9.3.1/../../../../arm-none-eabi/lib/thumb/v7e-m+dp/hard\libc_nano.a(lib_a-nano-vfprintf_i.o)
                0x0800bf1c                . = ALIGN (0x4)
 *fill*         0x0800bf1b        0x1 

.rel.dyn        0x0800bf1c        0x0
 .rel.iplt      0x0800bf1c        0x0 c:/tools/gcc/gcc-9.2-arm32-eabi/bin/../lib/gcc/arm-none-eabi/9.3.1/thumb/v7e-m+dp/hard/crtbegin.o

.ARM.extab
 *(.ARM.extab* .gnu.linkonce.armextab.*)

.ARM            0x0800bf1c        0x0
                0x0800bf1c                __exidx_start = .
 *(.ARM.exidx*)
                0x0800bf1c                __exidx_end = .

.preinit_array  0x0800bf1c        0x0
                0x0800bf1c                PROVIDE (__preinit_array_start = .)
 *(.preinit_array*)
                0x0800bf1c                PROVIDE (__preinit_array_end = .)

.init_array     0x0800bf1c        0x4
                0x0800bf1c                PROVIDE (__init_array_start = .)
 *(SORT_BY_NAME(.init_array.*))
 *(.init_array*)
 .init_array    0x0800bf1c        0x4 c:/tools/gcc/gcc-9.2-arm32-eabi/bin/../lib/gcc/arm-none-eabi/9.3.1/thumb/v7e-m+dp/hard/crtbegin.o
                0x0800bf20                PROVIDE (__init_array_end = .)

.fini_array     0x0800bf20        0x4
                [!provide]                PROVIDE (__fini_array_start = .)
 *(SORT_BY_NAME(.fini_array.*))
 *(.fini_array*)
 .fini_array    0x0800bf20        0x4 c:/tools/gcc/gcc-9.2-arm32-eabi/bin/../lib/gcc/arm-none-eabi/9.3.1/thumb/v7e-m+dp/hard/crtbegin.o
                [!provide]                PROVIDE (__fini_array_end = .)
                0x0800bf24                _sidata = LOADADDR (.data)

.data           0x24060000       0x74 load address 0x0800bf24
                0x24060000                . = ALIGN (0x4)
                0x24060000                _sdata = .
 *(.data)
 *(.data*)
 .data.Stat     0x24060000        0x1 build/sd_diskio.o
 .data.uwTickFreq
                0x24060001        0x1 build/stm32h7xx_hal.o
                0x24060001                uwTickFreq
 *fill*         0x24060002        0x2 
 .data.uwTickPrio
                0x24060004        0x4 build/stm32h7xx_hal.o
                0x24060004                uwTickPrio
 .data.SystemCoreClock
                0x24060008        0x4 build/system_stm32h7xx.o
                0x24060008                SystemCoreClock
 .data.SystemD2Clock
                0x2406000c        0x4 build/system_stm32h7xx.o
                0x2406000c                SystemD2Clock
 .data._impure_ptr
                0x24060010        0x4 c:/tools/gcc/gcc-9.2-arm32-eabi/bin/../lib/gcc/arm-none-eabi/9.3.1/../../../../arm-none-eabi/lib/thumb/v7e-m+dp/hard\libc_nano.a(lib_a-impure.o)
                0x24060010                _impure_ptr
 .data.impure_data
                0x24060014       0x60 c:/tools/gcc/gcc-9.2-arm32-eabi/bin/../lib/gcc/arm-none-eabi/9.3.1/../../../../arm-none-eabi/lib/thumb/v7e-m+dp/hard\libc_nano.a(lib_a-impure.o)
                0x24060074                . = ALIGN (0x4)
                0x24060074                _edata = .

.igot.plt       0x24060074        0x0 load address 0x0800bf98
 .igot.plt      0x24060074        0x0 c:/tools/gcc/gcc-9.2-arm32-eabi/bin/../lib/gcc/arm-none-eabi/9.3.1/thumb/v7e-m+dp/hard/crtbegin.o
                0x24060074                . = ALIGN (0x4)

.bss            0x24060080    0x1c930 load address 0x0800bf98
                0x24060080                _sbss = .
                0x24060080                __bss_start__ = _sbss
 *(.bss)
 .bss           0x24060080       0x1c c:/tools/gcc/gcc-9.2-arm32-eabi/bin/../lib/gcc/arm-none-eabi/9.3.1/thumb/v7e-m+dp/hard/crtbegin.o
 *(.bss*)
 .bss.Audio_End_Flag
                0x2406009c        0x1 build/main.o
                0x2406009c                Audio_End_Flag
 .bss.Audio_Flame_End_flag
                0x2406009d        0x1 build/main.o
                0x2406009d                Audio_Flame_End_flag
 .bss.Status    0x2406009e        0x1 build/main.o
                0x2406009e                Status
 .bss.Video_End_Flag
                0x2406009f        0x1 build/main.o
                0x2406009f                Video_End_Flag
 .bss.avi_fileobject.13982
                0x240600a0     0x1030 build/main.o
 .bss.ReadStatus
                0x240610d0        0x4 build/sd_diskio.o
 .bss.WriteStatus
                0x240610d4        0x4 build/sd_diskio.o
 .bss.FatFs     0x240610d8        0x4 build/ff.o
 .bss.Files     0x240610dc       0x20 build/ff.o
 .bss.Fsid      0x240610fc        0x2 build/ff.o
 *fill*         0x240610fe        0x2 
 .bss.disk      0x24061100        0xc build/ff_gen_drv.o
                0x24061100                disk
 .bss.__malloc_free_list
                0x2406110c        0x4 c:/tools/gcc/gcc-9.2-arm32-eabi/bin/../lib/gcc/arm-none-eabi/9.3.1/../../../../arm-none-eabi/lib/thumb/v7e-m+dp/hard\libc_nano.a(lib_a-nano-mallocr.o)
                0x2406110c                __malloc_free_list
 .bss.__malloc_sbrk_start
                0x24061110        0x4 c:/tools/gcc/gcc-9.2-arm32-eabi/bin/../lib/gcc/arm-none-eabi/9.3.1/../../../../arm-none-eabi/lib/thumb/v7e-m+dp/hard\libc_nano.a(lib_a-nano-mallocr.o)
                0x24061110                __malloc_sbrk_start
 .bss.heap_end.5507
                0x24061114        0x4 c:/tools/gcc/gcc-9.2-arm32-eabi/bin/../lib/gcc/arm-none-eabi/9.3.1/../../../../arm-none-eabi/lib/thumb/v7e-m+dp/hard\libnosys.a(sbrk.o)
 *(COMMON)
 *fill*         0x24061118       0x68 
 COMMON         0x24061180    0x1979a build/main.o
                0x24061180                nobytsread
                0x24061184                fno
                0x2406119c                SDResult
                0x2406119e                movilocation
                0x240611a0                framelocation
                0x240611a2                Flame_Buffer
                0x240791a4                stm32_fileobject
                0x2407a1d4                i
                0x2407a200                pagebuff
                0x2407a700                cinfo
                0x2407a8e8                dir
                0x2407a918                framesize
 *fill*         0x2407a91a        0x2 
 COMMON         0x2407a91c       0x14 build/dac.o
                0x2407a91c                hdac1
 COMMON         0x2407a930     0x206c build/fatfs.o
                0x2407a930                retSD
                0x2407a931                SDPath
                0x2407a938                SDFile
                0x2407b968                SDFatFS
 COMMON         0x2407c99c        0x4 build/stm32h7xx_hal.o
                0x2407c99c                uwTick
 COMMON         0x2407c9a0        0x9 c:/tools/gcc/gcc-9.2-arm32-eabi/bin/../lib/gcc/arm-none-eabi/9.3.1/../../../../arm-none-eabi/lib/thumb/v7e-m+dp/hard\libc_nano.a(lib_a-lock.o)
                0x2407c9a0                __lock___atexit_recursive_mutex
                0x2407c9a1                __lock___arc4random_mutex
                0x2407c9a2                __lock___env_recursive_mutex
                0x2407c9a3                __lock___sinit_recursive_mutex
                0x2407c9a4                __lock___malloc_recursive_mutex
                0x2407c9a5                __lock___at_quick_exit_mutex
                0x2407c9a6                __lock___dd_hash_mutex
                0x2407c9a7                __lock___tz_mutex
                0x2407c9a8                __lock___sfp_recursive_mutex
 *fill*         0x2407c9a9        0x3 
 COMMON         0x2407c9ac        0x4 c:/tools/gcc/gcc-9.2-arm32-eabi/bin/../lib/gcc/arm-none-eabi/9.3.1/../../../../arm-none-eabi/lib/thumb/v7e-m+dp/hard\libc_nano.a(lib_a-reent.o)
                0x2407c9ac                errno
                0x2407c9b0                . = ALIGN (0x4)
                0x2407c9b0                _ebss = .
                0x2407c9b0                __bss_end__ = _ebss
                0x2407c9b0                . = ALIGN (0x4)

.ram_d1_cacheable_a
                0x24000000     0x67b4
                0x24000000                _d1_c_sbss = .
 *(.ram_d1_cacheable)
 .ram_d1_cacheable
                0x24000000     0x6644 build/main.o
                0x24000000                jerr
                0x240000e0                nRowBuff
                0x24000234                Audio_Channnel_Count
                0x24000238                Audio_Flame_Data_Count
                0x2400023c                Audio_Double_Buffer
                0x2400023e                Audio_Buffer
                0x24006640                row_stride
 .ram_d1_cacheable
                0x24006644       0x4c build/i2c.o
                0x24006644                hi2c4
 .ram_d1_cacheable
                0x24006690       0x7c build/sdmmc.o
                0x24006690                hsd1
 .ram_d1_cacheable
                0x2400670c       0x98 build/tim.o
                0x2400670c                htim4
                0x24006758                htim2
 .ram_d1_cacheable
                0x240067a4       0x10 build/matrix.o
 *(.ram_d1_cacheable*)
                0x240067b4                _d1_c_ebss = .
                0x240067b4                . = ALIGN (0x4)

.ram_d2_cacheable_a
                0x30000000    0x19400
                0x30000000                _d2_c_sbss = .
 *(.ram_d2_cacheable)
 .ram_d2_cacheable
                0x30000000    0x19400 build/matrix.o
                0x30000000                gIsrBuff0
                0x30000a00                gIsrBuff1
                0x30001400                gMainBuff1
                0x30009400                gMainBuff0
 *(.ram_d2_cacheable*)
                0x30019400                _d2_c_ebss = .

._user_heap_stack
                0x2407c9b0     0x2000
                0x2407c9b0                . = ALIGN (0x8)
                0x2407c9b0                PROVIDE (end = .)
                [!provide]                PROVIDE (_end = .)
                0x2407d9b0                . = (. + _Min_Heap_Size)
 *fill*         0x2407c9b0     0x1000 
                0x2407e9b0                . = (. + _Min_Stack_Size)
 *fill*         0x2407d9b0     0x1000 
                0x2407e9b0                . = ALIGN (0x8)

/DISCARD/
 libc.a(*)
 libm.a(*)
 libgcc.a(*)

.ARM.attributes
                0x00000000       0x2e
 *(.ARM.attributes)
 .ARM.attributes
                0x00000000       0x1e c:/tools/gcc/gcc-9.2-arm32-eabi/bin/../lib/gcc/arm-none-eabi/9.3.1/thumb/v7e-m+dp/hard/crti.o
 .ARM.attributes
                0x0000001e       0x32 c:/tools/gcc/gcc-9.2-arm32-eabi/bin/../lib/gcc/arm-none-eabi/9.3.1/thumb/v7e-m+dp/hard/crtbegin.o
 .ARM.attributes
                0x00000050       0x32 build/main.o
 .ARM.attributes
                0x00000082       0x32 build/gpio.o
 .ARM.attributes
                0x000000b4       0x32 build/dac.o
 .ARM.attributes
                0x000000e6       0x32 build/i2c.o
 .ARM.attributes
                0x00000118       0x32 build/sdmmc.o
 .ARM.attributes
                0x0000014a       0x32 build/tim.o
 .ARM.attributes
                0x0000017c       0x32 build/stm32h7xx_it.o
 .ARM.attributes
                0x000001ae       0x32 build/stm32h7xx_hal_msp.o
 .ARM.attributes
                0x000001e0       0x32 build/bsp_driver_sd.o
 .ARM.attributes
                0x00000212       0x32 build/sd_diskio.o
 .ARM.attributes
                0x00000244       0x32 build/fatfs_platform.o
 .ARM.attributes
                0x00000276       0x32 build/fatfs.o
 .ARM.attributes
                0x000002a8       0x32 build/libjpeg.o
 .ARM.attributes
                0x000002da       0x32 build/stm32h7xx_hal_cortex.o
 .ARM.attributes
                0x0000030c       0x32 build/stm32h7xx_hal_dac.o
 .ARM.attributes
                0x0000033e       0x32 build/stm32h7xx_hal_rcc.o
 .ARM.attributes
                0x00000370       0x32 build/stm32h7xx_hal_rcc_ex.o
 .ARM.attributes
                0x000003a2       0x32 build/stm32h7xx_hal_gpio.o
 .ARM.attributes
                0x000003d4       0x32 build/stm32h7xx_hal_pwr_ex.o
 .ARM.attributes
                0x00000406       0x32 build/stm32h7xx_hal.o
 .ARM.attributes
                0x00000438       0x32 build/stm32h7xx_hal_i2c.o
 .ARM.attributes
                0x0000046a       0x32 build/stm32h7xx_hal_i2c_ex.o
 .ARM.attributes
                0x0000049c       0x32 build/stm32h7xx_ll_sdmmc.o
 .ARM.attributes
                0x000004ce       0x32 build/stm32h7xx_hal_sd.o
 .ARM.attributes
                0x00000500       0x32 build/stm32h7xx_hal_tim.o
 .ARM.attributes
                0x00000532       0x32 build/stm32h7xx_hal_tim_ex.o
 .ARM.attributes
                0x00000564       0x32 build/system_stm32h7xx.o
 .ARM.attributes
                0x00000596       0x32 build/diskio.o
 .ARM.attributes
                0x000005c8       0x32 build/ff.o
 .ARM.attributes
                0x000005fa       0x32 build/ff_gen_drv.o
 .ARM.attributes
                0x0000062c       0x32 build/matrix.o
 .ARM.attributes
                0x0000065e       0x37 build/glcdfont.o
 .ARM.attributes
                0x00000695       0x21 build/startup_stm32h750xx.o
 .ARM.attributes
                0x000006b6       0x30 c:/tools/gcc/gcc-9.2-arm32-eabi/bin/../lib/gcc/arm-none-eabi/9.3.1/../../../../arm-none-eabi/lib/thumb/v7e-m+dp/hard\libc_nano.a(lib_a-impure.o)
 .ARM.attributes
                0x000006e6       0x32 c:/tools/gcc/gcc-9.2-arm32-eabi/bin/../lib/gcc/arm-none-eabi/9.3.1/../../../../arm-none-eabi/lib/thumb/v7e-m+dp/hard\libc_nano.a(lib_a-init.o)
 .ARM.attributes
                0x00000718       0x32 c:/tools/gcc/gcc-9.2-arm32-eabi/bin/../lib/gcc/arm-none-eabi/9.3.1/../../../../arm-none-eabi/lib/thumb/v7e-m+dp/hard\libc_nano.a(lib_a-malloc.o)
 .ARM.attributes
                0x0000074a       0x32 c:/tools/gcc/gcc-9.2-arm32-eabi/bin/../lib/gcc/arm-none-eabi/9.3.1/../../../../arm-none-eabi/lib/thumb/v7e-m+dp/hard\libc_nano.a(lib_a-memcpy-stub.o)
 .ARM.attributes
                0x0000077c       0x32 c:/tools/gcc/gcc-9.2-arm32-eabi/bin/../lib/gcc/arm-none-eabi/9.3.1/../../../../arm-none-eabi/lib/thumb/v7e-m+dp/hard\libc_nano.a(lib_a-memmove.o)
 .ARM.attributes
                0x000007ae       0x32 c:/tools/gcc/gcc-9.2-arm32-eabi/bin/../lib/gcc/arm-none-eabi/9.3.1/../../../../arm-none-eabi/lib/thumb/v7e-m+dp/hard\libc_nano.a(lib_a-memset.o)
 .ARM.attributes
                0x000007e0       0x32 c:/tools/gcc/gcc-9.2-arm32-eabi/bin/../lib/gcc/arm-none-eabi/9.3.1/../../../../arm-none-eabi/lib/thumb/v7e-m+dp/hard\libc_nano.a(lib_a-nano-freer.o)
 .ARM.attributes
                0x00000812       0x32 c:/tools/gcc/gcc-9.2-arm32-eabi/bin/../lib/gcc/arm-none-eabi/9.3.1/../../../../arm-none-eabi/lib/thumb/v7e-m+dp/hard\libc_nano.a(lib_a-nano-mallocr.o)
 .ARM.attributes
                0x00000844       0x32 c:/tools/gcc/gcc-9.2-arm32-eabi/bin/../lib/gcc/arm-none-eabi/9.3.1/../../../../arm-none-eabi/lib/thumb/v7e-m+dp/hard\libc_nano.a(lib_a-printf.o)
 .ARM.attributes
                0x00000876       0x32 c:/tools/gcc/gcc-9.2-arm32-eabi/bin/../lib/gcc/arm-none-eabi/9.3.1/../../../../arm-none-eabi/lib/thumb/v7e-m+dp/hard\libc_nano.a(lib_a-realloc.o)
 .ARM.attributes
                0x000008a8       0x32 c:/tools/gcc/gcc-9.2-arm32-eabi/bin/../lib/gcc/arm-none-eabi/9.3.1/../../../../arm-none-eabi/lib/thumb/v7e-m+dp/hard\libc_nano.a(lib_a-sbrkr.o)
 .ARM.attributes
                0x000008da       0x32 c:/tools/gcc/gcc-9.2-arm32-eabi/bin/../lib/gcc/arm-none-eabi/9.3.1/../../../../arm-none-eabi/lib/thumb/v7e-m+dp/hard\libc_nano.a(lib_a-snprintf.o)
 .ARM.attributes
                0x0000090c       0x1c c:/tools/gcc/gcc-9.2-arm32-eabi/bin/../lib/gcc/arm-none-eabi/9.3.1/../../../../arm-none-eabi/lib/thumb/v7e-m+dp/hard\libc_nano.a(lib_a-strcmp.o)
 .ARM.attributes
                0x00000928       0x32 c:/tools/gcc/gcc-9.2-arm32-eabi/bin/../lib/gcc/arm-none-eabi/9.3.1/../../../../arm-none-eabi/lib/thumb/v7e-m+dp/hard\libc_nano.a(lib_a-strcpy.o)
 .ARM.attributes
                0x0000095a       0x32 c:/tools/gcc/gcc-9.2-arm32-eabi/bin/../lib/gcc/arm-none-eabi/9.3.1/../../../../arm-none-eabi/lib/thumb/v7e-m+dp/hard\libc_nano.a(lib_a-strncmp.o)
 .ARM.attributes
                0x0000098c       0x32 c:/tools/gcc/gcc-9.2-arm32-eabi/bin/../lib/gcc/arm-none-eabi/9.3.1/../../../../arm-none-eabi/lib/thumb/v7e-m+dp/hard\libc_nano.a(lib_a-strtok.o)
 .ARM.attributes
                0x000009be       0x32 c:/tools/gcc/gcc-9.2-arm32-eabi/bin/../lib/gcc/arm-none-eabi/9.3.1/../../../../arm-none-eabi/lib/thumb/v7e-m+dp/hard\libc_nano.a(lib_a-strtok_r.o)
 .ARM.attributes
                0x000009f0       0x32 c:/tools/gcc/gcc-9.2-arm32-eabi/bin/../lib/gcc/arm-none-eabi/9.3.1/../../../../arm-none-eabi/lib/thumb/v7e-m+dp/hard\libc_nano.a(lib_a-vsprintf.o)
 .ARM.attributes
                0x00000a22       0x32 c:/tools/gcc/gcc-9.2-arm32-eabi/bin/../lib/gcc/arm-none-eabi/9.3.1/../../../../arm-none-eabi/lib/thumb/v7e-m+dp/hard\libc_nano.a(lib_a-assert.o)
 .ARM.attributes
                0x00000a54       0x32 c:/tools/gcc/gcc-9.2-arm32-eabi/bin/../lib/gcc/arm-none-eabi/9.3.1/../../../../arm-none-eabi/lib/thumb/v7e-m+dp/hard\libc_nano.a(lib_a-findfp.o)
 .ARM.attributes
                0x00000a86       0x32 c:/tools/gcc/gcc-9.2-arm32-eabi/bin/../lib/gcc/arm-none-eabi/9.3.1/../../../../arm-none-eabi/lib/thumb/v7e-m+dp/hard\libc_nano.a(lib_a-fprintf.o)
 .ARM.attributes
                0x00000ab8       0x32 c:/tools/gcc/gcc-9.2-arm32-eabi/bin/../lib/gcc/arm-none-eabi/9.3.1/../../../../arm-none-eabi/lib/thumb/v7e-m+dp/hard\libc_nano.a(lib_a-fwalk.o)
 .ARM.attributes
                0x00000aea       0x32 c:/tools/gcc/gcc-9.2-arm32-eabi/bin/../lib/gcc/arm-none-eabi/9.3.1/../../../../arm-none-eabi/lib/thumb/v7e-m+dp/hard\libc_nano.a(lib_a-lock.o)
 .ARM.attributes
                0x00000b1c       0x32 c:/tools/gcc/gcc-9.2-arm32-eabi/bin/../lib/gcc/arm-none-eabi/9.3.1/../../../../arm-none-eabi/lib/thumb/v7e-m+dp/hard\libc_nano.a(lib_a-mlock.o)
 .ARM.attributes
                0x00000b4e       0x32 c:/tools/gcc/gcc-9.2-arm32-eabi/bin/../lib/gcc/arm-none-eabi/9.3.1/../../../../arm-none-eabi/lib/thumb/v7e-m+dp/hard\libc_nano.a(lib_a-nano-reallocr.o)
 .ARM.attributes
                0x00000b80       0x32 c:/tools/gcc/gcc-9.2-arm32-eabi/bin/../lib/gcc/arm-none-eabi/9.3.1/../../../../arm-none-eabi/lib/thumb/v7e-m+dp/hard\libc_nano.a(lib_a-nano-svfprintf.o)
 .ARM.attributes
                0x00000bb2       0x32 c:/tools/gcc/gcc-9.2-arm32-eabi/bin/../lib/gcc/arm-none-eabi/9.3.1/../../../../arm-none-eabi/lib/thumb/v7e-m+dp/hard\libc_nano.a(lib_a-nano-vfprintf.o)
 .ARM.attributes
                0x00000be4       0x32 c:/tools/gcc/gcc-9.2-arm32-eabi/bin/../lib/gcc/arm-none-eabi/9.3.1/../../../../arm-none-eabi/lib/thumb/v7e-m+dp/hard\libc_nano.a(lib_a-nano-vfprintf_i.o)
 .ARM.attributes
                0x00000c16       0x32 c:/tools/gcc/gcc-9.2-arm32-eabi/bin/../lib/gcc/arm-none-eabi/9.3.1/../../../../arm-none-eabi/lib/thumb/v7e-m+dp/hard\libc_nano.a(lib_a-reent.o)
 .ARM.attributes
                0x00000c48       0x32 c:/tools/gcc/gcc-9.2-arm32-eabi/bin/../lib/gcc/arm-none-eabi/9.3.1/../../../../arm-none-eabi/lib/thumb/v7e-m+dp/hard\libc_nano.a(lib_a-stdio.o)
 .ARM.attributes
                0x00000c7a       0x32 c:/tools/gcc/gcc-9.2-arm32-eabi/bin/../lib/gcc/arm-none-eabi/9.3.1/../../../../arm-none-eabi/lib/thumb/v7e-m+dp/hard\libc_nano.a(lib_a-wbuf.o)
 .ARM.attributes
                0x00000cac       0x32 c:/tools/gcc/gcc-9.2-arm32-eabi/bin/../lib/gcc/arm-none-eabi/9.3.1/../../../../arm-none-eabi/lib/thumb/v7e-m+dp/hard\libc_nano.a(lib_a-writer.o)
 .ARM.attributes
                0x00000cde       0x32 c:/tools/gcc/gcc-9.2-arm32-eabi/bin/../lib/gcc/arm-none-eabi/9.3.1/../../../../arm-none-eabi/lib/thumb/v7e-m+dp/hard\libc_nano.a(lib_a-wsetup.o)
 .ARM.attributes
                0x00000d10       0x32 c:/tools/gcc/gcc-9.2-arm32-eabi/bin/../lib/gcc/arm-none-eabi/9.3.1/../../../../arm-none-eabi/lib/thumb/v7e-m+dp/hard\libc_nano.a(lib_a-abort.o)
 .ARM.attributes
                0x00000d42       0x32 c:/tools/gcc/gcc-9.2-arm32-eabi/bin/../lib/gcc/arm-none-eabi/9.3.1/../../../../arm-none-eabi/lib/thumb/v7e-m+dp/hard\libc_nano.a(lib_a-closer.o)
 .ARM.attributes
                0x00000d74       0x32 c:/tools/gcc/gcc-9.2-arm32-eabi/bin/../lib/gcc/arm-none-eabi/9.3.1/../../../../arm-none-eabi/lib/thumb/v7e-m+dp/hard\libc_nano.a(lib_a-fflush.o)
 .ARM.attributes
                0x00000da6       0x32 c:/tools/gcc/gcc-9.2-arm32-eabi/bin/../lib/gcc/arm-none-eabi/9.3.1/../../../../arm-none-eabi/lib/thumb/v7e-m+dp/hard\libc_nano.a(lib_a-lseekr.o)
 .ARM.attributes
                0x00000dd8       0x32 c:/tools/gcc/gcc-9.2-arm32-eabi/bin/../lib/gcc/arm-none-eabi/9.3.1/../../../../arm-none-eabi/lib/thumb/v7e-m+dp/hard\libc_nano.a(lib_a-makebuf.o)
 .ARM.attributes
                0x00000e0a       0x1c c:/tools/gcc/gcc-9.2-arm32-eabi/bin/../lib/gcc/arm-none-eabi/9.3.1/../../../../arm-none-eabi/lib/thumb/v7e-m+dp/hard\libc_nano.a(lib_a-memchr.o)
 .ARM.attributes
                0x00000e26       0x32 c:/tools/gcc/gcc-9.2-arm32-eabi/bin/../lib/gcc/arm-none-eabi/9.3.1/../../../../arm-none-eabi/lib/thumb/v7e-m+dp/hard\libc_nano.a(lib_a-nano-msizer.o)
 .ARM.attributes
                0x00000e58       0x32 c:/tools/gcc/gcc-9.2-arm32-eabi/bin/../lib/gcc/arm-none-eabi/9.3.1/../../../../arm-none-eabi/lib/thumb/v7e-m+dp/hard\libc_nano.a(lib_a-readr.o)
 .ARM.attributes
                0x00000e8a       0x32 c:/tools/gcc/gcc-9.2-arm32-eabi/bin/../lib/gcc/arm-none-eabi/9.3.1/../../../../arm-none-eabi/lib/thumb/v7e-m+dp/hard\libc_nano.a(lib_a-signal.o)
 .ARM.attributes
                0x00000ebc       0x32 c:/tools/gcc/gcc-9.2-arm32-eabi/bin/../lib/gcc/arm-none-eabi/9.3.1/../../../../arm-none-eabi/lib/thumb/v7e-m+dp/hard\libc_nano.a(lib_a-signalr.o)
 .ARM.attributes
                0x00000eee       0x32 c:/tools/gcc/gcc-9.2-arm32-eabi/bin/../lib/gcc/arm-none-eabi/9.3.1/../../../../arm-none-eabi/lib/thumb/v7e-m+dp/hard\libc_nano.a(lib_a-fstatr.o)
 .ARM.attributes
                0x00000f20       0x32 c:/tools/gcc/gcc-9.2-arm32-eabi/bin/../lib/gcc/arm-none-eabi/9.3.1/../../../../arm-none-eabi/lib/thumb/v7e-m+dp/hard\libc_nano.a(lib_a-isattyr.o)
 .ARM.attributes
                0x00000f52       0x32 c:/tools/gcc/gcc-9.2-arm32-eabi/bin/../lib/gcc/arm-none-eabi/9.3.1/../../../../arm-none-eabi/lib/thumb/v7e-m+dp/hard\libnosys.a(close.o)
 .ARM.attributes
                0x00000f84       0x32 c:/tools/gcc/gcc-9.2-arm32-eabi/bin/../lib/gcc/arm-none-eabi/9.3.1/../../../../arm-none-eabi/lib/thumb/v7e-m+dp/hard\libnosys.a(fstat.o)
 .ARM.attributes
                0x00000fb6       0x32 c:/tools/gcc/gcc-9.2-arm32-eabi/bin/../lib/gcc/arm-none-eabi/9.3.1/../../../../arm-none-eabi/lib/thumb/v7e-m+dp/hard\libnosys.a(getpid.o)
 .ARM.attributes
                0x00000fe8       0x32 c:/tools/gcc/gcc-9.2-arm32-eabi/bin/../lib/gcc/arm-none-eabi/9.3.1/../../../../arm-none-eabi/lib/thumb/v7e-m+dp/hard\libnosys.a(isatty.o)
 .ARM.attributes
                0x0000101a       0x32 c:/tools/gcc/gcc-9.2-arm32-eabi/bin/../lib/gcc/arm-none-eabi/9.3.1/../../../../arm-none-eabi/lib/thumb/v7e-m+dp/hard\libnosys.a(kill.o)
 .ARM.attributes
                0x0000104c       0x32 c:/tools/gcc/gcc-9.2-arm32-eabi/bin/../lib/gcc/arm-none-eabi/9.3.1/../../../../arm-none-eabi/lib/thumb/v7e-m+dp/hard\libnosys.a(lseek.o)
 .ARM.attributes
                0x0000107e       0x32 c:/tools/gcc/gcc-9.2-arm32-eabi/bin/../lib/gcc/arm-none-eabi/9.3.1/../../../../arm-none-eabi/lib/thumb/v7e-m+dp/hard\libnosys.a(read.o)
 .ARM.attributes
                0x000010b0       0x32 c:/tools/gcc/gcc-9.2-arm32-eabi/bin/../lib/gcc/arm-none-eabi/9.3.1/../../../../arm-none-eabi/lib/thumb/v7e-m+dp/hard\libnosys.a(sbrk.o)
 .ARM.attributes
                0x000010e2       0x32 c:/tools/gcc/gcc-9.2-arm32-eabi/bin/../lib/gcc/arm-none-eabi/9.3.1/../../../../arm-none-eabi/lib/thumb/v7e-m+dp/hard\libnosys.a(write.o)
 .ARM.attributes
                0x00001114       0x32 c:/tools/gcc/gcc-9.2-arm32-eabi/bin/../lib/gcc/arm-none-eabi/9.3.1/../../../../arm-none-eabi/lib/thumb/v7e-m+dp/hard\libnosys.a(_exit.o)
 .ARM.attributes
                0x00001146       0x1e c:/tools/gcc/gcc-9.2-arm32-eabi/bin/../lib/gcc/arm-none-eabi/9.3.1/thumb/v7e-m+dp/hard/crtn.o
OUTPUT(build/mmp.elf elf32-littlearm)
LOAD linker stubs
LOAD c:/tools/gcc/gcc-9.2-arm32-eabi/bin/../lib/gcc/arm-none-eabi/9.3.1/../../../../arm-none-eabi/lib/thumb/v7e-m+dp/hard\libc.a
LOAD c:/tools/gcc/gcc-9.2-arm32-eabi/bin/../lib/gcc/arm-none-eabi/9.3.1/../../../../arm-none-eabi/lib/thumb/v7e-m+dp/hard\libm.a
LOAD c:/tools/gcc/gcc-9.2-arm32-eabi/bin/../lib/gcc/arm-none-eabi/9.3.1/thumb/v7e-m+dp/hard\libgcc.a

.comment        0x00000000       0x4c
 .comment       0x00000000       0x4c build/main.o
                                 0x4d (size before relaxing)
 .comment       0x0000004c       0x4d build/gpio.o
 .comment       0x0000004c       0x4d build/dac.o
 .comment       0x0000004c       0x4d build/i2c.o
 .comment       0x0000004c       0x4d build/sdmmc.o
 .comment       0x0000004c       0x4d build/tim.o
 .comment       0x0000004c       0x4d build/stm32h7xx_it.o
 .comment       0x0000004c       0x4d build/stm32h7xx_hal_msp.o
 .comment       0x0000004c       0x4d build/bsp_driver_sd.o
 .comment       0x0000004c       0x4d build/sd_diskio.o
 .comment       0x0000004c       0x4d build/fatfs_platform.o
 .comment       0x0000004c       0x4d build/fatfs.o
 .comment       0x0000004c       0x4d build/libjpeg.o
 .comment       0x0000004c       0x4d build/stm32h7xx_hal_cortex.o
 .comment       0x0000004c       0x4d build/stm32h7xx_hal_dac.o
 .comment       0x0000004c       0x4d build/stm32h7xx_hal_rcc.o
 .comment       0x0000004c       0x4d build/stm32h7xx_hal_rcc_ex.o