Archive member included to satisfy reference by file (symbol)

c:/tools/gcc/gcc-arm-none-eabi/bin/../lib/gcc/arm-none-eabi/9.3.1/../../../../arm-none-eabi/lib/thumb/v7-m/nofp\libc_nano.a(lib_a-exit.o)
                              c:/tools/gcc/gcc-arm-none-eabi/bin/../lib/gcc/arm-none-eabi/9.3.1/../../../../arm-none-eabi/lib/thumb/v7-m/nofp/crt0.o (exit)
c:/tools/gcc/gcc-arm-none-eabi/bin/../lib/gcc/arm-none-eabi/9.3.1/../../../../arm-none-eabi/lib/thumb/v7-m/nofp\libc_nano.a(lib_a-impure.o)
                              c:/tools/gcc/gcc-arm-none-eabi/bin/../lib/gcc/arm-none-eabi/9.3.1/../../../../arm-none-eabi/lib/thumb/v7-m/nofp\libc_nano.a(lib_a-exit.o) (_global_impure_ptr)
c:/tools/gcc/gcc-arm-none-eabi/bin/../lib/gcc/arm-none-eabi/9.3.1/../../../../arm-none-eabi/lib/thumb/v7-m/nofp\libc_nano.a(lib_a-init.o)
                              c:/tools/gcc/gcc-arm-none-eabi/bin/../lib/gcc/arm-none-eabi/9.3.1/../../../../arm-none-eabi/lib/thumb/v7-m/nofp/crt0.o (__libc_init_array)
c:/tools/gcc/gcc-arm-none-eabi/bin/../lib/gcc/arm-none-eabi/9.3.1/../../../../arm-none-eabi/lib/thumb/v7-m/nofp\libc_nano.a(lib_a-malloc.o)
                              build/main.o (malloc)
c:/tools/gcc/gcc-arm-none-eabi/bin/../lib/gcc/arm-none-eabi/9.3.1/../../../../arm-none-eabi/lib/thumb/v7-m/nofp\libc_nano.a(lib_a-memcpy-stub.o)
                              build/jcparam.o (memcpy)
c:/tools/gcc/gcc-arm-none-eabi/bin/../lib/gcc/arm-none-eabi/9.3.1/../../../../arm-none-eabi/lib/thumb/v7-m/nofp\libc_nano.a(lib_a-memmove.o)
                              build/avistream.o (memmove)
c:/tools/gcc/gcc-arm-none-eabi/bin/../lib/gcc/arm-none-eabi/9.3.1/../../../../arm-none-eabi/lib/thumb/v7-m/nofp\libc_nano.a(lib_a-memset.o)
                              c:/tools/gcc/gcc-arm-none-eabi/bin/../lib/gcc/arm-none-eabi/9.3.1/../../../../arm-none-eabi/lib/thumb/v7-m/nofp/crt0.o (memset)
c:/tools/gcc/gcc-arm-none-eabi/bin/../lib/gcc/arm-none-eabi/9.3.1/../../../../arm-none-eabi/lib/thumb/v7-m/nofp\libc_nano.a(lib_a-nano-freer.o)
                              c:/tools/gcc/gcc-arm-none-eabi/bin/../lib/gcc/arm-none-eabi/9.3.1/../../../../arm-none-eabi/lib/thumb/v7-m/nofp\libc_nano.a(lib_a-malloc.o) (_free_r)
c:/tools/gcc/gcc-arm-none-eabi/bin/../lib/gcc/arm-none-eabi/9.3.1/../../../../arm-none-eabi/lib/thumb/v7-m/nofp\libc_nano.a(lib_a-nano-mallocr.o)
                              c:/tools/gcc/gcc-arm-none-eabi/bin/../lib/gcc/arm-none-eabi/9.3.1/../../../../arm-none-eabi/lib/thumb/v7-m/nofp\libc_nano.a(lib_a-malloc.o) (_malloc_r)
c:/tools/gcc/gcc-arm-none-eabi/bin/../lib/gcc/arm-none-eabi/9.3.1/../../../../arm-none-eabi/lib/thumb/v7-m/nofp\libc_nano.a(lib_a-rand.o)
                              build/main.o (rand)
c:/tools/gcc/gcc-arm-none-eabi/bin/../lib/gcc/arm-none-eabi/9.3.1/../../../../arm-none-eabi/lib/thumb/v7-m/nofp\libc_nano.a(lib_a-realloc.o)
                              build/avistream.o (realloc)
c:/tools/gcc/gcc-arm-none-eabi/bin/../lib/gcc/arm-none-eabi/9.3.1/../../../../arm-none-eabi/lib/thumb/v7-m/nofp\libc_nano.a(lib_a-sbrkr.o)
                              c:/tools/gcc/gcc-arm-none-eabi/bin/../lib/gcc/arm-none-eabi/9.3.1/../../../../arm-none-eabi/lib/thumb/v7-m/nofp\libc_nano.a(lib_a-nano-mallocr.o) (_sbrk_r)
c:/tools/gcc/gcc-arm-none-eabi/bin/../lib/gcc/arm-none-eabi/9.3.1/../../../../arm-none-eabi/lib/thumb/v7-m/nofp\libc_nano.a(lib_a-setjmp.o)
                              build/main.o (setjmp)
c:/tools/gcc/gcc-arm-none-eabi/bin/../lib/gcc/arm-none-eabi/9.3.1/../../../../arm-none-eabi/lib/thumb/v7-m/nofp\libc_nano.a(lib_a-snprintf.o)
                              build/avistream.o (snprintf)
c:/tools/gcc/gcc-arm-none-eabi/bin/../lib/gcc/arm-none-eabi/9.3.1/../../../../arm-none-eabi/lib/thumb/v7-m/nofp\libc_nano.a(lib_a-sprintf.o)
                              build/jerror.o (sprintf)
c:/tools/gcc/gcc-arm-none-eabi/bin/../lib/gcc/arm-none-eabi/9.3.1/../../../../arm-none-eabi/lib/thumb/v7-m/nofp\libc_nano.a(lib_a-strcmp.o)
                              build/avistream.o (strcmp)
c:/tools/gcc/gcc-arm-none-eabi/bin/../lib/gcc/arm-none-eabi/9.3.1/../../../../arm-none-eabi/lib/thumb/v7-m/nofp\libc_nano.a(lib_a-strcpy.o)
                              build/avistream.o (strcpy)
c:/tools/gcc/gcc-arm-none-eabi/bin/../lib/gcc/arm-none-eabi/9.3.1/../../../../arm-none-eabi/lib/thumb/v7-m/nofp\libc_nano.a(lib_a-strncmp.o)
                              build/avistream.o (strncmp)
c:/tools/gcc/gcc-arm-none-eabi/bin/../lib/gcc/arm-none-eabi/9.3.1/../../../../arm-none-eabi/lib/thumb/v7-m/nofp\libc_nano.a(lib_a-strtok.o)
                              build/avistream.o (strtok)
c:/tools/gcc/gcc-arm-none-eabi/bin/../lib/gcc/arm-none-eabi/9.3.1/../../../../arm-none-eabi/lib/thumb/v7-m/nofp\libc_nano.a(lib_a-strtok_r.o)
                              c:/tools/gcc/gcc-arm-none-eabi/bin/../lib/gcc/arm-none-eabi/9.3.1/../../../../arm-none-eabi/lib/thumb/v7-m/nofp\libc_nano.a(lib_a-strtok.o) (__strtok_r)
[...]
Memory Configuration

Name             Origin             Length             Attributes
RAM              0x20000000         0x00014000         xrw
RAM1             0x2001c000         0x00004000         xrw
FLASH            0x08000000         0x00040000         xr
*default*        0x00000000         0xffffffff

Linker script and memory map

LOAD c:/tools/gcc/gcc-arm-none-eabi/bin/../lib/gcc/arm-none-eabi/9.3.1/thumb/v7-m/nofp/crti.o
LOAD c:/tools/gcc/gcc-arm-none-eabi/bin/../lib/gcc/arm-none-eabi/9.3.1/thumb/v7-m/nofp/crtbegin.o
LOAD c:/tools/gcc/gcc-arm-none-eabi/bin/../lib/gcc/arm-none-eabi/9.3.1/../../../../arm-none-eabi/lib/thumb/v7-m/nofp/crt0.o
LOAD build/main.o
LOAD build/matrix.o
LOAD build/ir1838.o
LOAD build/gamma.o
LOAD build/flash.o
LOAD build/glcdfont.o
LOAD build/amlich.o
LOAD build/avistream.o
LOAD build/stm32f2xx_it.o
LOAD build/system_stm32f2xx.o
LOAD build/stm32f2xx_ll_gpio.o
LOAD build/stm32f2xx_ll_rcc.o
LOAD build/stm32f2xx_ll_utils.o
LOAD build/stm32f2xx_ll_exti.o
LOAD build/stm32f2xx_ll_tim.o
LOAD build/stm32f2xx_ll_dma.o
LOAD build/stm32f2xx_hal_msp.o
LOAD build/stm32f2xx_hal_i2c.o
LOAD build/stm32f2xx_hal.o
LOAD build/stm32f2xx_hal_rcc.o
LOAD build/stm32f2xx_hal_rcc_ex.o
LOAD build/stm32f2xx_hal_cortex.o
LOAD build/stm32f2xx_hal_flash.o
LOAD build/stm32f2xx_hal_flash_ex.o
LOAD build/stm32f2xx_hal_pwr.o
LOAD build/stm32f2xx_hal_pwr_ex.o
LOAD build/stm32f2xx_hal_gpio.o
LOAD build/stm32f2xx_hal_dma.o
LOAD build/stm32f2xx_hal_dma_ex.o
LOAD build/stm32f2xx_hal_exti.o
LOAD build/stm32f2xx_hal_tim.o
LOAD build/stm32f2xx_hal_tim_ex.o
LOAD build/fatfs.o
LOAD build/libjpeg.o
LOAD build/jdata_conf.o
LOAD build/diskio.o
LOAD build/ff.o
LOAD build/ff_gen_drv.o
LOAD build/syscall.o
LOAD build/jcapimin.o
LOAD build/jcapistd.o
LOAD build/jdapimin.o
LOAD build/jdapistd.o
LOAD build/jcomapi.o
LOAD build/jcparam.o
LOAD build/jctrans.o
LOAD build/jdtrans.o
LOAD build/jcinit.o
LOAD build/jcmaster.o
LOAD build/jcmainct.o
LOAD build/jcprepct.o
LOAD build/jccoefct.o
LOAD build/jccolor.o
LOAD build/jcsample.o
LOAD build/jcdctmgr.o
LOAD build/jfdctint.o
LOAD build/jfdctfst.o
LOAD build/jfdctflt.o
LOAD build/jchuff.o
LOAD build/jcarith.o
LOAD build/jcmarker.o
LOAD build/jdatadst.o
LOAD build/jdmaster.o
LOAD build/jdinput.o
LOAD build/jdmainct.o
LOAD build/jdcoefct.o
LOAD build/jdpostct.o
LOAD build/jdmarker.o
LOAD build/jdhuff.o
LOAD build/jdarith.o
LOAD build/jddctmgr.o
LOAD build/jidctint.o
LOAD build/jidctfst.o
LOAD build/jidctflt.o
LOAD build/jdsample.o
LOAD build/jdcolor.o
LOAD build/jdmerge.o
LOAD build/jquant1.o
LOAD build/jquant2.o
LOAD build/jdatasrc.o
LOAD build/jaricom.o
LOAD build/jerror.o
LOAD build/jmemmgr.o
LOAD build/jutils.o
LOAD build/jmemnobs.o
LOAD build/bsp_driver_sd.o
LOAD build/fatfs_platform.o
LOAD build/stm32f2xx_ll_sdmmc.o
LOAD build/stm32f2xx_hal_sd.o
LOAD build/sd_diskio.o
LOAD build/stm32f2xx_ll_dac.o
LOAD build/startup_stm32f205xx.o
LOAD c:/tools/gcc/gcc-arm-none-eabi/bin/../lib/gcc/arm-none-eabi/9.3.1/../../../../arm-none-eabi/lib/thumb/v7-m/nofp\libc_nano.a
LOAD c:/tools/gcc/gcc-arm-none-eabi/bin/../lib/gcc/arm-none-eabi/9.3.1/../../../../arm-none-eabi/lib/thumb/v7-m/nofp\libm.a
LOAD c:/tools/gcc/gcc-arm-none-eabi/bin/../lib/gcc/arm-none-eabi/9.3.1/../../../../arm-none-eabi/lib/thumb/v7-m/nofp\libnosys.a
START GROUP
LOAD c:/tools/gcc/gcc-arm-none-eabi/bin/../lib/gcc/arm-none-eabi/9.3.1/thumb/v7-m/nofp\libgcc.a
LOAD c:/tools/gcc/gcc-arm-none-eabi/bin/../lib/gcc/arm-none-eabi/9.3.1/../../../../arm-none-eabi/lib/thumb/v7-m/nofp\libc_nano.a
END GROUP
START GROUP
LOAD c:/tools/gcc/gcc-arm-none-eabi/bin/../lib/gcc/arm-none-eabi/9.3.1/thumb/v7-m/nofp\libgcc.a
LOAD c:/tools/gcc/gcc-arm-none-eabi/bin/../lib/gcc/arm-none-eabi/9.3.1/../../../../arm-none-eabi/lib/thumb/v7-m/nofp\libc_nano.a
END GROUP
LOAD c:/tools/gcc/gcc-arm-none-eabi/bin/../lib/gcc/arm-none-eabi/9.3.1/thumb/v7-m/nofp/crtend.o
LOAD c:/tools/gcc/gcc-arm-none-eabi/bin/../lib/gcc/arm-none-eabi/9.3.1/thumb/v7-m/nofp/crtn.o
                0x20018000                _estack = 0x20018000
                0x00000200                _Min_Heap_Size = 0x200
                0x00000400                _Min_Stack_Size = 0x400

.isr_vector     0x08000000      0x184
                0x08000000                . = ALIGN (0x4)
 *(.isr_vector)
 .isr_vector    0x08000000      0x184 build/startup_stm32f205xx.o
                0x08000000                g_pfnVectors
                0x08000184                . = ALIGN (0x4)

.text           0x08000188     0xd3ec
                0x08000188                . = ALIGN (0x4)
 *(.text)
 .text          0x08000188       0x40 c:/tools/gcc/gcc-arm-none-eabi/bin/../lib/gcc/arm-none-eabi/9.3.1/thumb/v7-m/nofp/crtbegin.o
 .text          0x080001c8      0x378 c:/tools/gcc/gcc-arm-none-eabi/bin/../lib/gcc/arm-none-eabi/9.3.1/thumb/v7-m/nofp\libgcc.a(_arm_addsubdf3.o)
                0x080001c8                __aeabi_drsub
                0x080001d0                __aeabi_dsub
                0x080001d0                __subdf3
                0x080001d4                __aeabi_dadd
                0x080001d4                __adddf3
                0x0800044c                __floatunsidf
                0x0800044c                __aeabi_ui2d
                0x0800046c                __floatsidf
                0x0800046c                __aeabi_i2d
                0x08000490                __aeabi_f2d
                0x08000490                __extendsfdf2
                0x080004d4                __floatundidf
                0x080004d4                __aeabi_ul2d
                0x080004e4                __floatdidf
                0x080004e4                __aeabi_l2d
 .text          0x08000540      0x424 c:/tools/gcc/gcc-arm-none-eabi/bin/../lib/gcc/arm-none-eabi/9.3.1/thumb/v7-m/nofp\libgcc.a(_arm_muldivdf3.o)
                0x08000540                __aeabi_dmul
                0x08000540                __muldf3
                0x08000794                __divdf3
                0x08000794                __aeabi_ddiv
 .text          0x08000964      0x110 c:/tools/gcc/gcc-arm-none-eabi/bin/../lib/gcc/arm-none-eabi/9.3.1/thumb/v7-m/nofp\libgcc.a(_arm_cmpdf2.o)
                0x08000964                __gtdf2
                0x08000964                __gedf2
                0x0800096c                __ltdf2
                0x0800096c                __ledf2
                0x08000974                __nedf2
                0x08000974                __eqdf2
                0x08000974                __cmpdf2
                0x080009f0                __aeabi_cdrcmple
                0x08000a00                __aeabi_cdcmpeq
                0x08000a00                __aeabi_cdcmple
                0x08000a10                __aeabi_dcmpeq
                0x08000a24                __aeabi_dcmplt
                0x08000a38                __aeabi_dcmple
                0x08000a4c                __aeabi_dcmpge
                0x08000a60                __aeabi_dcmpgt
 .text          0x08000a74       0x50 c:/tools/gcc/gcc-arm-none-eabi/bin/../lib/gcc/arm-none-eabi/9.3.1/thumb/v7-m/nofp\libgcc.a(_arm_fixdfsi.o)
                0x08000a74                __aeabi_d2iz
                0x08000a74                __fixdfsi
 .text          0x08000ac4       0x40 c:/tools/gcc/gcc-arm-none-eabi/bin/../lib/gcc/arm-none-eabi/9.3.1/thumb/v7-m/nofp\libgcc.a(_arm_fixunsdfsi.o)
                0x08000ac4                __aeabi_d2uiz
                0x08000ac4                __fixunsdfsi
 .text          0x08000b04      0x21c c:/tools/gcc/gcc-arm-none-eabi/bin/../lib/gcc/arm-none-eabi/9.3.1/thumb/v7-m/nofp\libgcc.a(_arm_addsubsf3.o)
                0x08000b04                __aeabi_frsub
                0x08000b0c                __subsf3
                0x08000b0c                __aeabi_fsub
                0x08000b10                __aeabi_fadd
                0x08000b10                __addsf3
                0x08000c70                __aeabi_ui2f
                0x08000c70                __floatunsisf
                0x08000c78                __aeabi_i2f
                0x08000c78                __floatsisf
                0x08000c94                __aeabi_ul2f
                0x08000c94                __floatundisf
                0x08000ca4                __aeabi_l2f
                0x08000ca4                __floatdisf
 .text          0x08000d20      0x2a0 c:/tools/gcc/gcc-arm-none-eabi/bin/../lib/gcc/arm-none-eabi/9.3.1/thumb/v7-m/nofp\libgcc.a(_arm_muldivsf3.o)
                0x08000d20                __mulsf3
                0x08000d20                __aeabi_fmul
                0x08000e88                __aeabi_fdiv
                0x08000e88                __divsf3
 .text          0x08000fc0       0x40 c:/tools/gcc/gcc-arm-none-eabi/bin/../lib/gcc/arm-none-eabi/9.3.1/thumb/v7-m/nofp\libgcc.a(_arm_fixunssfsi.o)
                0x08000fc0                __fixunssfsi
                0x08000fc0                __aeabi_f2uiz
 *(.text*)
 .text.CLOCK_SetFonts
                0x08001000       0xb8 build/main.o
 .text.CLOCK_SetLights
                0x080010b8      0x188 build/main.o
 .text.CLOCK_SetTimes
                0x08001240      0x7d8 build/main.o
 .text.MEDIA_PlayVideo
                0x08001a18       0xb8 build/main.o
 .text.CLOCK_SetTexts
                0x08001ad0       0xb8 build/main.o
 .text.CLOCK_SetColor
                0x08001b88       0xb8 build/main.o
 .text.MEDIA_ExplorePictures
                0x08001c40       0xb8 build/main.o
 .text.MEDIA_PlayAudio
                0x08001cf8       0xb8 build/main.o
 .text.DS3231_UpdateData
                0x08001db0       0xe4 build/main.o
                0x08001db0                DS3231_UpdateData
 *fill*         0x08001e94        0x4 
 .text.CLOCK_Setting
                0x08001e98      0x5dc build/main.o
                0x08001e98                CLOCK_Setting
 .text.SystemClock_Config
                0x08002474       0xac build/main.o
                0x08002474                SystemClock_Config
 .text.startup.main
                0x08002520     0x2280 build/main.o
                0x08002520                main
 .text.IRQ_ProcessMonitor
                0x080047a0      0x2fc build/matrix.o
                0x080047a0                IRQ_ProcessMonitor
 .text.MATRIX_MoveRegion
                0x08004a9c      0x19c build/matrix.o
                0x08004a9c                MATRIX_MoveRegion
 .text.MATRIX_DrawCursor
                0x08004c38     0x123c build/matrix.o
                0x08004c38                MATRIX_DrawCursor
 .text.MATRIX_FlutterLeftRight
                0x08005e74      0x12c build/matrix.o
                0x08005e74                MATRIX_FlutterLeftRight
 .text.MATRIX_ShiftLeft
                0x08005fa0       0x64 build/matrix.o
                0x08005fa0                MATRIX_ShiftLeft
 .text.MATRIX_ShiftRight
                0x08006004       0x64 build/matrix.o
                0x08006004                MATRIX_ShiftRight
 .text.MATRIX_TransitionEffect
                0x08006068       0xe8 build/matrix.o
                0x08006068                MATRIX_TransitionEffect
 .text.MATRIX_FillRainbowColorToRegion
                0x08006150      0x1b8 build/matrix.o
                0x08006150                MATRIX_FillRainbowColorToRegion
 .text.MATRIX_getBrightness
                0x08006308        0xc build/matrix.o
                0x08006308                MATRIX_getBrightness
 .text.MATRIX_setBrightness
                0x08006314       0x10 build/matrix.o
                0x08006314                MATRIX_setBrightness
 .text.MATRIX_WritePixel
                0x08006324       0x6c build/matrix.o
                0x08006324                MATRIX_WritePixel
 .text.MATRIX_Hsv2Rgb
                0x08006390      0x144 build/matrix.o
                0x08006390                MATRIX_Hsv2Rgb
 .text.MATRIX_DrawChar
                0x080064d4      0x44c build/matrix.o
                0x080064d4                MATRIX_DrawChar
 .text.MATRIX_Printf
                0x08006920      0x46c build/matrix.o
                0x08006920                MATRIX_Printf
 .text.MATRIX_FillScreen
                0x08006d8c       0x2c build/matrix.o
                0x08006d8c                MATRIX_FillScreen
 .text.MATRIX_DrawRect
                0x08006db8      0x210 build/matrix.o
                0x08006db8                MATRIX_DrawRect
 .text.MATRIX_DrawFastHLine
                0x08006fc8       0x5c build/matrix.o
                0x08006fc8                MATRIX_DrawFastHLine
 .text.MATRIX_DrawFastVLine
                0x08007024       0xa0 build/matrix.o
                0x08007024                MATRIX_DrawFastVLine
 .text.MATRIX_FillCircle
                0x080070c4      0x3f4 build/matrix.o
                0x080070c4                MATRIX_FillCircle
 .text.MATRIX_DrawLine
                0x080074b8      0x1e0 build/matrix.o
                0x080074b8                MATRIX_DrawLine
 .text.MATRIX_FillRect
                0x08007698       0xe0 build/matrix.o
                0x08007698                MATRIX_FillRect
 .text.MATRIX_FillTriangle
                0x08007778      0x264 build/matrix.o
                0x08007778                MATRIX_FillTriangle
 .text.MATRIX_DrawRoundRect
                0x080079dc      0x49c build/matrix.o
                0x080079dc                MATRIX_DrawRoundRect
 .text.IR1838_GetCurrentKey
                0x08007e78        0xc build/ir1838.o
                0x08007e78                IR1838_GetCurrentKey
 .text.IR1838_GetKeysCode
                0x08007e84        0xc build/ir1838.o
                0x08007e84                IR1838_GetKeysCode
 .text.IR1838_SetCurrentKey
                0x08007e90        0xc build/ir1838.o
                0x08007e90                IR1838_SetCurrentKey
 .text.IR1838_GetCurrentMode
                0x08007e9c        0xc build/ir1838.o
                0x08007e9c                IR1838_GetCurrentMode
 .text.IR1838_EnterSetupMode
                0x08007ea8       0x14 build/ir1838.o
                0x08007ea8                IR1838_EnterSetupMode
 .text.IR1838_ExitSetupMode
                0x08007ebc        0xc build/ir1838.o
                0x08007ebc                IR1838_ExitSetupMode
 .text.IR1838_IRQHandler
                0x08007ec8      0x120 build/ir1838.o
                0x08007ec8                IR1838_IRQHandler
 .text.FLASH_Read
                0x08007fe8        0xc build/flash.o
                0x08007fe8                FLASH_Read
 .text.FLASH_Write
                0x08007ff4       0x64 build/flash.o
                0x08007ff4                FLASH_Write
 .text.am_lich  0x08008058       0xbc build/amlich.o
                0x08008058                am_lich
 .text.MEDIA_IRQ_ProcessAudioDac
                0x08008114      0x190 build/avistream.o
                0x08008114                MEDIA_IRQ_ProcessAudioDac
 .text.NMI_Handler
                0x080082a4        0x4 build/stm32f2xx_it.o
                0x080082a4                NMI_Handler
 .text.HardFault_Handler
                0x080082a8        0x4 build/stm32f2xx_it.o
                0x080082a8                HardFault_Handler
 .text.MemManage_Handler
                0x080082ac        0x4 build/stm32f2xx_it.o
                0x080082ac                MemManage_Handler
 .text.BusFault_Handler
                0x080082b0        0x4 build/stm32f2xx_it.o
                0x080082b0                BusFault_Handler
 .text.UsageFault_Handler
                0x080082b4        0x4 build/stm32f2xx_it.o
                0x080082b4                UsageFault_Handler
 .text.SVC_Handler
                0x080082b8        0x4 build/stm32f2xx_it.o
                0x080082b8                SVC_Handler
 .text.DebugMon_Handler
                0x080082bc        0x4 build/stm32f2xx_it.o
                0x080082bc                DebugMon_Handler
 .text.PendSV_Handler
                0x080082c0        0x4 build/stm32f2xx_it.o
                0x080082c0                PendSV_Handler
 .text.SysTick_Handler
                0x080082c4        0x4 build/stm32f2xx_it.o
                0x080082c4                SysTick_Handler
 .text.EXTI9_5_IRQHandler
                0x080082c8       0x34 build/stm32f2xx_it.o
                0x080082c8                EXTI9_5_IRQHandler
 .text.TIM3_IRQHandler
                0x080082fc        0x4 build/stm32f2xx_it.o
                0x080082fc                TIM3_IRQHandler
 .text.TIM4_IRQHandler
                0x08008300        0x4 build/stm32f2xx_it.o
                0x08008300                TIM4_IRQHandler
 .text.TIM6_DAC_IRQHandler
                0x08008304        0x4 build/stm32f2xx_it.o
                0x08008304                TIM6_DAC_IRQHandler
 .text.SystemInit
                0x08008308       0x40 build/system_stm32f2xx.o
                0x08008308                SystemInit
 .text.LL_GPIO_Init
                0x08008348      0x132 build/stm32f2xx_ll_gpio.o
                0x08008348                LL_GPIO_Init
 *fill*         0x0800847a        0x2 
 .text.LL_mDelay
                0x0800847c       0x2c build/stm32f2xx_ll_utils.o
                0x0800847c                LL_mDelay
 .text.LL_SetSystemCoreClock
                0x080084a8        0xc build/stm32f2xx_ll_utils.o
                0x080084a8                LL_SetSystemCoreClock
 .text.LL_EXTI_Init
                0x080084b4       0xd4 build/stm32f2xx_ll_exti.o
                0x080084b4                LL_EXTI_Init
 .text.OC1Config
                0x08008588       0x70 build/stm32f2xx_ll_tim.o
 .text.OC2Config
                0x080085f8       0x78 build/stm32f2xx_ll_tim.o
 .text.OC3Config
                0x08008670       0x78 build/stm32f2xx_ll_tim.o
 .text.OC4Config
                0x080086e8       0x5c build/stm32f2xx_ll_tim.o
 .text.LL_TIM_Init
                0x08008744       0xc8 build/stm32f2xx_ll_tim.o
                0x08008744                LL_TIM_Init
 .text.LL_TIM_OC_Init
                0x0800880c       0x3c build/stm32f2xx_ll_tim.o
                0x0800880c                LL_TIM_OC_Init
 .text.HAL_MspInit
                0x08008848       0x38 build/stm32f2xx_hal_msp.o
                0x08008848                HAL_MspInit
 .text.HAL_I2C_MspInit
                0x08008880       0x74 build/stm32f2xx_hal_msp.o
                0x08008880                HAL_I2C_MspInit
 .text.HAL_SD_MspInit
                0x080088f4       0xa4 build/stm32f2xx_hal_msp.o
                0x080088f4                HAL_SD_MspInit
 .text.I2C_IsAcknowledgeFailed
                0x08008998       0x32 build/stm32f2xx_hal_i2c.o
 .text.I2C_WaitOnFlagUntilTimeout
                0x080089ca       0x74 build/stm32f2xx_hal_i2c.o
 .text.I2C_WaitOnMasterAddressFlagUntilTimeout
                0x08008a3e       0xaa build/stm32f2xx_hal_i2c.o
 .text.I2C_WaitOnTXEFlagUntilTimeout
                0x08008ae8       0x54 build/stm32f2xx_hal_i2c.o
 .text.I2C_RequestMemoryWrite
                0x08008b3c       0xc8 build/stm32f2xx_hal_i2c.o
 .text.I2C_RequestMemoryRead
                0x08008c04      0x130 build/stm32f2xx_hal_i2c.o
 .text.I2C_WaitOnBTFFlagUntilTimeout
                0x08008d34       0x54 build/stm32f2xx_hal_i2c.o
 .text.I2C_WaitOnRXNEFlagUntilTimeout
                0x08008d88       0x6a build/stm32f2xx_hal_i2c.o
 *fill*         0x08008df2        0x2 
 .text.HAL_I2C_Init
                0x08008df4      0x1a8 build/stm32f2xx_hal_i2c.o
                0x08008df4                HAL_I2C_Init
 .text.HAL_I2C_Mem_Write
                0x08008f9c      0x164 build/stm32f2xx_hal_i2c.o
                0x08008f9c                HAL_I2C_Mem_Write
 .text.HAL_I2C_Mem_Read
                0x08009100      0x2e4 build/stm32f2xx_hal_i2c.o
                0x08009100                HAL_I2C_Mem_Read
 .text.HAL_InitTick
                0x080093e4       0x4c build/stm32f2xx_hal.o
                0x080093e4                HAL_InitTick
 .text.HAL_Init
                0x08009430       0x34 build/stm32f2xx_hal.o
                0x08009430                HAL_Init
 .text.HAL_IncTick
                0x08009464       0x18 build/stm32f2xx_hal.o
                0x08009464                HAL_IncTick
 .text.HAL_GetTick
                0x0800947c        0xc build/stm32f2xx_hal.o
                0x0800947c                HAL_GetTick
 .text.HAL_Delay
                0x08009488       0x2c build/stm32f2xx_hal.o
                0x08009488                HAL_Delay
 .text.HAL_RCC_GetHCLKFreq
                0x080094b4        0xc build/stm32f2xx_hal_rcc.o
                0x080094b4                HAL_RCC_GetHCLKFreq
 .text.HAL_RCC_GetPCLK1Freq
                0x080094c0       0x2c build/stm32f2xx_hal_rcc.o
                0x080094c0                HAL_RCC_GetPCLK1Freq
 .text.HAL_NVIC_SetPriorityGrouping
                0x080094ec       0x24 build/stm32f2xx_hal_cortex.o
                0x080094ec                HAL_NVIC_SetPriorityGrouping
 .text.HAL_NVIC_SetPriority
                0x08009510       0x68 build/stm32f2xx_hal_cortex.o
                0x08009510                HAL_NVIC_SetPriority
 .text.HAL_SYSTICK_Config
                0x08009578       0x2c build/stm32f2xx_hal_cortex.o
                0x08009578                HAL_SYSTICK_Config
 .text.HAL_GPIO_Init
                0x080095a4      0x1cc build/stm32f2xx_hal_gpio.o
                0x080095a4                HAL_GPIO_Init
 .text.HAL_GPIO_ReadPin
                0x08009770        0xe build/stm32f2xx_hal_gpio.o
                0x08009770                HAL_GPIO_ReadPin
 *fill*         0x0800977e        0x2 
 .text.MX_FATFS_Init
                0x08009780       0x1c build/fatfs.o
                0x08009780                MX_FATFS_Init
 .text.MX_LIBJPEG_Init
                0x0800979c        0x2 build/libjpeg.o
                0x0800979c                MX_LIBJPEG_Init
 *fill*         0x0800979e        0x2 
 .text.FATFS_LinkDriverEx
                0x080097a0       0x48 build/ff_gen_drv.o
                0x080097a0                FATFS_LinkDriverEx
 .text.FATFS_LinkDriver
                0x080097e8        0xa build/ff_gen_drv.o
                0x080097e8                FATFS_LinkDriver
 *fill*         0x080097f2        0x2 
 .text.BSP_SD_ReadBlocks
                0x080097f4       0x20 build/bsp_driver_sd.o
                0x080097f4                BSP_SD_ReadBlocks
 .text.BSP_SD_WriteBlocks
                0x08009814       0x20 build/bsp_driver_sd.o
                0x08009814                BSP_SD_WriteBlocks
 .text.BSP_SD_GetCardState
                0x08009834       0x14 build/bsp_driver_sd.o
                0x08009834                BSP_SD_GetCardState
 .text.BSP_SD_GetCardInfo
                0x08009848       0x10 build/bsp_driver_sd.o
                0x08009848                BSP_SD_GetCardInfo
 .text.BSP_SD_IsDetected
                0x08009858       0x20 build/bsp_driver_sd.o
                0x08009858                BSP_SD_IsDetected
 .text.BSP_SD_Init
                0x08009878       0x34 build/bsp_driver_sd.o
                0x08009878                BSP_SD_Init
 .text.BSP_PlatformIsDetected
                0x080098ac       0x1c build/fatfs_platform.o
                0x080098ac                BSP_PlatformIsDetected
 .text.SDMMC_GetCmdError
                0x080098c8       0x38 build/stm32f2xx_ll_sdmmc.o
 .text.SDMMC_GetCmdResp2
                0x08009900       0x5c build/stm32f2xx_ll_sdmmc.o
 .text.SDMMC_GetCmdResp3
                0x0800995c       0x4c build/stm32f2xx_ll_sdmmc.o
 .text.SDMMC_GetCmdResp7
                0x080099a8       0x64 build/stm32f2xx_ll_sdmmc.o
 .text.SDIO_Init
                0x08009a0c       0x36 build/stm32f2xx_ll_sdmmc.o
                0x08009a0c                SDIO_Init
 .text.SDIO_ReadFIFO
                0x08009a42        0x6 build/stm32f2xx_ll_sdmmc.o
                0x08009a42                SDIO_ReadFIFO
 .text.SDIO_WriteFIFO
                0x08009a48        0xa build/stm32f2xx_ll_sdmmc.o
                0x08009a48                SDIO_WriteFIFO
 .text.SDIO_PowerState_ON
                0x08009a52       0x10 build/stm32f2xx_ll_sdmmc.o
                0x08009a52                SDIO_PowerState_ON
 .text.SDIO_GetPowerState
                0x08009a62        0x8 build/stm32f2xx_ll_sdmmc.o
                0x08009a62                SDIO_GetPowerState
 .text.SDIO_SendCommand
                0x08009a6a       0x24 build/stm32f2xx_ll_sdmmc.o
                0x08009a6a                SDIO_SendCommand
 .text.SDIO_GetCommandResponse
                0x08009a8e        0x6 build/stm32f2xx_ll_sdmmc.o
                0x08009a8e                SDIO_GetCommandResponse
 .text.SDIO_GetResponse
                0x08009a94        0x6 build/stm32f2xx_ll_sdmmc.o
                0x08009a94                SDIO_GetResponse
 *fill*         0x08009a9a        0x2 
 .text.SDMMC_GetCmdResp1
                0x08009a9c      0x154 build/stm32f2xx_ll_sdmmc.o
 .text.SDMMC_GetCmdResp6
                0x08009bf0       0xa0 build/stm32f2xx_ll_sdmmc.o
 .text.SDIO_ConfigData
                0x08009c90       0x24 build/stm32f2xx_ll_sdmmc.o
                0x08009c90                SDIO_ConfigData
 .text.SDMMC_CmdBlockLength
                0x08009cb4       0x30 build/stm32f2xx_ll_sdmmc.o
                0x08009cb4                SDMMC_CmdBlockLength
 .text.SDMMC_CmdReadSingleBlock
                0x08009ce4       0x30 build/stm32f2xx_ll_sdmmc.o
                0x08009ce4                SDMMC_CmdReadSingleBlock
 .text.SDMMC_CmdReadMultiBlock
                0x08009d14       0x30 build/stm32f2xx_ll_sdmmc.o
                0x08009d14                SDMMC_CmdReadMultiBlock
 .text.SDMMC_CmdWriteSingleBlock
                0x08009d44       0x30 build/stm32f2xx_ll_sdmmc.o
                0x08009d44                SDMMC_CmdWriteSingleBlock
 .text.SDMMC_CmdWriteMultiBlock
                0x08009d74       0x30 build/stm32f2xx_ll_sdmmc.o
                0x08009d74                SDMMC_CmdWriteMultiBlock
 .text.SDMMC_CmdStopTransfer
                0x08009da4       0x34 build/stm32f2xx_ll_sdmmc.o
                0x08009da4                SDMMC_CmdStopTransfer
 .text.SDMMC_CmdSelDesel
                0x08009dd8       0x30 build/stm32f2xx_ll_sdmmc.o
                0x08009dd8                SDMMC_CmdSelDesel
 .text.SDMMC_CmdGoIdleState
                0x08009e08       0x26 build/stm32f2xx_ll_sdmmc.o
                0x08009e08                SDMMC_CmdGoIdleState
 .text.SDMMC_CmdOperCond
                0x08009e2e       0x2e build/stm32f2xx_ll_sdmmc.o
                0x08009e2e                SDMMC_CmdOperCond
 .text.SDMMC_CmdAppCommand
                0x08009e5c       0x30 build/stm32f2xx_ll_sdmmc.o
                0x08009e5c                SDMMC_CmdAppCommand
 .text.SDMMC_CmdAppOperCommand
                0x08009e8c       0x32 build/stm32f2xx_ll_sdmmc.o
                0x08009e8c                SDMMC_CmdAppOperCommand
 .text.SDMMC_CmdBusWidth
                0x08009ebe       0x30 build/stm32f2xx_ll_sdmmc.o
                0x08009ebe                SDMMC_CmdBusWidth
 .text.SDMMC_CmdSendSCR
                0x08009eee       0x30 build/stm32f2xx_ll_sdmmc.o
                0x08009eee                SDMMC_CmdSendSCR
 .text.SDMMC_CmdSendCID
                0x08009f1e       0x2a build/stm32f2xx_ll_sdmmc.o
                0x08009f1e                SDMMC_CmdSendCID
 .text.SDMMC_CmdSendCSD
                0x08009f48       0x2a build/stm32f2xx_ll_sdmmc.o
                0x08009f48                SDMMC_CmdSendCSD
 .text.SDMMC_CmdSetRelAdd
                0x08009f72       0x30 build/stm32f2xx_ll_sdmmc.o
                0x08009f72                SDMMC_CmdSetRelAdd
 .text.SDMMC_CmdSendStatus
                0x08009fa2       0x30 build/stm32f2xx_ll_sdmmc.o
                0x08009fa2                SDMMC_CmdSendStatus
 *fill*         0x08009fd2        0x2 
 .text.SD_PowerON
                0x08009fd4       0xc0 build/stm32f2xx_hal_sd.o
 .text.SD_FindSCR
                0x0800a094       0xfc build/stm32f2xx_hal_sd.o
 .text.SD_WideBus_Enable
                0x0800a190       0x4e build/stm32f2xx_hal_sd.o
 .text.SD_WideBus_Disable
                0x0800a1de       0x4e build/stm32f2xx_hal_sd.o
 .text.SD_SendStatus
                0x0800a22c       0x2c build/stm32f2xx_hal_sd.o
 .text.HAL_SD_ReadBlocks
                0x0800a258      0x268 build/stm32f2xx_hal_sd.o
                0x0800a258                HAL_SD_ReadBlocks
 .text.HAL_SD_WriteBlocks
                0x0800a4c0      0x218 build/stm32f2xx_hal_sd.o
                0x0800a4c0                HAL_SD_WriteBlocks
 .text.HAL_SD_GetCardCSD
                0x0800a6d8      0x1bc build/stm32f2xx_hal_sd.o
                0x0800a6d8                HAL_SD_GetCardCSD
 .text.SD_InitCard
                0x0800a894      0x100 build/stm32f2xx_hal_sd.o
 .text.HAL_SD_InitCard
                0x0800a994       0x78 build/stm32f2xx_hal_sd.o
                0x0800a994                HAL_SD_InitCard
 .text.HAL_SD_Init
                0x0800aa0c       0x36 build/stm32f2xx_hal_sd.o
                0x0800aa0c                HAL_SD_Init
 .text.HAL_SD_GetCardInfo
                0x0800aa42       0x24 build/stm32f2xx_hal_sd.o
                0x0800aa42                HAL_SD_GetCardInfo
 *fill*         0x0800aa66        0x2 
 .text.HAL_SD_ConfigWideBusOperation
                0x0800aa68       0xa4 build/stm32f2xx_hal_sd.o
                0x0800aa68                HAL_SD_ConfigWideBusOperation
 .text.HAL_SD_GetCardState
                0x0800ab0c       0x22 build/stm32f2xx_hal_sd.o
                0x0800ab0c                HAL_SD_GetCardState
 *fill*         0x0800ab2e        0x2 
 .text.SD_initialize
                0x0800ab30       0x24 build/sd_diskio.o
                0x0800ab30                SD_initialize
 .text.SD_status
                0x0800ab54       0x24 build/sd_diskio.o
                0x0800ab54                SD_status
 .text.SD_read  0x0800ab78       0x38 build/sd_diskio.o
                0x0800ab78                SD_read
 .text.SD_write
                0x0800abb0       0x38 build/sd_diskio.o
                0x0800abb0                SD_write
 .text.SD_ioctl
                0x0800abe8       0x58 build/sd_diskio.o
                0x0800abe8                SD_ioctl
 .text.LL_DAC_Init
                0x0800ac40       0x5a build/stm32f2xx_ll_dac.o
                0x0800ac40                LL_DAC_Init
 *fill*         0x0800ac9a        0x2 
 .text.Reset_Handler
                0x0800ac9c       0x50 build/startup_stm32f205xx.o
                0x0800ac9c                Reset_Handler
 .text.Default_Handler
                0x0800acec        0x2 build/startup_stm32f205xx.o
                0x0800acec                RTC_Alarm_IRQHandler
                0x0800acec                HASH_RNG_IRQHandler
                0x0800acec                EXTI2_IRQHandler
                0x0800acec                TIM8_CC_IRQHandler
                0x0800acec                TIM1_CC_IRQHandler
                0x0800acec                DMA2_Stream5_IRQHandler
                0x0800acec                DMA1_Stream5_IRQHandler
                0x0800acec                PVD_IRQHandler
                0x0800acec                SDIO_IRQHandler
                0x0800acec                TAMP_STAMP_IRQHandler
                0x0800acec                CAN2_RX1_IRQHandler
                0x0800acec                EXTI3_IRQHandler
                0x0800acec                TIM8_TRG_COM_TIM14_IRQHandler
                0x0800acec                TIM1_UP_TIM10_IRQHandler
                0x0800acec                TIM8_UP_TIM13_IRQHandler
                0x0800acec                I2C3_ER_IRQHandler
                0x0800acec                EXTI0_IRQHandler
                0x0800acec                I2C2_EV_IRQHandler
                0x0800acec                DMA1_Stream2_IRQHandler
                0x0800acec                CAN1_RX0_IRQHandler
                0x0800acec                OTG_HS_WKUP_IRQHandler
                0x0800acec                CAN2_SCE_IRQHandler
                0x0800acec                DMA2_Stream2_IRQHandler
                0x0800acec                SPI1_IRQHandler
                0x0800acec                TIM1_BRK_TIM9_IRQHandler
                0x0800acec                CAN2_RX0_IRQHandler
                0x0800acec                DMA2_Stream3_IRQHandler
                0x0800acec                USART6_IRQHandler
                0x0800acec                USART3_IRQHandler
                0x0800acec                CAN1_RX1_IRQHandler
                0x0800acec                UART5_IRQHandler
                0x0800acec                DMA2_Stream0_IRQHandler
                0x0800acec                I2C1_EV_IRQHandler
                0x0800acec                DMA1_Stream6_IRQHandler
                0x0800acec                DMA1_Stream1_IRQHandler
                0x0800acec                UART4_IRQHandler
                0x0800acec                RCC_IRQHandler
                0x0800acec                TIM8_BRK_TIM12_IRQHandler
                0x0800acec                Default_Handler
                0x0800acec                EXTI15_10_IRQHandler
                0x0800acec                ADC_IRQHandler
                0x0800acec                DMA1_Stream7_IRQHandler
                0x0800acec                TIM7_IRQHandler
                0x0800acec                CAN2_TX_IRQHandler
                0x0800acec                TIM5_IRQHandler
                0x0800acec                DMA2_Stream7_IRQHandler
                0x0800acec                I2C3_EV_IRQHandler
                0x0800acec                RTC_WKUP_IRQHandler
                0x0800acec                SPI2_IRQHandler
                0x0800acec                OTG_HS_EP1_IN_IRQHandler
                0x0800acec                DMA1_Stream0_IRQHandler
                0x0800acec                CAN1_TX_IRQHandler
                0x0800acec                EXTI4_IRQHandler
                0x0800acec                FSMC_IRQHandler
                0x0800acec                OTG_HS_EP1_OUT_IRQHandler
                0x0800acec                WWDG_IRQHandler
                0x0800acec                TIM2_IRQHandler
                0x0800acec                OTG_FS_WKUP_IRQHandler
                0x0800acec                TIM1_TRG_COM_TIM11_IRQHandler
                0x0800acec                OTG_HS_IRQHandler
                0x0800acec                EXTI1_IRQHandler
                0x0800acec                USART2_IRQHandler
                0x0800acec                I2C2_ER_IRQHandler
                0x0800acec                DMA2_Stream1_IRQHandler
                0x0800acec                CAN1_SCE_IRQHandler
                0x0800acec                FLASH_IRQHandler
                0x0800acec                DMA2_Stream4_IRQHandler
                0x0800acec                USART1_IRQHandler
                0x0800acec                OTG_FS_IRQHandler
                0x0800acec                SPI3_IRQHandler
                0x0800acec                DMA1_Stream4_IRQHandler
                0x0800acec                I2C1_ER_IRQHandler
                0x0800acec                DMA2_Stream6_IRQHandler
                0x0800acec                DMA1_Stream3_IRQHandler
 *fill*         0x0800acee        0x2 
 .text.__libc_init_array
                0x0800acf0       0x48 c:/tools/gcc/gcc-arm-none-eabi/bin/../lib/gcc/arm-none-eabi/9.3.1/../../../../arm-none-eabi/lib/thumb/v7-m/nofp\libc_nano.a(lib_a-init.o)
                0x0800acf0                __libc_init_array
 .text.malloc   0x0800ad38       0x10 c:/tools/gcc/gcc-arm-none-eabi/bin/../lib/gcc/arm-none-eabi/9.3.1/../../../../arm-none-eabi/lib/thumb/v7-m/nofp\libc_nano.a(lib_a-malloc.o)
                0x0800ad38                malloc
 .text.memcpy   0x0800ad48       0x1c c:/tools/gcc/gcc-arm-none-eabi/bin/../lib/gcc/arm-none-eabi/9.3.1/../../../../arm-none-eabi/lib/thumb/v7-m/nofp\libc_nano.a(lib_a-memcpy-stub.o)
                0x0800ad48                memcpy
 .text.memmove  0x0800ad64       0x34 c:/tools/gcc/gcc-arm-none-eabi/bin/../lib/gcc/arm-none-eabi/9.3.1/../../../../arm-none-eabi/lib/thumb/v7-m/nofp\libc_nano.a(lib_a-memmove.o)
                0x0800ad64                memmove
 .text.memset   0x0800ad98       0x10 c:/tools/gcc/gcc-arm-none-eabi/bin/../lib/gcc/arm-none-eabi/9.3.1/../../../../arm-none-eabi/lib/thumb/v7-m/nofp\libc_nano.a(lib_a-memset.o)
                0x0800ad98                memset
 .text._free_r  0x0800ada8       0x98 c:/tools/gcc/gcc-arm-none-eabi/bin/../lib/gcc/arm-none-eabi/9.3.1/../../../../arm-none-eabi/lib/thumb/v7-m/nofp\libc_nano.a(lib_a-nano-freer.o)
                0x0800ada8                _free_r
 .text._malloc_r
                0x0800ae40       0xb4 c:/tools/gcc/gcc-arm-none-eabi/bin/../lib/gcc/arm-none-eabi/9.3.1/../../../../arm-none-eabi/lib/thumb/v7-m/nofp\libc_nano.a(lib_a-nano-mallocr.o)
                0x0800ae40                _malloc_r
 .text.rand     0x0800aef4       0x80 c:/tools/gcc/gcc-arm-none-eabi/bin/../lib/gcc/arm-none-eabi/9.3.1/../../../../arm-none-eabi/lib/thumb/v7-m/nofp\libc_nano.a(lib_a-rand.o)
                0x0800aef4                rand
 .text._sbrk_r  0x0800af74       0x20 c:/tools/gcc/gcc-arm-none-eabi/bin/../lib/gcc/arm-none-eabi/9.3.1/../../../../arm-none-eabi/lib/thumb/v7-m/nofp\libc_nano.a(lib_a-sbrkr.o)
                0x0800af74                _sbrk_r
 .text._vsprintf_r
                0x0800af94       0x2c c:/tools/gcc/gcc-arm-none-eabi/bin/../lib/gcc/arm-none-eabi/9.3.1/../../../../arm-none-eabi/lib/thumb/v7-m/nofp\libc_nano.a(lib_a-vsprintf.o)
                0x0800af94                _vsprintf_r
                0x0800af94                _vsiprintf_r
 .text.vsprintf
                0x0800afc0       0x14 c:/tools/gcc/gcc-arm-none-eabi/bin/../lib/gcc/arm-none-eabi/9.3.1/../../../../arm-none-eabi/lib/thumb/v7-m/nofp\libc_nano.a(lib_a-vsprintf.o)
                0x0800afc0                vsiprintf
                0x0800afc0                vsprintf
 .text.__assert_func
                0x0800afd4       0x3c c:/tools/gcc/gcc-arm-none-eabi/bin/../lib/gcc/arm-none-eabi/9.3.1/../../../../arm-none-eabi/lib/thumb/v7-m/nofp\libc_nano.a(lib_a-assert.o)
                0x0800afd4                __assert_func
 .text.fprintf  0x0800b010       0x24 c:/tools/gcc/gcc-arm-none-eabi/bin/../lib/gcc/arm-none-eabi/9.3.1/../../../../arm-none-eabi/lib/thumb/v7-m/nofp\libc_nano.a(lib_a-fprintf.o)
                0x0800b010                fiprintf
                0x0800b010                fprintf
 .text.__malloc_lock
                0x0800b034        0xc c:/tools/gcc/gcc-arm-none-eabi/bin/../lib/gcc/arm-none-eabi/9.3.1/../../../../arm-none-eabi/lib/thumb/v7-m/nofp\libc_nano.a(lib_a-mlock.o)
                0x0800b034                __malloc_lock
 .text.__malloc_unlock
                0x0800b040        0xc c:/tools/gcc/gcc-arm-none-eabi/bin/../lib/gcc/arm-none-eabi/9.3.1/../../../../arm-none-eabi/lib/thumb/v7-m/nofp\libc_nano.a(lib_a-mlock.o)
                0x0800b040                __malloc_unlock
 .text._realloc_r
                0x0800b04c       0x4c c:/tools/gcc/gcc-arm-none-eabi/bin/../lib/gcc/arm-none-eabi/9.3.1/../../../../arm-none-eabi/lib/thumb/v7-m/nofp\libc_nano.a(lib_a-nano-reallocr.o)
                0x0800b04c                _realloc_r
 .text.__ssputs_r
                0x0800b098       0xb6 c:/tools/gcc/gcc-arm-none-eabi/bin/../lib/gcc/arm-none-eabi/9.3.1/../../../../arm-none-eabi/lib/thumb/v7-m/nofp\libc_nano.a(lib_a-nano-svfprintf.o)
                0x0800b098                __ssputs_r
 *fill*         0x0800b14e        0x2 
 .text._svfprintf_r
                0x0800b150      0x200 c:/tools/gcc/gcc-arm-none-eabi/bin/../lib/gcc/arm-none-eabi/9.3.1/../../../../arm-none-eabi/lib/thumb/v7-m/nofp\libc_nano.a(lib_a-nano-svfprintf.o)
                0x0800b150                _svfiprintf_r
                0x0800b150                _svfprintf_r
 .text.__sfputc_r
                0x0800b350       0x2a c:/tools/gcc/gcc-arm-none-eabi/bin/../lib/gcc/arm-none-eabi/9.3.1/../../../../arm-none-eabi/lib/thumb/v7-m/nofp\libc_nano.a(lib_a-nano-vfprintf.o)
 .text.__sfputs_r
                0x0800b37a       0x24 c:/tools/gcc/gcc-arm-none-eabi/bin/../lib/gcc/arm-none-eabi/9.3.1/../../../../arm-none-eabi/lib/thumb/v7-m/nofp\libc_nano.a(lib_a-nano-vfprintf.o)
                0x0800b37a                __sfputs_r
 *fill*         0x0800b39e        0x2 
 .text._vfprintf_r
                0x0800b3a0      0x260 c:/tools/gcc/gcc-arm-none-eabi/bin/../lib/gcc/arm-none-eabi/9.3.1/../../../../arm-none-eabi/lib/thumb/v7-m/nofp\libc_nano.a(lib_a-nano-vfprintf.o)
                0x0800b3a0                _vfprintf_r
                0x0800b3a0                _vfiprintf_r
 .text._printf_common
                0x0800b600       0xde c:/tools/gcc/gcc-arm-none-eabi/bin/../lib/gcc/arm-none-eabi/9.3.1/../../../../arm-none-eabi/lib/thumb/v7-m/nofp\libc_nano.a(lib_a-nano-vfprintf_i.o)
                0x0800b600                _printf_common
 *fill*         0x0800b6de        0x2 
 .text._printf_i
                0x0800b6e0      0x24c c:/tools/gcc/gcc-arm-none-eabi/bin/../lib/gcc/arm-none-eabi/9.3.1/../../../../arm-none-eabi/lib/thumb/v7-m/nofp\libc_nano.a(lib_a-nano-vfprintf_i.o)
                0x0800b6e0                _printf_i
 .text.__swbuf_r
                0x0800b92c       0xa4 c:/tools/gcc/gcc-arm-none-eabi/bin/../lib/gcc/arm-none-eabi/9.3.1/../../../../arm-none-eabi/lib/thumb/v7-m/nofp\libc_nano.a(lib_a-wbuf.o)
                0x0800b92c                __swbuf_r
 .text.__swsetup_r
                0x0800b9d0       0xdc c:/tools/gcc/gcc-arm-none-eabi/bin/../lib/gcc/arm-none-eabi/9.3.1/../../../../arm-none-eabi/lib/thumb/v7-m/nofp\libc_nano.a(lib_a-wsetup.o)
                0x0800b9d0                __swsetup_r
 .text.abort    0x0800baac        0xe c:/tools/gcc/gcc-arm-none-eabi/bin/../lib/gcc/arm-none-eabi/9.3.1/../../../../arm-none-eabi/lib/thumb/v7-m/nofp\libc_nano.a(lib_a-abort.o)
                0x0800baac                abort
 *fill*         0x0800baba        0x2 
 .text.__sflush_r
                0x0800babc      0x10c c:/tools/gcc/gcc-arm-none-eabi/bin/../lib/gcc/arm-none-eabi/9.3.1/../../../../arm-none-eabi/lib/thumb/v7-m/nofp\libc_nano.a(lib_a-fflush.o)
                0x0800babc                __sflush_r
 .text._fflush_r
                0x0800bbc8       0x78 c:/tools/gcc/gcc-arm-none-eabi/bin/../lib/gcc/arm-none-eabi/9.3.1/../../../../arm-none-eabi/lib/thumb/v7-m/nofp\libc_nano.a(lib_a-fflush.o)
                0x0800bbc8                _fflush_r
 .text.std      0x0800bc40       0x48 c:/tools/gcc/gcc-arm-none-eabi/bin/../lib/gcc/arm-none-eabi/9.3.1/../../../../arm-none-eabi/lib/thumb/v7-m/nofp\libc_nano.a(lib_a-findfp.o)
 .text._cleanup_r
                0x0800bc88        0xc c:/tools/gcc/gcc-arm-none-eabi/bin/../lib/gcc/arm-none-eabi/9.3.1/../../../../arm-none-eabi/lib/thumb/v7-m/nofp\libc_nano.a(lib_a-findfp.o)
                0x0800bc88                _cleanup_r
 .text.__sfmoreglue
                0x0800bc94       0x2c c:/tools/gcc/gcc-arm-none-eabi/bin/../lib/gcc/arm-none-eabi/9.3.1/../../../../arm-none-eabi/lib/thumb/v7-m/nofp\libc_nano.a(lib_a-findfp.o)
                0x0800bc94                __sfmoreglue
 .text.__sfp_lock_acquire
                0x0800bcc0        0xc c:/tools/gcc/gcc-arm-none-eabi/bin/../lib/gcc/arm-none-eabi/9.3.1/../../../../arm-none-eabi/lib/thumb/v7-m/nofp\libc_nano.a(lib_a-findfp.o)
                0x0800bcc0                __sfp_lock_acquire
 .text.__sfp_lock_release
                0x0800bccc        0xc c:/tools/gcc/gcc-arm-none-eabi/bin/../lib/gcc/arm-none-eabi/9.3.1/../../../../arm-none-eabi/lib/thumb/v7-m/nofp\libc_nano.a(lib_a-findfp.o)
                0x0800bccc                __sfp_lock_release
 .text.__sinit_lock_acquire
                0x0800bcd8        0xc c:/tools/gcc/gcc-arm-none-eabi/bin/../lib/gcc/arm-none-eabi/9.3.1/../../../../arm-none-eabi/lib/thumb/v7-m/nofp\libc_nano.a(lib_a-findfp.o)
                0x0800bcd8                __sinit_lock_acquire
 .text.__sinit_lock_release
                0x0800bce4        0xc c:/tools/gcc/gcc-arm-none-eabi/bin/../lib/gcc/arm-none-eabi/9.3.1/../../../../arm-none-eabi/lib/thumb/v7-m/nofp\libc_nano.a(lib_a-findfp.o)
                0x0800bce4                __sinit_lock_release
 .text.__sinit  0x0800bcf0       0x70 c:/tools/gcc/gcc-arm-none-eabi/bin/../lib/gcc/arm-none-eabi/9.3.1/../../../../arm-none-eabi/lib/thumb/v7-m/nofp\libc_nano.a(lib_a-findfp.o)
                0x0800bcf0                __sinit
 .text.__sfp    0x0800bd60       0x8c c:/tools/gcc/gcc-arm-none-eabi/bin/../lib/gcc/arm-none-eabi/9.3.1/../../../../arm-none-eabi/lib/thumb/v7-m/nofp\libc_nano.a(lib_a-findfp.o)
                0x0800bd60                __sfp
 .text._fwalk_reent
                0x0800bdec       0x3e c:/tools/gcc/gcc-arm-none-eabi/bin/../lib/gcc/arm-none-eabi/9.3.1/../../../../arm-none-eabi/lib/thumb/v7-m/nofp\libc_nano.a(lib_a-fwalk.o)
                0x0800bdec                _fwalk_reent
 .text.__retarget_lock_init_recursive
                0x0800be2a        0x2 c:/tools/gcc/gcc-arm-none-eabi/bin/../lib/gcc/arm-none-eabi/9.3.1/../../../../arm-none-eabi/lib/thumb/v7-m/nofp\libc_nano.a(lib_a-lock.o)
                0x0800be2a                __retarget_lock_init_recursive
 .text.__retarget_lock_acquire_recursive
                0x0800be2c        0x2 c:/tools/gcc/gcc-arm-none-eabi/bin/../lib/gcc/arm-none-eabi/9.3.1/../../../../arm-none-eabi/lib/thumb/v7-m/nofp\libc_nano.a(lib_a-lock.o)
                0x0800be2c                __retarget_lock_acquire_recursive
 .text.__retarget_lock_release_recursive
                0x0800be2e        0x2 c:/tools/gcc/gcc-arm-none-eabi/bin/../lib/gcc/arm-none-eabi/9.3.1/../../../../arm-none-eabi/lib/thumb/v7-m/nofp\libc_nano.a(lib_a-lock.o)
                0x0800be2e                __retarget_lock_release_recursive
 .text.__swhatbuf_r
                0x0800be30       0x48 c:/tools/gcc/gcc-arm-none-eabi/bin/../lib/gcc/arm-none-eabi/9.3.1/../../../../arm-none-eabi/lib/thumb/v7-m/nofp\libc_nano.a(lib_a-makebuf.o)
                0x0800be30                __swhatbuf_r
 .text.__smakebuf_r
                0x0800be78       0x80 c:/tools/gcc/gcc-arm-none-eabi/bin/../lib/gcc/arm-none-eabi/9.3.1/../../../../arm-none-eabi/lib/thumb/v7-m/nofp\libc_nano.a(lib_a-makebuf.o)
                0x0800be78                __smakebuf_r
 .text.memchr   0x0800bef8       0x1c c:/tools/gcc/gcc-arm-none-eabi/bin/../lib/gcc/arm-none-eabi/9.3.1/../../../../arm-none-eabi/lib/thumb/v7-m/nofp\libc_nano.a(lib_a-memchr-stub.o)
                0x0800bef8                memchr
 .text._malloc_usable_size_r
                0x0800bf14       0x10 c:/tools/gcc/gcc-arm-none-eabi/bin/../lib/gcc/arm-none-eabi/9.3.1/../../../../arm-none-eabi/lib/thumb/v7-m/nofp\libc_nano.a(lib_a-nano-msizer.o)
                0x0800bf14                _malloc_usable_size_r
 .text._raise_r
                0x0800bf24       0x50 c:/tools/gcc/gcc-arm-none-eabi/bin/../lib/gcc/arm-none-eabi/9.3.1/../../../../arm-none-eabi/lib/thumb/v7-m/nofp\libc_nano.a(lib_a-signal.o)
                0x0800bf24                _raise_r
 .text.raise    0x0800bf74       0x10 c:/tools/gcc/gcc-arm-none-eabi/bin/../lib/gcc/arm-none-eabi/9.3.1/../../../../arm-none-eabi/lib/thumb/v7-m/nofp\libc_nano.a(lib_a-signal.o)
                0x0800bf74                raise
 .text._kill_r  0x0800bf84       0x24 c:/tools/gcc/gcc-arm-none-eabi/bin/../lib/gcc/arm-none-eabi/9.3.1/../../../../arm-none-eabi/lib/thumb/v7-m/nofp\libc_nano.a(lib_a-signalr.o)
                0x0800bf84                _kill_r
 .text._getpid_r
                0x0800bfa8        0x4 c:/tools/gcc/gcc-arm-none-eabi/bin/../lib/gcc/arm-none-eabi/9.3.1/../../../../arm-none-eabi/lib/thumb/v7-m/nofp\libc_nano.a(lib_a-signalr.o)
                0x0800bfa8                _getpid_r
 .text.__sread  0x0800bfac       0x22 c:/tools/gcc/gcc-arm-none-eabi/bin/../lib/gcc/arm-none-eabi/9.3.1/../../../../arm-none-eabi/lib/thumb/v7-m/nofp\libc_nano.a(lib_a-stdio.o)
                0x0800bfac                __sread
 .text.__swrite
                0x0800bfce       0x38 c:/tools/gcc/gcc-arm-none-eabi/bin/../lib/gcc/arm-none-eabi/9.3.1/../../../../arm-none-eabi/lib/thumb/v7-m/nofp\libc_nano.a(lib_a-stdio.o)
                0x0800bfce                __swrite
 .text.__sseek  0x0800c006       0x24 c:/tools/gcc/gcc-arm-none-eabi/bin/../lib/gcc/arm-none-eabi/9.3.1/../../../../arm-none-eabi/lib/thumb/v7-m/nofp\libc_nano.a(lib_a-stdio.o)
                0x0800c006                __sseek
 .text.__sclose
                0x0800c02a        0x8 c:/tools/gcc/gcc-arm-none-eabi/bin/../lib/gcc/arm-none-eabi/9.3.1/../../../../arm-none-eabi/lib/thumb/v7-m/nofp\libc_nano.a(lib_a-stdio.o)
                0x0800c02a                __sclose
 *fill*         0x0800c032        0x2 
 .text._write_r
                0x0800c034       0x24 c:/tools/gcc/gcc-arm-none-eabi/bin/../lib/gcc/arm-none-eabi/9.3.1/../../../../arm-none-eabi/lib/thumb/v7-m/nofp\libc_nano.a(lib_a-writer.o)
                0x0800c034                _write_r
 .text._close_r
                0x0800c058       0x20 c:/tools/gcc/gcc-arm-none-eabi/bin/../lib/gcc/arm-none-eabi/9.3.1/../../../../arm-none-eabi/lib/thumb/v7-m/nofp\libc_nano.a(lib_a-closer.o)
                0x0800c058                _close_r
 .text._fstat_r
                0x0800c078       0x24 c:/tools/gcc/gcc-arm-none-eabi/bin/../lib/gcc/arm-none-eabi/9.3.1/../../../../arm-none-eabi/lib/thumb/v7-m/nofp\libc_nano.a(lib_a-fstatr.o)
                0x0800c078                _fstat_r
 .text._isatty_r
                0x0800c09c       0x20 c:/tools/gcc/gcc-arm-none-eabi/bin/../lib/gcc/arm-none-eabi/9.3.1/../../../../arm-none-eabi/lib/thumb/v7-m/nofp\libc_nano.a(lib_a-isattyr.o)
                0x0800c09c                _isatty_r
 .text._lseek_r
                0x0800c0bc       0x24 c:/tools/gcc/gcc-arm-none-eabi/bin/../lib/gcc/arm-none-eabi/9.3.1/../../../../arm-none-eabi/lib/thumb/v7-m/nofp\libc_nano.a(lib_a-lseekr.o)
                0x0800c0bc                _lseek_r
 .text._read_r  0x0800c0e0       0x24 c:/tools/gcc/gcc-arm-none-eabi/bin/../lib/gcc/arm-none-eabi/9.3.1/../../../../arm-none-eabi/lib/thumb/v7-m/nofp\libc_nano.a(lib_a-readr.o)
                0x0800c0e0                _read_r
 .text.cos      0x0800c104       0xac c:/tools/gcc/gcc-arm-none-eabi/bin/../lib/gcc/arm-none-eabi/9.3.1/../../../../arm-none-eabi/lib/thumb/v7-m/nofp\libm.a(lib_a-s_cos.o)
                0x0800c104                cos
 .text.sin      0x0800c1b0       0xac c:/tools/gcc/gcc-arm-none-eabi/bin/../lib/gcc/arm-none-eabi/9.3.1/../../../../arm-none-eabi/lib/thumb/v7-m/nofp\libm.a(lib_a-s_sin.o)
                0x0800c1b0                sin
 *fill*         0x0800c25c        0x4 
 .text.__ieee754_rem_pio2
                0x0800c260      0x444 c:/tools/gcc/gcc-arm-none-eabi/bin/../lib/gcc/arm-none-eabi/9.3.1/../../../../arm-none-eabi/lib/thumb/v7-m/nofp\libm.a(lib_a-e_rem_pio2.o)
                0x0800c260                __ieee754_rem_pio2
 *fill*         0x0800c6a4        0x4 
 .text.__kernel_cos
                0x0800c6a8      0x250 c:/tools/gcc/gcc-arm-none-eabi/bin/../lib/gcc/arm-none-eabi/9.3.1/../../../../arm-none-eabi/lib/thumb/v7-m/nofp\libm.a(lib_a-k_cos.o)
                0x0800c6a8                __kernel_cos
 .text.__kernel_rem_pio2
                0x0800c8f8      0x848 c:/tools/gcc/gcc-arm-none-eabi/bin/../lib/gcc/arm-none-eabi/9.3.1/../../../../arm-none-eabi/lib/thumb/v7-m/nofp\libm.a(lib_a-k_rem_pio2.o)
                0x0800c8f8                __kernel_rem_pio2
 .text.__kernel_sin
                0x0800d140      0x184 c:/tools/gcc/gcc-arm-none-eabi/bin/../lib/gcc/arm-none-eabi/9.3.1/../../../../arm-none-eabi/lib/thumb/v7-m/nofp\libm.a(lib_a-k_sin.o)
                0x0800d140                __kernel_sin
 .text.fabs     0x0800d2c4        0x8 c:/tools/gcc/gcc-arm-none-eabi/bin/../lib/gcc/arm-none-eabi/9.3.1/../../../../arm-none-eabi/lib/thumb/v7-m/nofp\libm.a(lib_a-s_fabs.o)
                0x0800d2c4                fabs
 *fill*         0x0800d2cc        0x4 
 .text.floor    0x0800d2d0       0xf8 c:/tools/gcc/gcc-arm-none-eabi/bin/../lib/gcc/arm-none-eabi/9.3.1/../../../../arm-none-eabi/lib/thumb/v7-m/nofp\libm.a(lib_a-s_floor.o)
                0x0800d2d0                floor
 .text.scalbn   0x0800d3c8       0xf4 c:/tools/gcc/gcc-arm-none-eabi/bin/../lib/gcc/arm-none-eabi/9.3.1/../../../../arm-none-eabi/lib/thumb/v7-m/nofp\libm.a(lib_a-s_scalbn.o)
                0x0800d3c8                scalbn
 .text._close   0x0800d4bc       0x10 c:/tools/gcc/gcc-arm-none-eabi/bin/../lib/gcc/arm-none-eabi/9.3.1/../../../../arm-none-eabi/lib/thumb/v7-m/nofp\libnosys.a(close.o)
                0x0800d4bc                _close
 .text._fstat   0x0800d4cc       0x10 c:/tools/gcc/gcc-arm-none-eabi/bin/../lib/gcc/arm-none-eabi/9.3.1/../../../../arm-none-eabi/lib/thumb/v7-m/nofp\libnosys.a(fstat.o)
                0x0800d4cc                _fstat
 .text._getpid  0x0800d4dc       0x10 c:/tools/gcc/gcc-arm-none-eabi/bin/../lib/gcc/arm-none-eabi/9.3.1/../../../../arm-none-eabi/lib/thumb/v7-m/nofp\libnosys.a(getpid.o)
                0x0800d4dc                _getpid
 .text._isatty  0x0800d4ec       0x10 c:/tools/gcc/gcc-arm-none-eabi/bin/../lib/gcc/arm-none-eabi/9.3.1/../../../../arm-none-eabi/lib/thumb/v7-m/nofp\libnosys.a(isatty.o)
                0x0800d4ec                _isatty
 .text._kill    0x0800d4fc       0x10 c:/tools/gcc/gcc-arm-none-eabi/bin/../lib/gcc/arm-none-eabi/9.3.1/../../../../arm-none-eabi/lib/thumb/v7-m/nofp\libnosys.a(kill.o)
                0x0800d4fc                _kill
 .text._lseek   0x0800d50c       0x10 c:/tools/gcc/gcc-arm-none-eabi/bin/../lib/gcc/arm-none-eabi/9.3.1/../../../../arm-none-eabi/lib/thumb/v7-m/nofp\libnosys.a(lseek.o)
                0x0800d50c                _lseek
 .text._read    0x0800d51c       0x10 c:/tools/gcc/gcc-arm-none-eabi/bin/../lib/gcc/arm-none-eabi/9.3.1/../../../../arm-none-eabi/lib/thumb/v7-m/nofp\libnosys.a(read.o)
                0x0800d51c                _read
 .text._sbrk    0x0800d52c       0x1c c:/tools/gcc/gcc-arm-none-eabi/bin/../lib/gcc/arm-none-eabi/9.3.1/../../../../arm-none-eabi/lib/thumb/v7-m/nofp\libnosys.a(sbrk.o)
                0x0800d52c                _sbrk
 .text._write   0x0800d548       0x10 c:/tools/gcc/gcc-arm-none-eabi/bin/../lib/gcc/arm-none-eabi/9.3.1/../../../../arm-none-eabi/lib/thumb/v7-m/nofp\libnosys.a(write.o)
                0x0800d548                _write
 .text._exit    0x0800d558        0x4 c:/tools/gcc/gcc-arm-none-eabi/bin/../lib/gcc/arm-none-eabi/9.3.1/../../../../arm-none-eabi/lib/thumb/v7-m/nofp\libnosys.a(_exit.o)
                0x0800d558                _exit
 *(.glue_7)
 .glue_7        0x0800d55c        0x0 linker stubs
 *(.glue_7t)
 .glue_7t       0x0800d55c        0x0 linker stubs
 *(.eh_frame)
 .eh_frame      0x0800d55c        0x0 c:/tools/gcc/gcc-arm-none-eabi/bin/../lib/gcc/arm-none-eabi/9.3.1/thumb/v7-m/nofp/crtbegin.o
 *(.init)
 .init          0x0800d55c        0x4 c:/tools/gcc/gcc-arm-none-eabi/bin/../lib/gcc/arm-none-eabi/9.3.1/thumb/v7-m/nofp/crti.o
                0x0800d55c                _init
 .init          0x0800d560        0x8 c:/tools/gcc/gcc-arm-none-eabi/bin/../lib/gcc/arm-none-eabi/9.3.1/thumb/v7-m/nofp/crtn.o
 *(.fini)
 .fini          0x0800d568        0x4 c:/tools/gcc/gcc-arm-none-eabi/bin/../lib/gcc/arm-none-eabi/9.3.1/thumb/v7-m/nofp/crti.o
                0x0800d568                _fini
 .fini          0x0800d56c        0x8 c:/tools/gcc/gcc-arm-none-eabi/bin/../lib/gcc/arm-none-eabi/9.3.1/thumb/v7-m/nofp/crtn.o
                0x0800d574                . = ALIGN (0x4)
                0x0800d574                _etext = .

.vfp11_veneer   0x0800d574        0x0
 .vfp11_veneer  0x0800d574        0x0 linker stubs

.v4_bx          0x0800d574        0x0
 .v4_bx         0x0800d574        0x0 linker stubs

.iplt           0x0800d574        0x0
 .iplt          0x0800d574        0x0 c:/tools/gcc/gcc-arm-none-eabi/bin/../lib/gcc/arm-none-eabi/9.3.1/thumb/v7-m/nofp/crtbegin.o

.rodata         0x0800d578     0x5fd0
                0x0800d578                . = ALIGN (0x4)
 *(.rodata)
 .rodata        0x0800d578       0x20 build/main.o
 *(.rodata*)
 .rodata.CLOCK_SetFonts.str1.4
                0x0800d598       0x11 build/main.o
 *fill*         0x0800d5a9        0x3 
 .rodata.CLOCK_SetTimes.str1.4
                0x0800d5ac       0x1a build/main.o
 *fill*         0x0800d5c6        0x2 
 .rodata.CLOCK_Setting.str1.4
                0x0800d5c8       0x5e build/main.o
 *fill*         0x0800d626        0x2 
 .rodata.main.str1.4
                0x0800d628       0xc9 build/main.o
                                 0xd1 (size before relaxing)
 *fill*         0x0800d6f1        0x3 
 .rodata.str1.4
                0x0800d6f4       0x1f build/main.o
 *fill*         0x0800d713        0x1 
 .rodata.MATRIX_pSetupFuncs
                0x0800d714       0x20 build/main.o
 .rodata.cDayOfWeek
                0x0800d734       0x20 build/main.o
 .rodata.FreeMono9pt7b
                0x0800d754        0xc build/matrix.o
                0x0800d754                FreeMono9pt7b
 .rodata.FreeMono9pt7bBitmaps
                0x0800d760      0x34c build/matrix.o
                0x0800d760                FreeMono9pt7bBitmaps
 .rodata.FreeMono9pt7bGlyphs
                0x0800daac      0x2f8 build/matrix.o
                0x0800daac                FreeMono9pt7bGlyphs
 .rodata.FreeSans9pt7b
                0x0800dda4        0xc build/matrix.o
                0x0800dda4                FreeSans9pt7b
 .rodata.FreeSans9pt7bBitmaps
                0x0800ddb0      0x47e build/matrix.o
                0x0800ddb0                FreeSans9pt7bBitmaps
 *fill*         0x0800e22e        0x2 
 .rodata.FreeSans9pt7bGlyphs
                0x0800e230      0x2f8 build/matrix.o
                0x0800e230                FreeSans9pt7bGlyphs
 .rodata.FreeSerif9pt7b
                0x0800e528        0xc build/matrix.o
                0x0800e528                FreeSerif9pt7b
 .rodata.FreeSerif9pt7bBitmaps
                0x0800e534      0x438 build/matrix.o
                0x0800e534                FreeSerif9pt7bBitmaps
 .rodata.FreeSerif9pt7bGlyphs
                0x0800e96c      0x2f8 build/matrix.o
                0x0800e96c                FreeSerif9pt7bGlyphs
 .rodata.FreeSerifBoldItalic12pt7b
                0x0800ec64        0xc build/matrix.o
                0x0800ec64                FreeSerifBoldItalic12pt7b
 .rodata.FreeSerifBoldItalic12pt7bBitmaps
                0x0800ec70      0x8be build/matrix.o
                0x0800ec70                FreeSerifBoldItalic12pt7bBitmaps
 *fill*         0x0800f52e        0x2 
 .rodata.FreeSerifBoldItalic12pt7bGlyphs
                0x0800f530      0x2f8 build/matrix.o
                0x0800f530                FreeSerifBoldItalic12pt7bGlyphs
 .rodata.FreeSerifBoldItalic18pt7b
                0x0800f828        0xc build/matrix.o
                0x0800f828                FreeSerifBoldItalic18pt7b
 .rodata.FreeSerifBoldItalic18pt7bBitmaps
                0x0800f834     0x1282 build/matrix.o
                0x0800f834                FreeSerifBoldItalic18pt7bBitmaps
 *fill*         0x08010ab6        0x2 
 .rodata.FreeSerifBoldItalic18pt7bGlyphs
                0x08010ab8      0x2f8 build/matrix.o
                0x08010ab8                FreeSerifBoldItalic18pt7bGlyphs
 .rodata.Org_01
                0x08010db0        0xc build/matrix.o
                0x08010db0                Org_01
 .rodata.Org_01Bitmaps
                0x08010dbc      0x10f build/matrix.o
                0x08010dbc                Org_01Bitmaps
 *fill*         0x08010ecb        0x1 
 .rodata.Org_01Glyphs
                0x08010ecc      0x2f8 build/matrix.o
                0x08010ecc                Org_01Glyphs
 .rodata.TomThumb
                0x080111c4        0xc build/matrix.o
                0x080111c4                TomThumb
 .rodata.TomThumbBitmaps
                0x080111d0      0x388 build/matrix.o
                0x080111d0                TomThumbBitmaps
 .rodata.TomThumbGlyphs
                0x08011558      0x660 build/matrix.o
                0x08011558                TomThumbGlyphs
 .rodata.gBitMask
                0x08011bb8       0x80 build/matrix.o
 .rodata.gTimeCount
                0x08011c38       0x10 build/matrix.o
                0x08011c38                gTimeCount
 .rodata.u8KeyIR
                0x08011c48       0x13 build/ir1838.o
 *fill*         0x08011c5b        0x1 
 .rodata.gamma_table
                0x08011c5c      0x100 build/gamma.o
                0x08011c5c                gamma_table
 .rodata.font   0x08011d5c      0x500 build/glcdfont.o
                0x08011d5c                font
 .rodata.LUNAR_CALENDAR_LOOKUP_TABLE
                0x0801225c      0xf90 build/amlich.o
                0x0801225c                LUNAR_CALENDAR_LOOKUP_TABLE
 .rodata.APBPrescTable
                0x080131ec        0x8 build/system_stm32f2xx.o
                0x080131ec                APBPrescTable
 .rodata.SD_Driver
                0x080131f4       0x14 build/sd_diskio.o
                0x080131f4                SD_Driver
 .rodata._global_impure_ptr
                0x08013208        0x4 c:/tools/gcc/gcc-arm-none-eabi/bin/../lib/gcc/arm-none-eabi/9.3.1/../../../../arm-none-eabi/lib/thumb/v7-m/nofp\libc_nano.a(lib_a-impure.o)
                0x08013208                _global_impure_ptr
 .rodata.srand.str1.1
                0x0801320c       0x93 c:/tools/gcc/gcc-arm-none-eabi/bin/../lib/gcc/arm-none-eabi/9.3.1/../../../../arm-none-eabi/lib/thumb/v7-m/nofp\libc_nano.a(lib_a-rand.o)
 .rodata.__assert_func.str1.1
                0x0801329f       0x3c c:/tools/gcc/gcc-arm-none-eabi/bin/../lib/gcc/arm-none-eabi/9.3.1/../../../../arm-none-eabi/lib/thumb/v7-m/nofp\libc_nano.a(lib_a-assert.o)
                                 0x3d (size before relaxing)
 .rodata._svfprintf_r.str1.1
                0x080132db       0x11 c:/tools/gcc/gcc-arm-none-eabi/bin/../lib/gcc/arm-none-eabi/9.3.1/../../../../arm-none-eabi/lib/thumb/v7-m/nofp\libc_nano.a(lib_a-nano-svfprintf.o)
 .rodata._vfprintf_r.str1.1
                0x080132ec       0x11 c:/tools/gcc/gcc-arm-none-eabi/bin/../lib/gcc/arm-none-eabi/9.3.1/../../../../arm-none-eabi/lib/thumb/v7-m/nofp\libc_nano.a(lib_a-nano-vfprintf.o)
 .rodata._printf_i.str1.1
                0x080132ec       0x22 c:/tools/gcc/gcc-arm-none-eabi/bin/../lib/gcc/arm-none-eabi/9.3.1/../../../../arm-none-eabi/lib/thumb/v7-m/nofp\libc_nano.a(lib_a-nano-vfprintf_i.o)
 *fill*         0x0801330e        0x2 
 .rodata.__sf_fake_stderr
                0x08013310       0x20 c:/tools/gcc/gcc-arm-none-eabi/bin/../lib/gcc/arm-none-eabi/9.3.1/../../../../arm-none-eabi/lib/thumb/v7-m/nofp\libc_nano.a(lib_a-findfp.o)
                0x08013310                __sf_fake_stderr
 .rodata.__sf_fake_stdin
                0x08013330       0x20 c:/tools/gcc/gcc-arm-none-eabi/bin/../lib/gcc/arm-none-eabi/9.3.1/../../../../arm-none-eabi/lib/thumb/v7-m/nofp\libc_nano.a(lib_a-findfp.o)
                0x08013330                __sf_fake_stdin
 .rodata.__sf_fake_stdout
                0x08013350       0x20 c:/tools/gcc/gcc-arm-none-eabi/bin/../lib/gcc/arm-none-eabi/9.3.1/../../../../arm-none-eabi/lib/thumb/v7-m/nofp\libc_nano.a(lib_a-findfp.o)
                0x08013350                __sf_fake_stdout
 .rodata.npio2_hw
                0x08013370       0x80 c:/tools/gcc/gcc-arm-none-eabi/bin/../lib/gcc/arm-none-eabi/9.3.1/../../../../arm-none-eabi/lib/thumb/v7-m/nofp\libm.a(lib_a-e_rem_pio2.o)
 .rodata.two_over_pi
                0x080133f0      0x108 c:/tools/gcc/gcc-arm-none-eabi/bin/../lib/gcc/arm-none-eabi/9.3.1/../../../../arm-none-eabi/lib/thumb/v7-m/nofp\libm.a(lib_a-e_rem_pio2.o)
 .rodata.PIo2   0x080134f8       0x40 c:/tools/gcc/gcc-arm-none-eabi/bin/../lib/gcc/arm-none-eabi/9.3.1/../../../../arm-none-eabi/lib/thumb/v7-m/nofp\libm.a(lib_a-k_rem_pio2.o)
 .rodata.init_jk
                0x08013538       0x10 c:/tools/gcc/gcc-arm-none-eabi/bin/../lib/gcc/arm-none-eabi/9.3.1/../../../../arm-none-eabi/lib/thumb/v7-m/nofp\libm.a(lib_a-k_rem_pio2.o)
                0x08013548                . = ALIGN (0x4)

.rel.dyn        0x08013548        0x0
 .rel.iplt      0x08013548        0x0 c:/tools/gcc/gcc-arm-none-eabi/bin/../lib/gcc/arm-none-eabi/9.3.1/thumb/v7-m/nofp/crtbegin.o

.ARM.extab
 *(.ARM.extab* .gnu.linkonce.armextab.*)

.ARM            0x08013548        0x0
                0x08013548                __exidx_start = .
 *(.ARM.exidx*)
                0x08013548                __exidx_end = .

.preinit_array  0x08013548        0x0
                0x08013548                PROVIDE (__preinit_array_start = .)
 *(.preinit_array*)
                0x08013548                PROVIDE (__preinit_array_end = .)

.init_array     0x08013548        0x4
                0x08013548                PROVIDE (__init_array_start = .)
 *(SORT_BY_NAME(.init_array.*))
 *(.init_array*)
 .init_array    0x08013548        0x4 c:/tools/gcc/gcc-arm-none-eabi/bin/../lib/gcc/arm-none-eabi/9.3.1/thumb/v7-m/nofp/crtbegin.o
                0x0801354c                PROVIDE (__init_array_end = .)

.fini_array     0x0801354c        0x4
                [!provide]                PROVIDE (__fini_array_start = .)
 *(SORT_BY_NAME(.fini_array.*))
 *(.fini_array*)
 .fini_array    0x0801354c        0x4 c:/tools/gcc/gcc-arm-none-eabi/bin/../lib/gcc/arm-none-eabi/9.3.1/thumb/v7-m/nofp/crtbegin.o
                [!provide]                PROVIDE (__fini_array_end = .)
                0x08013550                _sidata = LOADADDR (.data)

.data           0x20000000       0x84 load address 0x08013550
                0x20000000                . = ALIGN (0x4)
                0x20000000                _sdata = .
 *(.data)
 *(.data*)
 .data.gCurrentMonitor
                0x20000000        0x1 build/main.o
                0x20000000                gCurrentMonitor
 .data.gOldDate
                0x20000001        0x1 build/main.o
 .data.gOldHour
                0x20000002        0x1 build/main.o
 .data.gOldMin  0x20000003        0x1 build/main.o
 .data.gOldMon  0x20000004        0x1 build/main.o
 .data.gOldSec  0x20000005        0x1 build/main.o
 .data.gOldYear
                0x20000006        0x1 build/main.o
 .data.gUpdateTimeFlag
                0x20000007        0x1 build/main.o
 .data.u8IsFirstDraw
                0x20000008        0x1 build/main.o
 .data.u8MaxBrightness
                0x20000009        0x1 build/main.o
 .data.u8MinBrightness
                0x2000000a        0x1 build/main.o
 .data.gFlutterState
                0x2000000b        0x1 build/matrix.o
 .data.gTextSizeX
                0x2000000c        0x1 build/matrix.o
 .data.gTextSizeY
                0x2000000d        0x1 build/matrix.o
 .data.nAudioEndFlag
                0x2000000e        0x1 build/avistream.o
                0x2000000e                nAudioEndFlag
 .data.nAudioFlameEndFlag
                0x2000000f        0x1 build/avistream.o
                0x2000000f                nAudioFlameEndFlag
 .data.SystemCoreClock
                0x20000010        0x4 build/system_stm32f2xx.o
                0x20000010                SystemCoreClock
 .data.uwTickFreq
                0x20000014        0x1 build/stm32f2xx_hal.o
                0x20000014                uwTickFreq
 *fill*         0x20000015        0x3 
 .data.uwTickPrio
                0x20000018        0x4 build/stm32f2xx_hal.o
                0x20000018                uwTickPrio
 .data.Stat     0x2000001c        0x1 build/sd_diskio.o
 *fill*         0x2000001d        0x3 
 .data._impure_ptr
                0x20000020        0x4 c:/tools/gcc/gcc-arm-none-eabi/bin/../lib/gcc/arm-none-eabi/9.3.1/../../../../arm-none-eabi/lib/thumb/v7-m/nofp\libc_nano.a(lib_a-impure.o)
                0x20000020                _impure_ptr
 .data.impure_data
                0x20000024       0x60 c:/tools/gcc/gcc-arm-none-eabi/bin/../lib/gcc/arm-none-eabi/9.3.1/../../../../arm-none-eabi/lib/thumb/v7-m/nofp\libc_nano.a(lib_a-impure.o)
                0x20000084                . = ALIGN (0x4)
                0x20000084                _edata = .

.igot.plt       0x20000084        0x0 load address 0x080135d4
 .igot.plt      0x20000084        0x0 c:/tools/gcc/gcc-arm-none-eabi/bin/../lib/gcc/arm-none-eabi/9.3.1/thumb/v7-m/nofp/crtbegin.o
                0x20000084                . = ALIGN (0x4)

.bss            0x20000088     0xe5e4 load address 0x080135d4
                0x20000088                _sbss = .
                0x20000088                __bss_start__ = _sbss
 *(.bss)
 .bss           0x20000088       0x1c c:/tools/gcc/gcc-arm-none-eabi/bin/../lib/gcc/arm-none-eabi/9.3.1/thumb/v7-m/nofp/crtbegin.o
 *(.bss*)
 .bss.gH_X      0x200000a4        0x1 build/main.o
 .bss.gH_Y      0x200000a5        0x1 build/main.o
 .bss.gM_X      0x200000a6        0x1 build/main.o
 .bss.gM_Y      0x200000a7        0x1 build/main.o
 .bss.gOldDay   0x200000a8        0x1 build/main.o
 .bss.gS_X      0x200000a9        0x1 build/main.o
 .bss.gS_Y      0x200000aa        0x1 build/main.o
 *fill*         0x200000ab        0x1 
 .bss.u16ColorCnt
                0x200000ac        0x2 build/main.o
 *fill*         0x200000ae        0x2 
 .bss.u32BackgroundTick
                0x200000b0        0x4 build/main.o
                0x200000b0                u32BackgroundTick
 .bss.u32ColorTick
                0x200000b4        0x4 build/main.o
                0x200000b4                u32ColorTick
 .bss.u32CursorTick
                0x200000b8        0x4 build/main.o
                0x200000b8                u32CursorTick
 .bss.u32TextTick
                0x200000bc        0x4 build/main.o
                0x200000bc                u32TextTick
 .bss.u8CurPos  0x200000c0        0x1 build/main.o
 .bss.u8LrDate  0x200000c1        0x1 build/main.o
 .bss.u8LrMoth  0x200000c2        0x1 build/main.o
 .bss.u8PixelOff
                0x200000c3        0x1 build/main.o
 .bss.gBitPos   0x200000c4        0x1 build/matrix.o
 .bss.gBrightness
                0x200000c5        0x1 build/matrix.o
 *fill*         0x200000c6        0x2 
 .bss.gCountBit
                0x200000c8        0x4 build/matrix.o
 .bss.gCurrFrame
                0x200000cc        0x1 build/matrix.o
 *fill*         0x200000cd        0x1 
 .bss.gCursorX  0x200000ce        0x2 build/matrix.o
 .bss.gCursorY  0x200000d0        0x2 build/matrix.o
 *fill*         0x200000d2        0x2 
 .bss.gRecordFrame
                0x200000d4      0x800 build/matrix.o
 .bss.gRows     0x200008d4        0x1 build/matrix.o
 *fill*         0x200008d5        0x3 
 .bss.gfxFont   0x200008d8        0x4 build/matrix.o
 .bss.nIRCurrentMode
                0x200008dc        0x1 build/ir1838.o
 *fill*         0x200008dd        0x3 
 .bss.u32CurrData
                0x200008e0        0x4 build/ir1838.o
 .bss.u8CurDatKey
                0x200008e4        0x1 build/ir1838.o
 .bss.u8CurrentBit
                0x200008e5        0x1 build/ir1838.o
 .bss.u8DuplicatedDat
                0x200008e6        0x1 build/ir1838.o
 .bss.u8IRCurrentKey
                0x200008e7        0x1 build/ir1838.o
 .bss.Audio_Buffer
                0x200008e8     0x6400 build/avistream.o
 .bss.nCurrentState
                0x20006ce8        0x1 build/avistream.o
 *fill*         0x20006ce9        0x1 
 .bss.u16AudDatOutCnt.11550
                0x20006cea        0x2 build/avistream.o
 .bss.u16AudioFlameDataCount
                0x20006cec        0x2 build/avistream.o
 .bss.u8AudioChannnelCount
                0x20006cee        0x1 build/avistream.o
 .bss.u8AudioDoubleBuffer
                0x20006cef        0x1 build/avistream.o
 .bss.disk      0x20006cf0        0xc build/ff_gen_drv.o
                0x20006cf0                disk
 .bss.__malloc_free_list
                0x20006cfc        0x4 c:/tools/gcc/gcc-arm-none-eabi/bin/../lib/gcc/arm-none-eabi/9.3.1/../../../../arm-none-eabi/lib/thumb/v7-m/nofp\libc_nano.a(lib_a-nano-mallocr.o)
                0x20006cfc                __malloc_free_list
 .bss.__malloc_sbrk_start
                0x20006d00        0x4 c:/tools/gcc/gcc-arm-none-eabi/bin/../lib/gcc/arm-none-eabi/9.3.1/../../../../arm-none-eabi/lib/thumb/v7-m/nofp\libc_nano.a(lib_a-nano-mallocr.o)
                0x20006d00                __malloc_sbrk_start
 .bss.heap_end.4144
                0x20006d04        0x4 c:/tools/gcc/gcc-arm-none-eabi/bin/../lib/gcc/arm-none-eabi/9.3.1/../../../../arm-none-eabi/lib/thumb/v7-m/nofp\libnosys.a(sbrk.o)
 *(COMMON)
 COMMON         0x20006d08     0x13e9 build/main.o
                0x20006d08                jerr
                0x20006de8                u8Month
                0x20006dec                hi2c2
                0x20006e40                u8Minute
                0x20006e41                u8Year
                0x20006e42                u8Second
                0x20006e44                receive_data
                0x20006e50                cinfo
                0x20007038                dir
                0x20008058                hsd
                0x200080dc                row_stride
                0x200080e0                u8Date
                0x200080e4                send_data
                0x200080eb                u8Hour
                0x200080ec                nRowBuff
                0x200080f0                u8Day
 *fill*         0x200080f1        0x3 
 COMMON         0x200080f4     0x4500 build/matrix.o
                0x200080f4                gMainBuff
                0x2000c0f4                gIsrBuff
 COMMON         0x2000c5f4        0x4 build/stm32f2xx_hal.o
                0x2000c5f4                uwTick
 COMMON         0x2000c5f8     0x2064 build/fatfs.o
                0x2000c5f8                retSD
                0x2000c5fc                SDPath
                0x2000c600                SDFile
                0x2000d62c                SDFatFS
 COMMON         0x2000e65c        0x4 c:/tools/gcc/gcc-arm-none-eabi/bin/../lib/gcc/arm-none-eabi/9.3.1/../../../../arm-none-eabi/lib/thumb/v7-m/nofp\libc_nano.a(lib_a-reent.o)
                0x2000e65c                errno
 COMMON         0x2000e660        0x9 c:/tools/gcc/gcc-arm-none-eabi/bin/../lib/gcc/arm-none-eabi/9.3.1/../../../../arm-none-eabi/lib/thumb/v7-m/nofp\libc_nano.a(lib_a-lock.o)
                0x2000e660                __lock___atexit_recursive_mutex
                0x2000e661                __lock___arc4random_mutex
                0x2000e662                __lock___env_recursive_mutex
                0x2000e663                __lock___sinit_recursive_mutex
                0x2000e664                __lock___malloc_recursive_mutex
                0x2000e665                __lock___at_quick_exit_mutex
                0x2000e666                __lock___dd_hash_mutex
                0x2000e667                __lock___tz_mutex
                0x2000e668                __lock___sfp_recursive_mutex
                0x2000e66c                . = ALIGN (0x4)
 *fill*         0x2000e669        0x3 
                0x2000e66c                _ebss = .
                0x2000e66c                __bss_end__ = _ebss

.user_section
 *(.user_ram)

._user_heap_stack
                0x2000e66c      0x604
                0x2000e670                . = ALIGN (0x8)
 *fill*         0x2000e66c        0x4 
                0x2000e670                PROVIDE (end = .)
                [!provide]                PROVIDE (_end = .)
                0x2000e870                . = (. + _Min_Heap_Size)
 *fill*         0x2000e670      0x200 
                0x2000ec70                . = (. + _Min_Stack_Size)
 *fill*         0x2000e870      0x400 
                0x2000ec70                . = ALIGN (0x8)

/DISCARD/
 libc.a(*)
 libm.a(*)
 libgcc.a(*)

.ARM.attributes
                0x00000000       0x29
 *(.ARM.attributes)
 .ARM.attributes
                0x00000000       0x1d c:/tools/gcc/gcc-arm-none-eabi/bin/../lib/gcc/arm-none-eabi/9.3.1/thumb/v7-m/nofp/crti.o
 .ARM.attributes
                0x0000001d       0x2d c:/tools/gcc/gcc-arm-none-eabi/bin/../lib/gcc/arm-none-eabi/9.3.1/thumb/v7-m/nofp/crtbegin.o
 .ARM.attributes
                0x0000004a       0x29 build/main.o
 .ARM.attributes
                0x00000073       0x29 build/matrix.o
 .ARM.attributes
                0x0000009c       0x29 build/ir1838.o
 .ARM.attributes
                0x000000c5       0x2f build/gamma.o
 .ARM.attributes
                0x000000f4       0x29 build/flash.o
 .ARM.attributes
                0x0000011d       0x2f build/glcdfont.o
 .ARM.attributes
                0x0000014c       0x29 build/amlich.o
 .ARM.attributes
                0x00000175       0x29 build/avistream.o
 .ARM.attributes
                0x0000019e       0x29 build/stm32f2xx_it.o
 .ARM.attributes
                0x000001c7       0x2d build/system_stm32f2xx.o
 .ARM.attributes
                0x000001f4       0x2d build/stm32f2xx_ll_gpio.o
 .ARM.attributes
                0x00000221       0x2d build/stm32f2xx_ll_utils.o
 .ARM.attributes
                0x0000024e       0x2d build/stm32f2xx_ll_exti.o
 .ARM.attributes
                0x0000027b       0x2d build/stm32f2xx_ll_tim.o
 .ARM.attributes
                0x000002a8       0x2d build/stm32f2xx_hal_msp.o
 .ARM.attributes
                0x000002d5       0x2d build/stm32f2xx_hal_i2c.o
 .ARM.attributes
                0x00000302       0x2d build/stm32f2xx_hal.o
 .ARM.attributes
                0x0000032f       0x2d build/stm32f2xx_hal_rcc.o
 .ARM.attributes
                0x0000035c       0x2d build/stm32f2xx_hal_cortex.o
 .ARM.attributes
                0x00000389       0x2d build/stm32f2xx_hal_gpio.o
 .ARM.attributes
                0x000003b6       0x2d build/fatfs.o
 .ARM.attributes
                0x000003e3       0x2d build/libjpeg.o
 .ARM.attributes
                0x00000410       0x2d build/ff_gen_drv.o
 .ARM.attributes
                0x0000043d       0x2d build/bsp_driver_sd.o
 .ARM.attributes
                0x0000046a       0x2d build/fatfs_platform.o
 .ARM.attributes
                0x00000497       0x2d build/stm32f2xx_ll_sdmmc.o
 .ARM.attributes
                0x000004c4       0x2d build/stm32f2xx_hal_sd.o
 .ARM.attributes
                0x000004f1       0x2d build/sd_diskio.o
 .ARM.attributes
                0x0000051e       0x2d build/stm32f2xx_ll_dac.o
 .ARM.attributes
                0x0000054b       0x21 build/startup_stm32f205xx.o
 .ARM.attributes
                0x0000056c       0x2d c:/tools/gcc/gcc-arm-none-eabi/bin/../lib/gcc/arm-none-eabi/9.3.1/../../../../arm-none-eabi/lib/thumb/v7-m/nofp\libc_nano.a(lib_a-impure.o)
 .ARM.attributes
                0x00000599       0x2d c:/tools/gcc/gcc-arm-none-eabi/bin/../lib/gcc/arm-none-eabi/9.3.1/../../../../arm-none-eabi/lib/thumb/v7-m/nofp\libc_nano.a(lib_a-init.o)
 .ARM.attributes
                0x000005c6       0x2d c:/tools/gcc/gcc-arm-none-eabi/bin/../lib/gcc/arm-none-eabi/9.3.1/../../../../arm-none-eabi/lib/thumb/v7-m/nofp\libc_nano.a(lib_a-malloc.o)
 .ARM.attributes
                0x000005f3       0x2d c:/tools/gcc/gcc-arm-none-eabi/bin/../lib/gcc/arm-none-eabi/9.3.1/../../../../arm-none-eabi/lib/thumb/v7-m/nofp\libc_nano.a(lib_a-memcpy-stub.o)
 .ARM.attributes
                0x00000620       0x2d c:/tools/gcc/gcc-arm-none-eabi/bin/../lib/gcc/arm-none-eabi/9.3.1/../../../../arm-none-eabi/lib/thumb/v7-m/nofp\libc_nano.a(lib_a-memmove.o)
 .ARM.attributes
                0x0000064d       0x2d c:/tools/gcc/gcc-arm-none-eabi/bin/../lib/gcc/arm-none-eabi/9.3.1/../../../../arm-none-eabi/lib/thumb/v7-m/nofp\libc_nano.a(lib_a-memset.o)
 .ARM.attributes
                0x0000067a       0x2d c:/tools/gcc/gcc-arm-none-eabi/bin/../lib/gcc/arm-none-eabi/9.3.1/../../../../arm-none-eabi/lib/thumb/v7-m/nofp\libc_nano.a(lib_a-nano-freer.o)
 .ARM.attributes
                0x000006a7       0x2d c:/tools/gcc/gcc-arm-none-eabi/bin/../lib/gcc/arm-none-eabi/9.3.1/../../../../arm-none-eabi/lib/thumb/v7-m/nofp\libc_nano.a(lib_a-nano-mallocr.o)
 .ARM.attributes
                0x000006d4       0x2d c:/tools/gcc/gcc-arm-none-eabi/bin/../lib/gcc/arm-none-eabi/9.3.1/../../../../arm-none-eabi/lib/thumb/v7-m/nofp\libc_nano.a(lib_a-rand.o)
 .ARM.attributes
                0x00000701       0x2d c:/tools/gcc/gcc-arm-none-eabi/bin/../lib/gcc/arm-none-eabi/9.3.1/../../../../arm-none-eabi/lib/thumb/v7-m/nofp\libc_nano.a(lib_a-sbrkr.o)
 .ARM.attributes
                0x0000072e       0x2d c:/tools/gcc/gcc-arm-none-eabi/bin/../lib/gcc/arm-none-eabi/9.3.1/../../../../arm-none-eabi/lib/thumb/v7-m/nofp\libc_nano.a(lib_a-vsprintf.o)
 .ARM.attributes
                0x0000075b       0x2d c:/tools/gcc/gcc-arm-none-eabi/bin/../lib/gcc/arm-none-eabi/9.3.1/../../../../arm-none-eabi/lib/thumb/v7-m/nofp\libc_nano.a(lib_a-assert.o)
 .ARM.attributes
                0x00000788       0x2d c:/tools/gcc/gcc-arm-none-eabi/bin/../lib/gcc/arm-none-eabi/9.3.1/../../../../arm-none-eabi/lib/thumb/v7-m/nofp\libc_nano.a(lib_a-fprintf.o)
 .ARM.attributes
                0x000007b5       0x2d c:/tools/gcc/gcc-arm-none-eabi/bin/../lib/gcc/arm-none-eabi/9.3.1/../../../../arm-none-eabi/lib/thumb/v7-m/nofp\libc_nano.a(lib_a-mlock.o)
 .ARM.attributes
                0x000007e2       0x2d c:/tools/gcc/gcc-arm-none-eabi/bin/../lib/gcc/arm-none-eabi/9.3.1/../../../../arm-none-eabi/lib/thumb/v7-m/nofp\libc_nano.a(lib_a-nano-reallocr.o)
 .ARM.attributes
                0x0000080f       0x2d c:/tools/gcc/gcc-arm-none-eabi/bin/../lib/gcc/arm-none-eabi/9.3.1/../../../../arm-none-eabi/lib/thumb/v7-m/nofp\libc_nano.a(lib_a-nano-svfprintf.o)
 .ARM.attributes
                0x0000083c       0x2d c:/tools/gcc/gcc-arm-none-eabi/bin/../lib/gcc/arm-none-eabi/9.3.1/../../../../arm-none-eabi/lib/thumb/v7-m/nofp\libc_nano.a(lib_a-nano-vfprintf.o)
 .ARM.attributes
                0x00000869       0x2d c:/tools/gcc/gcc-arm-none-eabi/bin/../lib/gcc/arm-none-eabi/9.3.1/../../../../arm-none-eabi/lib/thumb/v7-m/nofp\libc_nano.a(lib_a-nano-vfprintf_i.o)
 .ARM.attributes
                0x00000896       0x2d c:/tools/gcc/gcc-arm-none-eabi/bin/../lib/gcc/arm-none-eabi/9.3.1/../../../../arm-none-eabi/lib/thumb/v7-m/nofp\libc_nano.a(lib_a-reent.o)
 .ARM.attributes
                0x000008c3       0x2d c:/tools/gcc/gcc-arm-none-eabi/bin/../lib/gcc/arm-none-eabi/9.3.1/../../../../arm-none-eabi/lib/thumb/v7-m/nofp\libc_nano.a(lib_a-wbuf.o)
 .ARM.attributes
                0x000008f0       0x2d c:/tools/gcc/gcc-arm-none-eabi/bin/../lib/gcc/arm-none-eabi/9.3.1/../../../../arm-none-eabi/lib/thumb/v7-m/nofp\libc_nano.a(lib_a-wsetup.o)
 .ARM.attributes
                0x0000091d       0x2d c:/tools/gcc/gcc-arm-none-eabi/bin/../lib/gcc/arm-none-eabi/9.3.1/../../../../arm-none-eabi/lib/thumb/v7-m/nofp\libc_nano.a(lib_a-abort.o)
 .ARM.attributes
                0x0000094a       0x2d c:/tools/gcc/gcc-arm-none-eabi/bin/../lib/gcc/arm-none-eabi/9.3.1/../../../../arm-none-eabi/lib/thumb/v7-m/nofp\libc_nano.a(lib_a-fflush.o)
 .ARM.attributes
                0x00000977       0x2d c:/tools/gcc/gcc-arm-none-eabi/bin/../lib/gcc/arm-none-eabi/9.3.1/../../../../arm-none-eabi/lib/thumb/v7-m/nofp\libc_nano.a(lib_a-findfp.o)
 .ARM.attributes
                0x000009a4       0x2d c:/tools/gcc/gcc-arm-none-eabi/bin/../lib/gcc/arm-none-eabi/9.3.1/../../../../arm-none-eabi/lib/thumb/v7-m/nofp\libc_nano.a(lib_a-fwalk.o)
 .ARM.attributes
                0x000009d1       0x2d c:/tools/gcc/gcc-arm-none-eabi/bin/../lib/gcc/arm-none-eabi/9.3.1/../../../../arm-none-eabi/lib/thumb/v7-m/nofp\libc_nano.a(lib_a-lock.o)
 .ARM.attributes
                0x000009fe       0x2d c:/tools/gcc/gcc-arm-none-eabi/bin/../lib/gcc/arm-none-eabi/9.3.1/../../../../arm-none-eabi/lib/thumb/v7-m/nofp\libc_nano.a(lib_a-makebuf.o)
 .ARM.attributes
                0x00000a2b       0x2d c:/tools/gcc/gcc-arm-none-eabi/bin/../lib/gcc/arm-none-eabi/9.3.1/../../../../arm-none-eabi/lib/thumb/v7-m/nofp\libc_nano.a(lib_a-memchr-stub.o)
 .ARM.attributes
                0x00000a58       0x2d c:/tools/gcc/gcc-arm-none-eabi/bin/../lib/gcc/arm-none-eabi/9.3.1/../../../../arm-none-eabi/lib/thumb/v7-m/nofp\libc_nano.a(lib_a-nano-msizer.o)
 .ARM.attributes
                0x00000a85       0x2d c:/tools/gcc/gcc-arm-none-eabi/bin/../lib/gcc/arm-none-eabi/9.3.1/../../../../arm-none-eabi/lib/thumb/v7-m/nofp\libc_nano.a(lib_a-signal.o)
 .ARM.attributes
                0x00000ab2       0x2d c:/tools/gcc/gcc-arm-none-eabi/bin/../lib/gcc/arm-none-eabi/9.3.1/../../../../arm-none-eabi/lib/thumb/v7-m/nofp\libc_nano.a(lib_a-signalr.o)
 .ARM.attributes
                0x00000adf       0x2d c:/tools/gcc/gcc-arm-none-eabi/bin/../lib/gcc/arm-none-eabi/9.3.1/../../../../arm-none-eabi/lib/thumb/v7-m/nofp\libc_nano.a(lib_a-stdio.o)
 .ARM.attributes
                0x00000b0c       0x2d c:/tools/gcc/gcc-arm-none-eabi/bin/../lib/gcc/arm-none-eabi/9.3.1/../../../../arm-none-eabi/lib/thumb/v7-m/nofp\libc_nano.a(lib_a-writer.o)
 .ARM.attributes
                0x00000b39       0x2d c:/tools/gcc/gcc-arm-none-eabi/bin/../lib/gcc/arm-none-eabi/9.3.1/../../../../arm-none-eabi/lib/thumb/v7-m/nofp\libc_nano.a(lib_a-closer.o)
 .ARM.attributes
                0x00000b66       0x2d c:/tools/gcc/gcc-arm-none-eabi/bin/../lib/gcc/arm-none-eabi/9.3.1/../../../../arm-none-eabi/lib/thumb/v7-m/nofp\libc_nano.a(lib_a-fstatr.o)
 .ARM.attributes
                0x00000b93       0x2d c:/tools/gcc/gcc-arm-none-eabi/bin/../lib/gcc/arm-none-eabi/9.3.1/../../../../arm-none-eabi/lib/thumb/v7-m/nofp\libc_nano.a(lib_a-isattyr.o)
 .ARM.attributes
                0x00000bc0       0x2d c:/tools/gcc/gcc-arm-none-eabi/bin/../lib/gcc/arm-none-eabi/9.3.1/../../../../arm-none-eabi/lib/thumb/v7-m/nofp\libc_nano.a(lib_a-lseekr.o)
 .ARM.attributes
                0x00000bed       0x2d c:/tools/gcc/gcc-arm-none-eabi/bin/../lib/gcc/arm-none-eabi/9.3.1/../../../../arm-none-eabi/lib/thumb/v7-m/nofp\libc_nano.a(lib_a-readr.o)
 .ARM.attributes
                0x00000c1a       0x2d c:/tools/gcc/gcc-arm-none-eabi/bin/../lib/gcc/arm-none-eabi/9.3.1/../../../../arm-none-eabi/lib/thumb/v7-m/nofp\libm.a(lib_a-s_cos.o)
 .ARM.attributes
                0x00000c47       0x2d c:/tools/gcc/gcc-arm-none-eabi/bin/../lib/gcc/arm-none-eabi/9.3.1/../../../../arm-none-eabi/lib/thumb/v7-m/nofp\libm.a(lib_a-s_sin.o)
 .ARM.attributes
                0x00000c74       0x2d c:/tools/gcc/gcc-arm-none-eabi/bin/../lib/gcc/arm-none-eabi/9.3.1/../../../../arm-none-eabi/lib/thumb/v7-m/nofp\libm.a(lib_a-e_rem_pio2.o)
 .ARM.attributes
                0x00000ca1       0x2d c:/tools/gcc/gcc-arm-none-eabi/bin/../lib/gcc/arm-none-eabi/9.3.1/../../../../arm-none-eabi/lib/thumb/v7-m/nofp\libm.a(lib_a-k_cos.o)
 .ARM.attributes
                0x00000cce       0x2d c:/tools/gcc/gcc-arm-none-eabi/bin/../lib/gcc/arm-none-eabi/9.3.1/../../../../arm-none-eabi/lib/thumb/v7-m/nofp\libm.a(lib_a-k_rem_pio2.o)
 .ARM.attributes
                0x00000cfb       0x2d c:/tools/gcc/gcc-arm-none-eabi/bin/../lib/gcc/arm-none-eabi/9.3.1/../../../../arm-none-eabi/lib/thumb/v7-m/nofp\libm.a(lib_a-k_sin.o)
 .ARM.attributes
                0x00000d28       0x2d c:/tools/gcc/gcc-arm-none-eabi/bin/../lib/gcc/arm-none-eabi/9.3.1/../../../../arm-none-eabi/lib/thumb/v7-m/nofp\libm.a(lib_a-s_fabs.o)
 .ARM.attributes
                0x00000d55       0x2d c:/tools/gcc/gcc-arm-none-eabi/bin/../lib/gcc/arm-none-eabi/9.3.1/../../../../arm-none-eabi/lib/thumb/v7-m/nofp\libm.a(lib_a-s_floor.o)
 .ARM.attributes
                0x00000d82       0x2d c:/tools/gcc/gcc-arm-none-eabi/bin/../lib/gcc/arm-none-eabi/9.3.1/../../../../arm-none-eabi/lib/thumb/v7-m/nofp\libm.a(lib_a-s_scalbn.o)
 .ARM.attributes
                0x00000daf       0x2d c:/tools/gcc/gcc-arm-none-eabi/bin/../lib/gcc/arm-none-eabi/9.3.1/../../../../arm-none-eabi/lib/thumb/v7-m/nofp\libnosys.a(close.o)
 .ARM.attributes
                0x00000ddc       0x2d c:/tools/gcc/gcc-arm-none-eabi/bin/../lib/gcc/arm-none-eabi/9.3.1/../../../../arm-none-eabi/lib/thumb/v7-m/nofp\libnosys.a(fstat.o)
 .ARM.attributes
                0x00000e09       0x2d c:/tools/gcc/gcc-arm-none-eabi/bin/../lib/gcc/arm-none-eabi/9.3.1/../../../../arm-none-eabi/lib/thumb/v7-m/nofp\libnosys.a(getpid.o)
 .ARM.attributes
                0x00000e36       0x2d c:/tools/gcc/gcc-arm-none-eabi/bin/../lib/gcc/arm-none-eabi/9.3.1/../../../../arm-none-eabi/lib/thumb/v7-m/nofp\libnosys.a(isatty.o)
 .ARM.attributes
                0x00000e63       0x2d c:/tools/gcc/gcc-arm-none-eabi/bin/../lib/gcc/arm-none-eabi/9.3.1/../../../../arm-none-eabi/lib/thumb/v7-m/nofp\libnosys.a(kill.o)
 .ARM.attributes
                0x00000e90       0x2d c:/tools/gcc/gcc-arm-none-eabi/bin/../lib/gcc/arm-none-eabi/9.3.1/../../../../arm-none-eabi/lib/thumb/v7-m/nofp\libnosys.a(lseek.o)
 .ARM.attributes
                0x00000ebd       0x2d c:/tools/gcc/gcc-arm-none-eabi/bin/../lib/gcc/arm-none-eabi/9.3.1/../../../../arm-none-eabi/lib/thumb/v7-m/nofp\libnosys.a(read.o)
 .ARM.attributes
                0x00000eea       0x2d c:/tools/gcc/gcc-arm-none-eabi/bin/../lib/gcc/arm-none-eabi/9.3.1/../../../../arm-none-eabi/lib/thumb/v7-m/nofp\libnosys.a(sbrk.o)
 .ARM.attributes
                0x00000f17       0x2d c:/tools/gcc/gcc-arm-none-eabi/bin/../lib/gcc/arm-none-eabi/9.3.1/../../../../arm-none-eabi/lib/thumb/v7-m/nofp\libnosys.a(write.o)
 .ARM.attributes
                0x00000f44       0x2d c:/tools/gcc/gcc-arm-none-eabi/bin/../lib/gcc/arm-none-eabi/9.3.1/../../../../arm-none-eabi/lib/thumb/v7-m/nofp\libnosys.a(_exit.o)
 .ARM.attributes
                0x00000f71       0x1d c:/tools/gcc/gcc-arm-none-eabi/bin/../lib/gcc/arm-none-eabi/9.3.1/thumb/v7-m/nofp\libgcc.a(_arm_addsubdf3.o)
 .ARM.attributes
                0x00000f8e       0x1d c:/tools/gcc/gcc-arm-none-eabi/bin/../lib/gcc/arm-none-eabi/9.3.1/thumb/v7-m/nofp\libgcc.a(_arm_muldivdf3.o)
 .ARM.attributes
                0x00000fab       0x1d c:/tools/gcc/gcc-arm-none-eabi/bin/../lib/gcc/arm-none-eabi/9.3.1/thumb/v7-m/nofp\libgcc.a(_arm_cmpdf2.o)
 .ARM.attributes
                0x00000fc8       0x1d c:/tools/gcc/gcc-arm-none-eabi/bin/../lib/gcc/arm-none-eabi/9.3.1/thumb/v7-m/nofp\libgcc.a(_arm_fixdfsi.o)
 .ARM.attributes
                0x00000fe5       0x1d c:/tools/gcc/gcc-arm-none-eabi/bin/../lib/gcc/arm-none-eabi/9.3.1/thumb/v7-m/nofp\libgcc.a(_arm_fixunsdfsi.o)
 .ARM.attributes
                0x00001002       0x1d c:/tools/gcc/gcc-arm-none-eabi/bin/../lib/gcc/arm-none-eabi/9.3.1/thumb/v7-m/nofp\libgcc.a(_arm_addsubsf3.o)
 .ARM.attributes
                0x0000101f       0x1d c:/tools/gcc/gcc-arm-none-eabi/bin/../lib/gcc/arm-none-eabi/9.3.1/thumb/v7-m/nofp\libgcc.a(_arm_muldivsf3.o)
 .ARM.attributes
                0x0000103c       0x1d c:/tools/gcc/gcc-arm-none-eabi/bin/../lib/gcc/arm-none-eabi/9.3.1/thumb/v7-m/nofp\libgcc.a(_arm_fixunssfsi.o)
 .ARM.attributes
                0x00001059       0x1d c:/tools/gcc/gcc-arm-none-eabi/bin/../lib/gcc/arm-none-eabi/9.3.1/thumb/v7-m/nofp/crtn.o
OUTPUT(build/CLOCK_F205.elf elf32-littlearm)
LOAD linker stubs
LOAD c:/tools/gcc/gcc-arm-none-eabi/bin/../lib/gcc/arm-none-eabi/9.3.1/../../../../arm-none-eabi/lib/thumb/v7-m/nofp\libc.a
LOAD c:/tools/gcc/gcc-arm-none-eabi/bin/../lib/gcc/arm-none-eabi/9.3.1/../../../../arm-none-eabi/lib/thumb/v7-m/nofp\libm.a
LOAD c:/tools/gcc/gcc-arm-none-eabi/bin/../lib/gcc/arm-none-eabi/9.3.1/thumb/v7-m/nofp\libgcc.a

.comment        0x00000000       0x4c
 .comment       0x00000000       0x4c build/main.o
                                 0x4d (size before relaxing)
 .comment       0x0000004c       0x4d build/matrix.o
 .comment       0x0000004c       0x4d build/ir1838.o
 .comment       0x0000004c       0x4d build/gamma.o
 .comment       0x0000004c       0x4d build/flash.o
 .comment       0x0000004c       0x4d build/glcdfont.o
 .comment       0x0000004c       0x4d build/amlich.o
 .comment       0x0000004c       0x4d build/avistream.o
 .comment       0x0000004c       0x4d build/stm32f2xx_it.o
 .comment       0x0000004c       0x4d build/system_stm32f2xx.o
 .comment       0x0000004c       0x4d build/stm32f2xx_ll_gpio.o
 .comment       0x0000004c       0x4d build/stm32f2xx_ll_utils.o
 .comment       0x0000004c       0x4d build/stm32f2xx_ll_exti.o
 .comment       0x0000004c       0x4d build/stm32f2xx_ll_tim.o
 .comment       0x0000004c       0x4d build/stm32f2xx_hal_msp.o
 .comment       0x0000004c       0x4d build/stm32f2xx_hal_i2c.o
 .comment       0x0000004c       0x4d build/stm32f2xx_hal.o
 .comment       0x0000004c       0x4d build/stm32f2xx_hal_rcc.o
 .comment       0x0000004c       0x4d build/stm32f2xx_hal_cortex.o
 .comment       0x0000004c       0x4d build/stm32f2xx_hal_gpio.o
 .comment       0x0000004c       0x4d build/fatfs.o
 .comment       0x0000004c       0x4d build/libjpeg.o
 .comment       0x0000004c       0x4d build/ff_gen_drv.o
 .comment       0x0000004c       0x4d build/bsp_driver_sd.o
 .comment       0x0000004c       0x4d build/fatfs_platform.o
 .comment       0x0000004c       0x4d build/stm32f2xx_ll_sdmmc.o
 .comment       0x0000004c       0x4d build/stm32f2xx_hal_sd.o
 .comment       0x0000004c       0x4d build/sd_diskio.o
 .comment       0x0000004c       0x4d build/stm32f2xx_ll_dac.o

.debug_frame    0x00000000     0x117c
 .debug_frame   0x00000000       0x2c c:/tools/gcc/gcc-arm-none-eabi/bin/../lib/gcc/arm-none-eabi/9.3.1/../../../../arm-none-eabi/lib/thumb/v7-m/nofp\libc_nano.a(lib_a-init.o)